============================= test session starts =============================
platform win32 -- Python 3.12.0, pytest-9.1.1, pluggy-1.6.0 -- C:\resume-analyzer\.venv\Scripts\python.exe
cachedir: .pytest_cache
django: version: 6.1, settings: resumeanalyzer.settings (from ini)
rootdir: C:\resume-analyzer
configfile: pytest.ini
plugins: anyio-4.14.2, cov-7.1.0, django-4.14.0
collecting ... collected 17 items

resumes/tests/test_models.py::test_job_description_str_uses_title ERROR  [  5%]
resumes/tests/test_models.py::test_analysis_default_status_is_pending ERROR [ 11%]
resumes/tests/test_models.py::test_analysis_missing_keywords_defaults_to_empty_list ERROR [ 17%]
resumes/tests/test_views.py::test_register_creates_user_and_returns_token ERROR [ 23%]
resumes/tests/test_views.py::test_register_duplicate_username_fails ERROR [ 29%]
resumes/tests/test_views.py::test_login_with_correct_credentials_returns_token ERROR [ 35%]
resumes/tests/test_views.py::test_login_with_wrong_password_fails ERROR  [ 41%]
resumes/tests/test_views.py::test_resume_upload_requires_authentication ERROR [ 47%]
resumes/tests/test_views.py::test_resume_upload_extracts_text ERROR      [ 52%]
resumes/tests/test_views.py::test_analysis_full_flow ERROR               [ 58%]
resumes/tests/test_views.py::test_user_cannot_see_another_users_resume ERROR [ 64%]
resumes/tests/test_scoring.py::test_perfect_match PASSED                 [ 70%]
resumes/tests/test_scoring.py::test_partial_match PASSED                 [ 76%]
resumes/tests/test_scoring.py::test_no_match PASSED                      [ 82%]
resumes/tests/test_scoring.py::test_jd_with_no_recognized_skills_returns_full_score PASSED [ 88%]
resumes/tests/test_scoring.py::test_case_insensitive_matching PASSED     [ 94%]
resumes/tests/test_scoring.py::test_multiword_skill_matches_correctly PASSED [100%]

=================================== ERRORS ====================================
____________ ERROR at setup of test_job_description_str_uses_title ____________

self = <DatabaseWrapper vendor='postgresql' alias='__no_db__'>

    @async_unsafe
    def ensure_connection(self):
        """Guarantee that a connection to the database is established."""
        if self.connection is None:
            if self.in_atomic_block and self.closed_in_transaction:
                raise ProgrammingError(
                    "Cannot open a new connection in an atomic block."
                )
            with self.wrap_database_errors:
>               self.connect()

.venv\Lib\site-packages\django\db\backends\base\base.py:279: 
_ _ _ _ _ _ _ _ _ _ _ _ _ _ _ _ _ _ _ _ _ _ _ _ _ _ _ _ _ _ _ _ _ _ _ _ _ _ _ _
.venv\Lib\site-packages\django\utils\asyncio.py:26: in inner
    return func(*args, **kwargs)
           ^^^^^^^^^^^^^^^^^^^^^
.venv\Lib\site-packages\django\db\backends\base\base.py:256: in connect
    self.connection = self.get_new_connection(conn_params)
                      ^^^^^^^^^^^^^^^^^^^^^^^^^^^^^^^^^^^^
.venv\Lib\site-packages\django\utils\asyncio.py:26: in inner
    return func(*args, **kwargs)
           ^^^^^^^^^^^^^^^^^^^^^
.venv\Lib\site-packages\django\db\backends\postgresql\base.py:345: in get_new_connection
    connection = self.Database.connect(**conn_params)
                 ^^^^^^^^^^^^^^^^^^^^^^^^^^^^^^^^^^^^
_ _ _ _ _ _ _ _ _ _ _ _ _ _ _ _ _ _ _ _ _ _ _ _ _ _ _ _ _ _ _ _ _ _ _ _ _ _ _ _

dsn = 'dbname=postgres sslmode=require channel_binding=require client_encoding=UTF8 user=neondb_owner password=npg_GHWh56pulnor host=ep-holy-star-aznl4z4j-pooler.c-3.ap-southeast-1.aws.neon.tech'
connection_factory = None, cursor_factory = <class 'psycopg2.extensions.cursor'>
kwargs = {'dbname': 'postgres', 'sslmode': 'require', 'channel_binding': 'require', 'client_encoding': 'UTF8', ...}

    def connect(dsn=None, connection_factory=None, cursor_factory=None, **kwargs):
        """
        Create a new database connection.
    
        The connection parameters can be specified as a string:
    
            conn = psycopg2.connect("dbname=test user=postgres password=secret")
    
        or using a set of keyword arguments:
    
            conn = psycopg2.connect(database="test", user="postgres", password="secret")
    
        Or as a mix of both. The basic connection parameters are:
    
        - *dbname*: the database name
        - *database*: the database name (only as keyword argument)
        - *user*: user name used to authenticate
        - *password*: password used to authenticate
        - *host*: database host address (defaults to UNIX socket if not provided)
        - *port*: connection port number (defaults to 5432 if not provided)
    
        Using the *connection_factory* parameter a different class or connections
        factory can be specified. It should be a callable object taking a dsn
        argument.
    
        Using the *cursor_factory* parameter, a new default cursor factory will be
        used by cursor().
    
        Using *async*=True an asynchronous connection will be created. *async_* is
        a valid alias (for Python versions where ``async`` is a keyword).
    
        Any other keyword parameter will be passed to the underlying client
        library: the list of supported parameters depends on the library version.
    
        """
        kwasync = {}
        if 'async' in kwargs:
            kwasync['async'] = kwargs.pop('async')
        if 'async_' in kwargs:
            kwasync['async_'] = kwargs.pop('async_')
    
        dsn = _ext.make_dsn(dsn, **kwargs)
>       conn = _connect(dsn, connection_factory=connection_factory, **kwasync)
               ^^^^^^^^^^^^^^^^^^^^^^^^^^^^^^^^^^^^^^^^^^^^^^^^^^^^^^^^^^^^^^^
E       psycopg2.OperationalError: could not translate host name "ep-holy-star-aznl4z4j-pooler.c-3.ap-southeast-1.aws.neon.tech" to address: Name or service not known

.venv\Lib\site-packages\psycopg2\__init__.py:135: OperationalError

The above exception was the direct cause of the following exception:

self = <DatabaseWrapper vendor='postgresql' alias='default'>

    @contextmanager
    def _nodb_cursor(self):
        cursor = None
        try:
>           with super()._nodb_cursor() as cursor:

.venv\Lib\site-packages\django\db\backends\postgresql\base.py:520: 
_ _ _ _ _ _ _ _ _ _ _ _ _ _ _ _ _ _ _ _ _ _ _ _ _ _ _ _ _ _ _ _ _ _ _ _ _ _ _ _
C:\Users\THAMEEM ANSARI\AppData\Local\Programs\Python\Python312\Lib\contextlib.py:137: in __enter__
    return next(self.gen)
           ^^^^^^^^^^^^^^
.venv\Lib\site-packages\django\db\backends\base\base.py:712: in _nodb_cursor
    with conn.cursor() as cursor:
         ^^^^^^^^^^^^^
.venv\Lib\site-packages\django\utils\asyncio.py:26: in inner
    return func(*args, **kwargs)
           ^^^^^^^^^^^^^^^^^^^^^
.venv\Lib\site-packages\django\db\backends\base\base.py:320: in cursor
    return self._cursor()
           ^^^^^^^^^^^^^^
.venv\Lib\site-packages\django\db\backends\base\base.py:296: in _cursor
    self.ensure_connection()
.venv\Lib\site-packages\django\utils\asyncio.py:26: in inner
    return func(*args, **kwargs)
           ^^^^^^^^^^^^^^^^^^^^^
.venv\Lib\site-packages\django\db\backends\base\base.py:278: in ensure_connection
    with self.wrap_database_errors:
.venv\Lib\site-packages\django\db\utils.py:94: in __exit__
    raise dj_exc_value.with_traceback(traceback) from exc_value
.venv\Lib\site-packages\django\db\backends\base\base.py:279: in ensure_connection
    self.connect()
.venv\Lib\site-packages\django\utils\asyncio.py:26: in inner
    return func(*args, **kwargs)
           ^^^^^^^^^^^^^^^^^^^^^
.venv\Lib\site-packages\django\db\backends\base\base.py:256: in connect
    self.connection = self.get_new_connection(conn_params)
                      ^^^^^^^^^^^^^^^^^^^^^^^^^^^^^^^^^^^^
.venv\Lib\site-packages\django\utils\asyncio.py:26: in inner
    return func(*args, **kwargs)
           ^^^^^^^^^^^^^^^^^^^^^
.venv\Lib\site-packages\django\db\backends\postgresql\base.py:345: in get_new_connection
    connection = self.Database.connect(**conn_params)
                 ^^^^^^^^^^^^^^^^^^^^^^^^^^^^^^^^^^^^
_ _ _ _ _ _ _ _ _ _ _ _ _ _ _ _ _ _ _ _ _ _ _ _ _ _ _ _ _ _ _ _ _ _ _ _ _ _ _ _

dsn = 'dbname=postgres sslmode=require channel_binding=require client_encoding=UTF8 user=neondb_owner password=npg_GHWh56pulnor host=ep-holy-star-aznl4z4j-pooler.c-3.ap-southeast-1.aws.neon.tech'
connection_factory = None, cursor_factory = <class 'psycopg2.extensions.cursor'>
kwargs = {'dbname': 'postgres', 'sslmode': 'require', 'channel_binding': 'require', 'client_encoding': 'UTF8', ...}

    def connect(dsn=None, connection_factory=None, cursor_factory=None, **kwargs):
        """
        Create a new database connection.
    
        The connection parameters can be specified as a string:
    
            conn = psycopg2.connect("dbname=test user=postgres password=secret")
    
        or using a set of keyword arguments:
    
            conn = psycopg2.connect(database="test", user="postgres", password="secret")
    
        Or as a mix of both. The basic connection parameters are:
    
        - *dbname*: the database name
        - *database*: the database name (only as keyword argument)
        - *user*: user name used to authenticate
        - *password*: password used to authenticate
        - *host*: database host address (defaults to UNIX socket if not provided)
        - *port*: connection port number (defaults to 5432 if not provided)
    
        Using the *connection_factory* parameter a different class or connections
        factory can be specified. It should be a callable object taking a dsn
        argument.
    
        Using the *cursor_factory* parameter, a new default cursor factory will be
        used by cursor().
    
        Using *async*=True an asynchronous connection will be created. *async_* is
        a valid alias (for Python versions where ``async`` is a keyword).
    
        Any other keyword parameter will be passed to the underlying client
        library: the list of supported parameters depends on the library version.
    
        """
        kwasync = {}
        if 'async' in kwargs:
            kwasync['async'] = kwargs.pop('async')
        if 'async_' in kwargs:
            kwasync['async_'] = kwargs.pop('async_')
    
        dsn = _ext.make_dsn(dsn, **kwargs)
>       conn = _connect(dsn, connection_factory=connection_factory, **kwasync)
               ^^^^^^^^^^^^^^^^^^^^^^^^^^^^^^^^^^^^^^^^^^^^^^^^^^^^^^^^^^^^^^^
E       django.db.utils.OperationalError: could not translate host name "ep-holy-star-aznl4z4j-pooler.c-3.ap-southeast-1.aws.neon.tech" to address: Name or service not known

.venv\Lib\site-packages\psycopg2\__init__.py:135: OperationalError

During handling of the above exception, another exception occurred:

self = <DatabaseWrapper vendor='postgresql' alias='default'>

    @async_unsafe
    def ensure_connection(self):
        """Guarantee that a connection to the database is established."""
        if self.connection is None:
            if self.in_atomic_block and self.closed_in_transaction:
                raise ProgrammingError(
                    "Cannot open a new connection in an atomic block."
                )
            with self.wrap_database_errors:
>               self.connect()

.venv\Lib\site-packages\django\db\backends\base\base.py:279: 
_ _ _ _ _ _ _ _ _ _ _ _ _ _ _ _ _ _ _ _ _ _ _ _ _ _ _ _ _ _ _ _ _ _ _ _ _ _ _ _
.venv\Lib\site-packages\django\utils\asyncio.py:26: in inner
    return func(*args, **kwargs)
           ^^^^^^^^^^^^^^^^^^^^^
.venv\Lib\site-packages\django\db\backends\base\base.py:256: in connect
    self.connection = self.get_new_connection(conn_params)
                      ^^^^^^^^^^^^^^^^^^^^^^^^^^^^^^^^^^^^
.venv\Lib\site-packages\django\utils\asyncio.py:26: in inner
    return func(*args, **kwargs)
           ^^^^^^^^^^^^^^^^^^^^^
.venv\Lib\site-packages\django\db\backends\postgresql\base.py:345: in get_new_connection
    connection = self.Database.connect(**conn_params)
                 ^^^^^^^^^^^^^^^^^^^^^^^^^^^^^^^^^^^^
_ _ _ _ _ _ _ _ _ _ _ _ _ _ _ _ _ _ _ _ _ _ _ _ _ _ _ _ _ _ _ _ _ _ _ _ _ _ _ _

dsn = 'dbname=neondb sslmode=require channel_binding=require client_encoding=UTF8 user=neondb_owner password=npg_GHWh56pulnor host=ep-holy-star-aznl4z4j-pooler.c-3.ap-southeast-1.aws.neon.tech'
connection_factory = None, cursor_factory = <class 'psycopg2.extensions.cursor'>
kwargs = {'dbname': 'neondb', 'sslmode': 'require', 'channel_binding': 'require', 'client_encoding': 'UTF8', ...}

    def connect(dsn=None, connection_factory=None, cursor_factory=None, **kwargs):
        """
        Create a new database connection.
    
        The connection parameters can be specified as a string:
    
            conn = psycopg2.connect("dbname=test user=postgres password=secret")
    
        or using a set of keyword arguments:
    
            conn = psycopg2.connect(database="test", user="postgres", password="secret")
    
        Or as a mix of both. The basic connection parameters are:
    
        - *dbname*: the database name
        - *database*: the database name (only as keyword argument)
        - *user*: user name used to authenticate
        - *password*: password used to authenticate
        - *host*: database host address (defaults to UNIX socket if not provided)
        - *port*: connection port number (defaults to 5432 if not provided)
    
        Using the *connection_factory* parameter a different class or connections
        factory can be specified. It should be a callable object taking a dsn
        argument.
    
        Using the *cursor_factory* parameter, a new default cursor factory will be
        used by cursor().
    
        Using *async*=True an asynchronous connection will be created. *async_* is
        a valid alias (for Python versions where ``async`` is a keyword).
    
        Any other keyword parameter will be passed to the underlying client
        library: the list of supported parameters depends on the library version.
    
        """
        kwasync = {}
        if 'async' in kwargs:
            kwasync['async'] = kwargs.pop('async')
        if 'async_' in kwargs:
            kwasync['async_'] = kwargs.pop('async_')
    
        dsn = _ext.make_dsn(dsn, **kwargs)
>       conn = _connect(dsn, connection_factory=connection_factory, **kwasync)
               ^^^^^^^^^^^^^^^^^^^^^^^^^^^^^^^^^^^^^^^^^^^^^^^^^^^^^^^^^^^^^^^
E       psycopg2.OperationalError: could not translate host name "ep-holy-star-aznl4z4j-pooler.c-3.ap-southeast-1.aws.neon.tech" to address: Name or service not known

.venv\Lib\site-packages\psycopg2\__init__.py:135: OperationalError

The above exception was the direct cause of the following exception:

request = <SubRequest 'django_db_setup' for <Function test_job_description_str_uses_title>>
django_test_environment = None
django_db_blocker = <pytest_django.plugin.DjangoDbBlocker object at 0x000001816F2DAB40>
django_db_use_migrations = True, django_db_keepdb = True
django_db_createdb = False, django_db_modify_db_settings = None

    @pytest.fixture(scope="session")
    def django_db_setup(  # noqa: PLR0917
        request: pytest.FixtureRequest,
        django_test_environment: None,  # noqa: ARG001
        django_db_blocker: DjangoDbBlocker,
        django_db_use_migrations: bool,
        django_db_keepdb: bool,
        django_db_createdb: bool,
        django_db_modify_db_settings: None,  # noqa: ARG001
    ) -> Generator[None]:
        """Top level fixture to ensure test databases are available"""
        from django.test.utils import setup_databases, teardown_databases
    
        setup_databases_args = {}
    
        if not django_db_use_migrations:
            _disable_migrations()
    
        if django_db_keepdb and not django_db_createdb:
            setup_databases_args["keepdb"] = True
    
        aliases, serialized_aliases = _get_databases_for_setup(request.session.items)
    
        with django_db_blocker.unblock():
>           db_cfg = setup_databases(
                verbosity=request.config.option.verbose,
                interactive=False,
                aliases=aliases,
                serialized_aliases=serialized_aliases,
                **setup_databases_args,
            )

.venv\Lib\site-packages\pytest_django\fixtures.py:186: 
_ _ _ _ _ _ _ _ _ _ _ _ _ _ _ _ _ _ _ _ _ _ _ _ _ _ _ _ _ _ _ _ _ _ _ _ _ _ _ _
.venv\Lib\site-packages\django\test\utils.py:220: in setup_databases
    connection.creation.create_test_db(
.venv\Lib\site-packages\django\db\backends\base\creation.py:75: in create_test_db
    self._create_test_db(verbosity, autoclobber, keepdb)
.venv\Lib\site-packages\django\db\backends\base\creation.py:227: in _create_test_db
    with self._nodb_cursor() as cursor:
C:\Users\THAMEEM ANSARI\AppData\Local\Programs\Python\Python312\Lib\contextlib.py:137: in __enter__
    return next(self.gen)
           ^^^^^^^^^^^^^^
.venv\Lib\site-packages\django\db\backends\postgresql\base.py:546: in _nodb_cursor
    with conn.cursor() as cursor:
         ^^^^^^^^^^^^^
.venv\Lib\site-packages\django\utils\asyncio.py:26: in inner
    return func(*args, **kwargs)
           ^^^^^^^^^^^^^^^^^^^^^
.venv\Lib\site-packages\django\db\backends\base\base.py:320: in cursor
    return self._cursor()
           ^^^^^^^^^^^^^^
.venv\Lib\site-packages\django\db\backends\base\base.py:296: in _cursor
    self.ensure_connection()
.venv\Lib\site-packages\django\utils\asyncio.py:26: in inner
    return func(*args, **kwargs)
           ^^^^^^^^^^^^^^^^^^^^^
.venv\Lib\site-packages\django\db\backends\base\base.py:278: in ensure_connection
    with self.wrap_database_errors:
.venv\Lib\site-packages\django\db\utils.py:94: in __exit__
    raise dj_exc_value.with_traceback(traceback) from exc_value
.venv\Lib\site-packages\django\db\backends\base\base.py:279: in ensure_connection
    self.connect()
.venv\Lib\site-packages\django\utils\asyncio.py:26: in inner
    return func(*args, **kwargs)
           ^^^^^^^^^^^^^^^^^^^^^
.venv\Lib\site-packages\django\db\backends\base\base.py:256: in connect
    self.connection = self.get_new_connection(conn_params)
                      ^^^^^^^^^^^^^^^^^^^^^^^^^^^^^^^^^^^^
.venv\Lib\site-packages\django\utils\asyncio.py:26: in inner
    return func(*args, **kwargs)
           ^^^^^^^^^^^^^^^^^^^^^
.venv\Lib\site-packages\django\db\backends\postgresql\base.py:345: in get_new_connection
    connection = self.Database.connect(**conn_params)
                 ^^^^^^^^^^^^^^^^^^^^^^^^^^^^^^^^^^^^
_ _ _ _ _ _ _ _ _ _ _ _ _ _ _ _ _ _ _ _ _ _ _ _ _ _ _ _ _ _ _ _ _ _ _ _ _ _ _ _

dsn = 'dbname=neondb sslmode=require channel_binding=require client_encoding=UTF8 user=neondb_owner password=npg_GHWh56pulnor host=ep-holy-star-aznl4z4j-pooler.c-3.ap-southeast-1.aws.neon.tech'
connection_factory = None, cursor_factory = <class 'psycopg2.extensions.cursor'>
kwargs = {'dbname': 'neondb', 'sslmode': 'require', 'channel_binding': 'require', 'client_encoding': 'UTF8', ...}

    def connect(dsn=None, connection_factory=None, cursor_factory=None, **kwargs):
        """
        Create a new database connection.
    
        The connection parameters can be specified as a string:
    
            conn = psycopg2.connect("dbname=test user=postgres password=secret")
    
        or using a set of keyword arguments:
    
            conn = psycopg2.connect(database="test", user="postgres", password="secret")
    
        Or as a mix of both. The basic connection parameters are:
    
        - *dbname*: the database name
        - *database*: the database name (only as keyword argument)
        - *user*: user name used to authenticate
        - *password*: password used to authenticate
        - *host*: database host address (defaults to UNIX socket if not provided)
        - *port*: connection port number (defaults to 5432 if not provided)
    
        Using the *connection_factory* parameter a different class or connections
        factory can be specified. It should be a callable object taking a dsn
        argument.
    
        Using the *cursor_factory* parameter, a new default cursor factory will be
        used by cursor().
    
        Using *async*=True an asynchronous connection will be created. *async_* is
        a valid alias (for Python versions where ``async`` is a keyword).
    
        Any other keyword parameter will be passed to the underlying client
        library: the list of supported parameters depends on the library version.
    
        """
        kwasync = {}
        if 'async' in kwargs:
            kwasync['async'] = kwargs.pop('async')
        if 'async_' in kwargs:
            kwasync['async_'] = kwargs.pop('async_')
    
        dsn = _ext.make_dsn(dsn, **kwargs)
>       conn = _connect(dsn, connection_factory=connection_factory, **kwasync)
               ^^^^^^^^^^^^^^^^^^^^^^^^^^^^^^^^^^^^^^^^^^^^^^^^^^^^^^^^^^^^^^^
E       django.db.utils.OperationalError: could not translate host name "ep-holy-star-aznl4z4j-pooler.c-3.ap-southeast-1.aws.neon.tech" to address: Name or service not known

.venv\Lib\site-packages\psycopg2\__init__.py:135: OperationalError
---------------------------- Captured stderr setup ----------------------------
Using existing test database for alias 'default'...

__________ ERROR at setup of test_analysis_default_status_is_pending __________

self = <DatabaseWrapper vendor='postgresql' alias='__no_db__'>

    @async_unsafe
    def ensure_connection(self):
        """Guarantee that a connection to the database is established."""
        if self.connection is None:
            if self.in_atomic_block and self.closed_in_transaction:
                raise ProgrammingError(
                    "Cannot open a new connection in an atomic block."
                )
            with self.wrap_database_errors:
>               self.connect()

.venv\Lib\site-packages\django\db\backends\base\base.py:279: 
_ _ _ _ _ _ _ _ _ _ _ _ _ _ _ _ _ _ _ _ _ _ _ _ _ _ _ _ _ _ _ _ _ _ _ _ _ _ _ _
.venv\Lib\site-packages\django\utils\asyncio.py:26: in inner
    return func(*args, **kwargs)
           ^^^^^^^^^^^^^^^^^^^^^
.venv\Lib\site-packages\django\db\backends\base\base.py:256: in connect
    self.connection = self.get_new_connection(conn_params)
                      ^^^^^^^^^^^^^^^^^^^^^^^^^^^^^^^^^^^^
.venv\Lib\site-packages\django\utils\asyncio.py:26: in inner
    return func(*args, **kwargs)
           ^^^^^^^^^^^^^^^^^^^^^
.venv\Lib\site-packages\django\db\backends\postgresql\base.py:345: in get_new_connection
    connection = self.Database.connect(**conn_params)
                 ^^^^^^^^^^^^^^^^^^^^^^^^^^^^^^^^^^^^
_ _ _ _ _ _ _ _ _ _ _ _ _ _ _ _ _ _ _ _ _ _ _ _ _ _ _ _ _ _ _ _ _ _ _ _ _ _ _ _

dsn = 'dbname=postgres sslmode=require channel_binding=require client_encoding=UTF8 user=neondb_owner password=npg_GHWh56pulnor host=ep-holy-star-aznl4z4j-pooler.c-3.ap-southeast-1.aws.neon.tech'
connection_factory = None, cursor_factory = <class 'psycopg2.extensions.cursor'>
kwargs = {'dbname': 'postgres', 'sslmode': 'require', 'channel_binding': 'require', 'client_encoding': 'UTF8', ...}

    def connect(dsn=None, connection_factory=None, cursor_factory=None, **kwargs):
        """
        Create a new database connection.
    
        The connection parameters can be specified as a string:
    
            conn = psycopg2.connect("dbname=test user=postgres password=secret")
    
        or using a set of keyword arguments:
    
            conn = psycopg2.connect(database="test", user="postgres", password="secret")
    
        Or as a mix of both. The basic connection parameters are:
    
        - *dbname*: the database name
        - *database*: the database name (only as keyword argument)
        - *user*: user name used to authenticate
        - *password*: password used to authenticate
        - *host*: database host address (defaults to UNIX socket if not provided)
        - *port*: connection port number (defaults to 5432 if not provided)
    
        Using the *connection_factory* parameter a different class or connections
        factory can be specified. It should be a callable object taking a dsn
        argument.
    
        Using the *cursor_factory* parameter, a new default cursor factory will be
        used by cursor().
    
        Using *async*=True an asynchronous connection will be created. *async_* is
        a valid alias (for Python versions where ``async`` is a keyword).
    
        Any other keyword parameter will be passed to the underlying client
        library: the list of supported parameters depends on the library version.
    
        """
        kwasync = {}
        if 'async' in kwargs:
            kwasync['async'] = kwargs.pop('async')
        if 'async_' in kwargs:
            kwasync['async_'] = kwargs.pop('async_')
    
        dsn = _ext.make_dsn(dsn, **kwargs)
>       conn = _connect(dsn, connection_factory=connection_factory, **kwasync)
               ^^^^^^^^^^^^^^^^^^^^^^^^^^^^^^^^^^^^^^^^^^^^^^^^^^^^^^^^^^^^^^^
E       psycopg2.OperationalError: could not translate host name "ep-holy-star-aznl4z4j-pooler.c-3.ap-southeast-1.aws.neon.tech" to address: Name or service not known

.venv\Lib\site-packages\psycopg2\__init__.py:135: OperationalError

The above exception was the direct cause of the following exception:

self = <DatabaseWrapper vendor='postgresql' alias='default'>

    @contextmanager
    def _nodb_cursor(self):
        cursor = None
        try:
>           with super()._nodb_cursor() as cursor:

.venv\Lib\site-packages\django\db\backends\postgresql\base.py:520: 
_ _ _ _ _ _ _ _ _ _ _ _ _ _ _ _ _ _ _ _ _ _ _ _ _ _ _ _ _ _ _ _ _ _ _ _ _ _ _ _
C:\Users\THAMEEM ANSARI\AppData\Local\Programs\Python\Python312\Lib\contextlib.py:137: in __enter__
    return next(self.gen)
           ^^^^^^^^^^^^^^
.venv\Lib\site-packages\django\db\backends\base\base.py:712: in _nodb_cursor
    with conn.cursor() as cursor:
         ^^^^^^^^^^^^^
.venv\Lib\site-packages\django\utils\asyncio.py:26: in inner
    return func(*args, **kwargs)
           ^^^^^^^^^^^^^^^^^^^^^
.venv\Lib\site-packages\django\db\backends\base\base.py:320: in cursor
    return self._cursor()
           ^^^^^^^^^^^^^^
.venv\Lib\site-packages\django\db\backends\base\base.py:296: in _cursor
    self.ensure_connection()
.venv\Lib\site-packages\django\utils\asyncio.py:26: in inner
    return func(*args, **kwargs)
           ^^^^^^^^^^^^^^^^^^^^^
.venv\Lib\site-packages\django\db\backends\base\base.py:278: in ensure_connection
    with self.wrap_database_errors:
.venv\Lib\site-packages\django\db\utils.py:94: in __exit__
    raise dj_exc_value.with_traceback(traceback) from exc_value
.venv\Lib\site-packages\django\db\backends\base\base.py:279: in ensure_connection
    self.connect()
.venv\Lib\site-packages\django\utils\asyncio.py:26: in inner
    return func(*args, **kwargs)
           ^^^^^^^^^^^^^^^^^^^^^
.venv\Lib\site-packages\django\db\backends\base\base.py:256: in connect
    self.connection = self.get_new_connection(conn_params)
                      ^^^^^^^^^^^^^^^^^^^^^^^^^^^^^^^^^^^^
.venv\Lib\site-packages\django\utils\asyncio.py:26: in inner
    return func(*args, **kwargs)
           ^^^^^^^^^^^^^^^^^^^^^
.venv\Lib\site-packages\django\db\backends\postgresql\base.py:345: in get_new_connection
    connection = self.Database.connect(**conn_params)
                 ^^^^^^^^^^^^^^^^^^^^^^^^^^^^^^^^^^^^
_ _ _ _ _ _ _ _ _ _ _ _ _ _ _ _ _ _ _ _ _ _ _ _ _ _ _ _ _ _ _ _ _ _ _ _ _ _ _ _

dsn = 'dbname=postgres sslmode=require channel_binding=require client_encoding=UTF8 user=neondb_owner password=npg_GHWh56pulnor host=ep-holy-star-aznl4z4j-pooler.c-3.ap-southeast-1.aws.neon.tech'
connection_factory = None, cursor_factory = <class 'psycopg2.extensions.cursor'>
kwargs = {'dbname': 'postgres', 'sslmode': 'require', 'channel_binding': 'require', 'client_encoding': 'UTF8', ...}

    def connect(dsn=None, connection_factory=None, cursor_factory=None, **kwargs):
        """
        Create a new database connection.
    
        The connection parameters can be specified as a string:
    
            conn = psycopg2.connect("dbname=test user=postgres password=secret")
    
        or using a set of keyword arguments:
    
            conn = psycopg2.connect(database="test", user="postgres", password="secret")
    
        Or as a mix of both. The basic connection parameters are:
    
        - *dbname*: the database name
        - *database*: the database name (only as keyword argument)
        - *user*: user name used to authenticate
        - *password*: password used to authenticate
        - *host*: database host address (defaults to UNIX socket if not provided)
        - *port*: connection port number (defaults to 5432 if not provided)
    
        Using the *connection_factory* parameter a different class or connections
        factory can be specified. It should be a callable object taking a dsn
        argument.
    
        Using the *cursor_factory* parameter, a new default cursor factory will be
        used by cursor().
    
        Using *async*=True an asynchronous connection will be created. *async_* is
        a valid alias (for Python versions where ``async`` is a keyword).
    
        Any other keyword parameter will be passed to the underlying client
        library: the list of supported parameters depends on the library version.
    
        """
        kwasync = {}
        if 'async' in kwargs:
            kwasync['async'] = kwargs.pop('async')
        if 'async_' in kwargs:
            kwasync['async_'] = kwargs.pop('async_')
    
        dsn = _ext.make_dsn(dsn, **kwargs)
>       conn = _connect(dsn, connection_factory=connection_factory, **kwasync)
               ^^^^^^^^^^^^^^^^^^^^^^^^^^^^^^^^^^^^^^^^^^^^^^^^^^^^^^^^^^^^^^^
E       django.db.utils.OperationalError: could not translate host name "ep-holy-star-aznl4z4j-pooler.c-3.ap-southeast-1.aws.neon.tech" to address: Name or service not known

.venv\Lib\site-packages\psycopg2\__init__.py:135: OperationalError

During handling of the above exception, another exception occurred:

self = <DatabaseWrapper vendor='postgresql' alias='default'>

    @async_unsafe
    def ensure_connection(self):
        """Guarantee that a connection to the database is established."""
        if self.connection is None:
            if self.in_atomic_block and self.closed_in_transaction:
                raise ProgrammingError(
                    "Cannot open a new connection in an atomic block."
                )
            with self.wrap_database_errors:
>               self.connect()

.venv\Lib\site-packages\django\db\backends\base\base.py:279: 
_ _ _ _ _ _ _ _ _ _ _ _ _ _ _ _ _ _ _ _ _ _ _ _ _ _ _ _ _ _ _ _ _ _ _ _ _ _ _ _
.venv\Lib\site-packages\django\utils\asyncio.py:26: in inner
    return func(*args, **kwargs)
           ^^^^^^^^^^^^^^^^^^^^^
.venv\Lib\site-packages\django\db\backends\base\base.py:256: in connect
    self.connection = self.get_new_connection(conn_params)
                      ^^^^^^^^^^^^^^^^^^^^^^^^^^^^^^^^^^^^
.venv\Lib\site-packages\django\utils\asyncio.py:26: in inner
    return func(*args, **kwargs)
           ^^^^^^^^^^^^^^^^^^^^^
.venv\Lib\site-packages\django\db\backends\postgresql\base.py:345: in get_new_connection
    connection = self.Database.connect(**conn_params)
                 ^^^^^^^^^^^^^^^^^^^^^^^^^^^^^^^^^^^^
_ _ _ _ _ _ _ _ _ _ _ _ _ _ _ _ _ _ _ _ _ _ _ _ _ _ _ _ _ _ _ _ _ _ _ _ _ _ _ _

dsn = 'dbname=neondb sslmode=require channel_binding=require client_encoding=UTF8 user=neondb_owner password=npg_GHWh56pulnor host=ep-holy-star-aznl4z4j-pooler.c-3.ap-southeast-1.aws.neon.tech'
connection_factory = None, cursor_factory = <class 'psycopg2.extensions.cursor'>
kwargs = {'dbname': 'neondb', 'sslmode': 'require', 'channel_binding': 'require', 'client_encoding': 'UTF8', ...}

    def connect(dsn=None, connection_factory=None, cursor_factory=None, **kwargs):
        """
        Create a new database connection.
    
        The connection parameters can be specified as a string:
    
            conn = psycopg2.connect("dbname=test user=postgres password=secret")
    
        or using a set of keyword arguments:
    
            conn = psycopg2.connect(database="test", user="postgres", password="secret")
    
        Or as a mix of both. The basic connection parameters are:
    
        - *dbname*: the database name
        - *database*: the database name (only as keyword argument)
        - *user*: user name used to authenticate
        - *password*: password used to authenticate
        - *host*: database host address (defaults to UNIX socket if not provided)
        - *port*: connection port number (defaults to 5432 if not provided)
    
        Using the *connection_factory* parameter a different class or connections
        factory can be specified. It should be a callable object taking a dsn
        argument.
    
        Using the *cursor_factory* parameter, a new default cursor factory will be
        used by cursor().
    
        Using *async*=True an asynchronous connection will be created. *async_* is
        a valid alias (for Python versions where ``async`` is a keyword).
    
        Any other keyword parameter will be passed to the underlying client
        library: the list of supported parameters depends on the library version.
    
        """
        kwasync = {}
        if 'async' in kwargs:
            kwasync['async'] = kwargs.pop('async')
        if 'async_' in kwargs:
            kwasync['async_'] = kwargs.pop('async_')
    
        dsn = _ext.make_dsn(dsn, **kwargs)
>       conn = _connect(dsn, connection_factory=connection_factory, **kwasync)
               ^^^^^^^^^^^^^^^^^^^^^^^^^^^^^^^^^^^^^^^^^^^^^^^^^^^^^^^^^^^^^^^
E       psycopg2.OperationalError: could not translate host name "ep-holy-star-aznl4z4j-pooler.c-3.ap-southeast-1.aws.neon.tech" to address: Name or service not known

.venv\Lib\site-packages\psycopg2\__init__.py:135: OperationalError

The above exception was the direct cause of the following exception:

request = <SubRequest 'django_db_setup' for <Function test_job_description_str_uses_title>>
django_test_environment = None
django_db_blocker = <pytest_django.plugin.DjangoDbBlocker object at 0x000001816F2DAB40>
django_db_use_migrations = True, django_db_keepdb = True
django_db_createdb = False, django_db_modify_db_settings = None

    @pytest.fixture(scope="session")
    def django_db_setup(  # noqa: PLR0917
        request: pytest.FixtureRequest,
        django_test_environment: None,  # noqa: ARG001
        django_db_blocker: DjangoDbBlocker,
        django_db_use_migrations: bool,
        django_db_keepdb: bool,
        django_db_createdb: bool,
        django_db_modify_db_settings: None,  # noqa: ARG001
    ) -> Generator[None]:
        """Top level fixture to ensure test databases are available"""
        from django.test.utils import setup_databases, teardown_databases
    
        setup_databases_args = {}
    
        if not django_db_use_migrations:
            _disable_migrations()
    
        if django_db_keepdb and not django_db_createdb:
            setup_databases_args["keepdb"] = True
    
        aliases, serialized_aliases = _get_databases_for_setup(request.session.items)
    
        with django_db_blocker.unblock():
>           db_cfg = setup_databases(
                verbosity=request.config.option.verbose,
                interactive=False,
                aliases=aliases,
                serialized_aliases=serialized_aliases,
                **setup_databases_args,
            )

.venv\Lib\site-packages\pytest_django\fixtures.py:186: 
_ _ _ _ _ _ _ _ _ _ _ _ _ _ _ _ _ _ _ _ _ _ _ _ _ _ _ _ _ _ _ _ _ _ _ _ _ _ _ _
.venv\Lib\site-packages\django\test\utils.py:220: in setup_databases
    connection.creation.create_test_db(
.venv\Lib\site-packages\django\db\backends\base\creation.py:75: in create_test_db
    self._create_test_db(verbosity, autoclobber, keepdb)
.venv\Lib\site-packages\django\db\backends\base\creation.py:227: in _create_test_db
    with self._nodb_cursor() as cursor:
C:\Users\THAMEEM ANSARI\AppData\Local\Programs\Python\Python312\Lib\contextlib.py:137: in __enter__
    return next(self.gen)
           ^^^^^^^^^^^^^^
.venv\Lib\site-packages\django\db\backends\postgresql\base.py:546: in _nodb_cursor
    with conn.cursor() as cursor:
         ^^^^^^^^^^^^^
.venv\Lib\site-packages\django\utils\asyncio.py:26: in inner
    return func(*args, **kwargs)
           ^^^^^^^^^^^^^^^^^^^^^
.venv\Lib\site-packages\django\db\backends\base\base.py:320: in cursor
    return self._cursor()
           ^^^^^^^^^^^^^^
.venv\Lib\site-packages\django\db\backends\base\base.py:296: in _cursor
    self.ensure_connection()
.venv\Lib\site-packages\django\utils\asyncio.py:26: in inner
    return func(*args, **kwargs)
           ^^^^^^^^^^^^^^^^^^^^^
.venv\Lib\site-packages\django\db\backends\base\base.py:278: in ensure_connection
    with self.wrap_database_errors:
.venv\Lib\site-packages\django\db\utils.py:94: in __exit__
    raise dj_exc_value.with_traceback(traceback) from exc_value
.venv\Lib\site-packages\django\db\backends\base\base.py:279: in ensure_connection
    self.connect()
.venv\Lib\site-packages\django\utils\asyncio.py:26: in inner
    return func(*args, **kwargs)
           ^^^^^^^^^^^^^^^^^^^^^
.venv\Lib\site-packages\django\db\backends\base\base.py:256: in connect
    self.connection = self.get_new_connection(conn_params)
                      ^^^^^^^^^^^^^^^^^^^^^^^^^^^^^^^^^^^^
.venv\Lib\site-packages\django\utils\asyncio.py:26: in inner
    return func(*args, **kwargs)
           ^^^^^^^^^^^^^^^^^^^^^
.venv\Lib\site-packages\django\db\backends\postgresql\base.py:345: in get_new_connection
    connection = self.Database.connect(**conn_params)
                 ^^^^^^^^^^^^^^^^^^^^^^^^^^^^^^^^^^^^
_ _ _ _ _ _ _ _ _ _ _ _ _ _ _ _ _ _ _ _ _ _ _ _ _ _ _ _ _ _ _ _ _ _ _ _ _ _ _ _

dsn = 'dbname=neondb sslmode=require channel_binding=require client_encoding=UTF8 user=neondb_owner password=npg_GHWh56pulnor host=ep-holy-star-aznl4z4j-pooler.c-3.ap-southeast-1.aws.neon.tech'
connection_factory = None, cursor_factory = <class 'psycopg2.extensions.cursor'>
kwargs = {'dbname': 'neondb', 'sslmode': 'require', 'channel_binding': 'require', 'client_encoding': 'UTF8', ...}

    def connect(dsn=None, connection_factory=None, cursor_factory=None, **kwargs):
        """
        Create a new database connection.
    
        The connection parameters can be specified as a string:
    
            conn = psycopg2.connect("dbname=test user=postgres password=secret")
    
        or using a set of keyword arguments:
    
            conn = psycopg2.connect(database="test", user="postgres", password="secret")
    
        Or as a mix of both. The basic connection parameters are:
    
        - *dbname*: the database name
        - *database*: the database name (only as keyword argument)
        - *user*: user name used to authenticate
        - *password*: password used to authenticate
        - *host*: database host address (defaults to UNIX socket if not provided)
        - *port*: connection port number (defaults to 5432 if not provided)
    
        Using the *connection_factory* parameter a different class or connections
        factory can be specified. It should be a callable object taking a dsn
        argument.
    
        Using the *cursor_factory* parameter, a new default cursor factory will be
        used by cursor().
    
        Using *async*=True an asynchronous connection will be created. *async_* is
        a valid alias (for Python versions where ``async`` is a keyword).
    
        Any other keyword parameter will be passed to the underlying client
        library: the list of supported parameters depends on the library version.
    
        """
        kwasync = {}
        if 'async' in kwargs:
            kwasync['async'] = kwargs.pop('async')
        if 'async_' in kwargs:
            kwasync['async_'] = kwargs.pop('async_')
    
        dsn = _ext.make_dsn(dsn, **kwargs)
>       conn = _connect(dsn, connection_factory=connection_factory, **kwasync)
               ^^^^^^^^^^^^^^^^^^^^^^^^^^^^^^^^^^^^^^^^^^^^^^^^^^^^^^^^^^^^^^^
E       django.db.utils.OperationalError: could not translate host name "ep-holy-star-aznl4z4j-pooler.c-3.ap-southeast-1.aws.neon.tech" to address: Name or service not known

.venv\Lib\site-packages\psycopg2\__init__.py:135: OperationalError
___ ERROR at setup of test_analysis_missing_keywords_defaults_to_empty_list ___

self = <DatabaseWrapper vendor='postgresql' alias='__no_db__'>

    @async_unsafe
    def ensure_connection(self):
        """Guarantee that a connection to the database is established."""
        if self.connection is None:
            if self.in_atomic_block and self.closed_in_transaction:
                raise ProgrammingError(
                    "Cannot open a new connection in an atomic block."
                )
            with self.wrap_database_errors:
>               self.connect()

.venv\Lib\site-packages\django\db\backends\base\base.py:279: 
_ _ _ _ _ _ _ _ _ _ _ _ _ _ _ _ _ _ _ _ _ _ _ _ _ _ _ _ _ _ _ _ _ _ _ _ _ _ _ _
.venv\Lib\site-packages\django\utils\asyncio.py:26: in inner
    return func(*args, **kwargs)
           ^^^^^^^^^^^^^^^^^^^^^
.venv\Lib\site-packages\django\db\backends\base\base.py:256: in connect
    self.connection = self.get_new_connection(conn_params)
                      ^^^^^^^^^^^^^^^^^^^^^^^^^^^^^^^^^^^^
.venv\Lib\site-packages\django\utils\asyncio.py:26: in inner
    return func(*args, **kwargs)
           ^^^^^^^^^^^^^^^^^^^^^
.venv\Lib\site-packages\django\db\backends\postgresql\base.py:345: in get_new_connection
    connection = self.Database.connect(**conn_params)
                 ^^^^^^^^^^^^^^^^^^^^^^^^^^^^^^^^^^^^
_ _ _ _ _ _ _ _ _ _ _ _ _ _ _ _ _ _ _ _ _ _ _ _ _ _ _ _ _ _ _ _ _ _ _ _ _ _ _ _

dsn = 'dbname=postgres sslmode=require channel_binding=require client_encoding=UTF8 user=neondb_owner password=npg_GHWh56pulnor host=ep-holy-star-aznl4z4j-pooler.c-3.ap-southeast-1.aws.neon.tech'
connection_factory = None, cursor_factory = <class 'psycopg2.extensions.cursor'>
kwargs = {'dbname': 'postgres', 'sslmode': 'require', 'channel_binding': 'require', 'client_encoding': 'UTF8', ...}

    def connect(dsn=None, connection_factory=None, cursor_factory=None, **kwargs):
        """
        Create a new database connection.
    
        The connection parameters can be specified as a string:
    
            conn = psycopg2.connect("dbname=test user=postgres password=secret")
    
        or using a set of keyword arguments:
    
            conn = psycopg2.connect(database="test", user="postgres", password="secret")
    
        Or as a mix of both. The basic connection parameters are:
    
        - *dbname*: the database name
        - *database*: the database name (only as keyword argument)
        - *user*: user name used to authenticate
        - *password*: password used to authenticate
        - *host*: database host address (defaults to UNIX socket if not provided)
        - *port*: connection port number (defaults to 5432 if not provided)
    
        Using the *connection_factory* parameter a different class or connections
        factory can be specified. It should be a callable object taking a dsn
        argument.
    
        Using the *cursor_factory* parameter, a new default cursor factory will be
        used by cursor().
    
        Using *async*=True an asynchronous connection will be created. *async_* is
        a valid alias (for Python versions where ``async`` is a keyword).
    
        Any other keyword parameter will be passed to the underlying client
        library: the list of supported parameters depends on the library version.
    
        """
        kwasync = {}
        if 'async' in kwargs:
            kwasync['async'] = kwargs.pop('async')
        if 'async_' in kwargs:
            kwasync['async_'] = kwargs.pop('async_')
    
        dsn = _ext.make_dsn(dsn, **kwargs)
>       conn = _connect(dsn, connection_factory=connection_factory, **kwasync)
               ^^^^^^^^^^^^^^^^^^^^^^^^^^^^^^^^^^^^^^^^^^^^^^^^^^^^^^^^^^^^^^^
E       psycopg2.OperationalError: could not translate host name "ep-holy-star-aznl4z4j-pooler.c-3.ap-southeast-1.aws.neon.tech" to address: Name or service not known

.venv\Lib\site-packages\psycopg2\__init__.py:135: OperationalError

The above exception was the direct cause of the following exception:

self = <DatabaseWrapper vendor='postgresql' alias='default'>

    @contextmanager
    def _nodb_cursor(self):
        cursor = None
        try:
>           with super()._nodb_cursor() as cursor:

.venv\Lib\site-packages\django\db\backends\postgresql\base.py:520: 
_ _ _ _ _ _ _ _ _ _ _ _ _ _ _ _ _ _ _ _ _ _ _ _ _ _ _ _ _ _ _ _ _ _ _ _ _ _ _ _
C:\Users\THAMEEM ANSARI\AppData\Local\Programs\Python\Python312\Lib\contextlib.py:137: in __enter__
    return next(self.gen)
           ^^^^^^^^^^^^^^
.venv\Lib\site-packages\django\db\backends\base\base.py:712: in _nodb_cursor
    with conn.cursor() as cursor:
         ^^^^^^^^^^^^^
.venv\Lib\site-packages\django\utils\asyncio.py:26: in inner
    return func(*args, **kwargs)
           ^^^^^^^^^^^^^^^^^^^^^
.venv\Lib\site-packages\django\db\backends\base\base.py:320: in cursor
    return self._cursor()
           ^^^^^^^^^^^^^^
.venv\Lib\site-packages\django\db\backends\base\base.py:296: in _cursor
    self.ensure_connection()
.venv\Lib\site-packages\django\utils\asyncio.py:26: in inner
    return func(*args, **kwargs)
           ^^^^^^^^^^^^^^^^^^^^^
.venv\Lib\site-packages\django\db\backends\base\base.py:278: in ensure_connection
    with self.wrap_database_errors:
.venv\Lib\site-packages\django\db\utils.py:94: in __exit__
    raise dj_exc_value.with_traceback(traceback) from exc_value
.venv\Lib\site-packages\django\db\backends\base\base.py:279: in ensure_connection
    self.connect()
.venv\Lib\site-packages\django\utils\asyncio.py:26: in inner
    return func(*args, **kwargs)
           ^^^^^^^^^^^^^^^^^^^^^
.venv\Lib\site-packages\django\db\backends\base\base.py:256: in connect
    self.connection = self.get_new_connection(conn_params)
                      ^^^^^^^^^^^^^^^^^^^^^^^^^^^^^^^^^^^^
.venv\Lib\site-packages\django\utils\asyncio.py:26: in inner
    return func(*args, **kwargs)
           ^^^^^^^^^^^^^^^^^^^^^
.venv\Lib\site-packages\django\db\backends\postgresql\base.py:345: in get_new_connection
    connection = self.Database.connect(**conn_params)
                 ^^^^^^^^^^^^^^^^^^^^^^^^^^^^^^^^^^^^
_ _ _ _ _ _ _ _ _ _ _ _ _ _ _ _ _ _ _ _ _ _ _ _ _ _ _ _ _ _ _ _ _ _ _ _ _ _ _ _

dsn = 'dbname=postgres sslmode=require channel_binding=require client_encoding=UTF8 user=neondb_owner password=npg_GHWh56pulnor host=ep-holy-star-aznl4z4j-pooler.c-3.ap-southeast-1.aws.neon.tech'
connection_factory = None, cursor_factory = <class 'psycopg2.extensions.cursor'>
kwargs = {'dbname': 'postgres', 'sslmode': 'require', 'channel_binding': 'require', 'client_encoding': 'UTF8', ...}

    def connect(dsn=None, connection_factory=None, cursor_factory=None, **kwargs):
        """
        Create a new database connection.
    
        The connection parameters can be specified as a string:
    
            conn = psycopg2.connect("dbname=test user=postgres password=secret")
    
        or using a set of keyword arguments:
    
            conn = psycopg2.connect(database="test", user="postgres", password="secret")
    
        Or as a mix of both. The basic connection parameters are:
    
        - *dbname*: the database name
        - *database*: the database name (only as keyword argument)
        - *user*: user name used to authenticate
        - *password*: password used to authenticate
        - *host*: database host address (defaults to UNIX socket if not provided)
        - *port*: connection port number (defaults to 5432 if not provided)
    
        Using the *connection_factory* parameter a different class or connections
        factory can be specified. It should be a callable object taking a dsn
        argument.
    
        Using the *cursor_factory* parameter, a new default cursor factory will be
        used by cursor().
    
        Using *async*=True an asynchronous connection will be created. *async_* is
        a valid alias (for Python versions where ``async`` is a keyword).
    
        Any other keyword parameter will be passed to the underlying client
        library: the list of supported parameters depends on the library version.
    
        """
        kwasync = {}
        if 'async' in kwargs:
            kwasync['async'] = kwargs.pop('async')
        if 'async_' in kwargs:
            kwasync['async_'] = kwargs.pop('async_')
    
        dsn = _ext.make_dsn(dsn, **kwargs)
>       conn = _connect(dsn, connection_factory=connection_factory, **kwasync)
               ^^^^^^^^^^^^^^^^^^^^^^^^^^^^^^^^^^^^^^^^^^^^^^^^^^^^^^^^^^^^^^^
E       django.db.utils.OperationalError: could not translate host name "ep-holy-star-aznl4z4j-pooler.c-3.ap-southeast-1.aws.neon.tech" to address: Name or service not known

.venv\Lib\site-packages\psycopg2\__init__.py:135: OperationalError

During handling of the above exception, another exception occurred:

self = <DatabaseWrapper vendor='postgresql' alias='default'>

    @async_unsafe
    def ensure_connection(self):
        """Guarantee that a connection to the database is established."""
        if self.connection is None:
            if self.in_atomic_block and self.closed_in_transaction:
                raise ProgrammingError(
                    "Cannot open a new connection in an atomic block."
                )
            with self.wrap_database_errors:
>               self.connect()

.venv\Lib\site-packages\django\db\backends\base\base.py:279: 
_ _ _ _ _ _ _ _ _ _ _ _ _ _ _ _ _ _ _ _ _ _ _ _ _ _ _ _ _ _ _ _ _ _ _ _ _ _ _ _
.venv\Lib\site-packages\django\utils\asyncio.py:26: in inner
    return func(*args, **kwargs)
           ^^^^^^^^^^^^^^^^^^^^^
.venv\Lib\site-packages\django\db\backends\base\base.py:256: in connect
    self.connection = self.get_new_connection(conn_params)
                      ^^^^^^^^^^^^^^^^^^^^^^^^^^^^^^^^^^^^
.venv\Lib\site-packages\django\utils\asyncio.py:26: in inner
    return func(*args, **kwargs)
           ^^^^^^^^^^^^^^^^^^^^^
.venv\Lib\site-packages\django\db\backends\postgresql\base.py:345: in get_new_connection
    connection = self.Database.connect(**conn_params)
                 ^^^^^^^^^^^^^^^^^^^^^^^^^^^^^^^^^^^^
_ _ _ _ _ _ _ _ _ _ _ _ _ _ _ _ _ _ _ _ _ _ _ _ _ _ _ _ _ _ _ _ _ _ _ _ _ _ _ _

dsn = 'dbname=neondb sslmode=require channel_binding=require client_encoding=UTF8 user=neondb_owner password=npg_GHWh56pulnor host=ep-holy-star-aznl4z4j-pooler.c-3.ap-southeast-1.aws.neon.tech'
connection_factory = None, cursor_factory = <class 'psycopg2.extensions.cursor'>
kwargs = {'dbname': 'neondb', 'sslmode': 'require', 'channel_binding': 'require', 'client_encoding': 'UTF8', ...}

    def connect(dsn=None, connection_factory=None, cursor_factory=None, **kwargs):
        """
        Create a new database connection.
    
        The connection parameters can be specified as a string:
    
            conn = psycopg2.connect("dbname=test user=postgres password=secret")
    
        or using a set of keyword arguments:
    
            conn = psycopg2.connect(database="test", user="postgres", password="secret")
    
        Or as a mix of both. The basic connection parameters are:
    
        - *dbname*: the database name
        - *database*: the database name (only as keyword argument)
        - *user*: user name used to authenticate
        - *password*: password used to authenticate
        - *host*: database host address (defaults to UNIX socket if not provided)
        - *port*: connection port number (defaults to 5432 if not provided)
    
        Using the *connection_factory* parameter a different class or connections
        factory can be specified. It should be a callable object taking a dsn
        argument.
    
        Using the *cursor_factory* parameter, a new default cursor factory will be
        used by cursor().
    
        Using *async*=True an asynchronous connection will be created. *async_* is
        a valid alias (for Python versions where ``async`` is a keyword).
    
        Any other keyword parameter will be passed to the underlying client
        library: the list of supported parameters depends on the library version.
    
        """
        kwasync = {}
        if 'async' in kwargs:
            kwasync['async'] = kwargs.pop('async')
        if 'async_' in kwargs:
            kwasync['async_'] = kwargs.pop('async_')
    
        dsn = _ext.make_dsn(dsn, **kwargs)
>       conn = _connect(dsn, connection_factory=connection_factory, **kwasync)
               ^^^^^^^^^^^^^^^^^^^^^^^^^^^^^^^^^^^^^^^^^^^^^^^^^^^^^^^^^^^^^^^
E       psycopg2.OperationalError: could not translate host name "ep-holy-star-aznl4z4j-pooler.c-3.ap-southeast-1.aws.neon.tech" to address: Name or service not known

.venv\Lib\site-packages\psycopg2\__init__.py:135: OperationalError

The above exception was the direct cause of the following exception:

request = <SubRequest 'django_db_setup' for <Function test_job_description_str_uses_title>>
django_test_environment = None
django_db_blocker = <pytest_django.plugin.DjangoDbBlocker object at 0x000001816F2DAB40>
django_db_use_migrations = True, django_db_keepdb = True
django_db_createdb = False, django_db_modify_db_settings = None

    @pytest.fixture(scope="session")
    def django_db_setup(  # noqa: PLR0917
        request: pytest.FixtureRequest,
        django_test_environment: None,  # noqa: ARG001
        django_db_blocker: DjangoDbBlocker,
        django_db_use_migrations: bool,
        django_db_keepdb: bool,
        django_db_createdb: bool,
        django_db_modify_db_settings: None,  # noqa: ARG001
    ) -> Generator[None]:
        """Top level fixture to ensure test databases are available"""
        from django.test.utils import setup_databases, teardown_databases
    
        setup_databases_args = {}
    
        if not django_db_use_migrations:
            _disable_migrations()
    
        if django_db_keepdb and not django_db_createdb:
            setup_databases_args["keepdb"] = True
    
        aliases, serialized_aliases = _get_databases_for_setup(request.session.items)
    
        with django_db_blocker.unblock():
>           db_cfg = setup_databases(
                verbosity=request.config.option.verbose,
                interactive=False,
                aliases=aliases,
                serialized_aliases=serialized_aliases,
                **setup_databases_args,
            )

.venv\Lib\site-packages\pytest_django\fixtures.py:186: 
_ _ _ _ _ _ _ _ _ _ _ _ _ _ _ _ _ _ _ _ _ _ _ _ _ _ _ _ _ _ _ _ _ _ _ _ _ _ _ _
.venv\Lib\site-packages\django\test\utils.py:220: in setup_databases
    connection.creation.create_test_db(
.venv\Lib\site-packages\django\db\backends\base\creation.py:75: in create_test_db
    self._create_test_db(verbosity, autoclobber, keepdb)
.venv\Lib\site-packages\django\db\backends\base\creation.py:227: in _create_test_db
    with self._nodb_cursor() as cursor:
C:\Users\THAMEEM ANSARI\AppData\Local\Programs\Python\Python312\Lib\contextlib.py:137: in __enter__
    return next(self.gen)
           ^^^^^^^^^^^^^^
.venv\Lib\site-packages\django\db\backends\postgresql\base.py:546: in _nodb_cursor
    with conn.cursor() as cursor:
         ^^^^^^^^^^^^^
.venv\Lib\site-packages\django\utils\asyncio.py:26: in inner
    return func(*args, **kwargs)
           ^^^^^^^^^^^^^^^^^^^^^
.venv\Lib\site-packages\django\db\backends\base\base.py:320: in cursor
    return self._cursor()
           ^^^^^^^^^^^^^^
.venv\Lib\site-packages\django\db\backends\base\base.py:296: in _cursor
    self.ensure_connection()
.venv\Lib\site-packages\django\utils\asyncio.py:26: in inner
    return func(*args, **kwargs)
           ^^^^^^^^^^^^^^^^^^^^^
.venv\Lib\site-packages\django\db\backends\base\base.py:278: in ensure_connection
    with self.wrap_database_errors:
.venv\Lib\site-packages\django\db\utils.py:94: in __exit__
    raise dj_exc_value.with_traceback(traceback) from exc_value
.venv\Lib\site-packages\django\db\backends\base\base.py:279: in ensure_connection
    self.connect()
.venv\Lib\site-packages\django\utils\asyncio.py:26: in inner
    return func(*args, **kwargs)
           ^^^^^^^^^^^^^^^^^^^^^
.venv\Lib\site-packages\django\db\backends\base\base.py:256: in connect
    self.connection = self.get_new_connection(conn_params)
                      ^^^^^^^^^^^^^^^^^^^^^^^^^^^^^^^^^^^^
.venv\Lib\site-packages\django\utils\asyncio.py:26: in inner
    return func(*args, **kwargs)
           ^^^^^^^^^^^^^^^^^^^^^
.venv\Lib\site-packages\django\db\backends\postgresql\base.py:345: in get_new_connection
    connection = self.Database.connect(**conn_params)
                 ^^^^^^^^^^^^^^^^^^^^^^^^^^^^^^^^^^^^
_ _ _ _ _ _ _ _ _ _ _ _ _ _ _ _ _ _ _ _ _ _ _ _ _ _ _ _ _ _ _ _ _ _ _ _ _ _ _ _

dsn = 'dbname=neondb sslmode=require channel_binding=require client_encoding=UTF8 user=neondb_owner password=npg_GHWh56pulnor host=ep-holy-star-aznl4z4j-pooler.c-3.ap-southeast-1.aws.neon.tech'
connection_factory = None, cursor_factory = <class 'psycopg2.extensions.cursor'>
kwargs = {'dbname': 'neondb', 'sslmode': 'require', 'channel_binding': 'require', 'client_encoding': 'UTF8', ...}

    def connect(dsn=None, connection_factory=None, cursor_factory=None, **kwargs):
        """
        Create a new database connection.
    
        The connection parameters can be specified as a string:
    
            conn = psycopg2.connect("dbname=test user=postgres password=secret")
    
        or using a set of keyword arguments:
    
            conn = psycopg2.connect(database="test", user="postgres", password="secret")
    
        Or as a mix of both. The basic connection parameters are:
    
        - *dbname*: the database name
        - *database*: the database name (only as keyword argument)
        - *user*: user name used to authenticate
        - *password*: password used to authenticate
        - *host*: database host address (defaults to UNIX socket if not provided)
        - *port*: connection port number (defaults to 5432 if not provided)
    
        Using the *connection_factory* parameter a different class or connections
        factory can be specified. It should be a callable object taking a dsn
        argument.
    
        Using the *cursor_factory* parameter, a new default cursor factory will be
        used by cursor().
    
        Using *async*=True an asynchronous connection will be created. *async_* is
        a valid alias (for Python versions where ``async`` is a keyword).
    
        Any other keyword parameter will be passed to the underlying client
        library: the list of supported parameters depends on the library version.
    
        """
        kwasync = {}
        if 'async' in kwargs:
            kwasync['async'] = kwargs.pop('async')
        if 'async_' in kwargs:
            kwasync['async_'] = kwargs.pop('async_')
    
        dsn = _ext.make_dsn(dsn, **kwargs)
>       conn = _connect(dsn, connection_factory=connection_factory, **kwasync)
               ^^^^^^^^^^^^^^^^^^^^^^^^^^^^^^^^^^^^^^^^^^^^^^^^^^^^^^^^^^^^^^^
E       django.db.utils.OperationalError: could not translate host name "ep-holy-star-aznl4z4j-pooler.c-3.ap-southeast-1.aws.neon.tech" to address: Name or service not known

.venv\Lib\site-packages\psycopg2\__init__.py:135: OperationalError
_______ ERROR at setup of test_register_creates_user_and_returns_token ________

self = <DatabaseWrapper vendor='postgresql' alias='__no_db__'>

    @async_unsafe
    def ensure_connection(self):
        """Guarantee that a connection to the database is established."""
        if self.connection is None:
            if self.in_atomic_block and self.closed_in_transaction:
                raise ProgrammingError(
                    "Cannot open a new connection in an atomic block."
                )
            with self.wrap_database_errors:
>               self.connect()

.venv\Lib\site-packages\django\db\backends\base\base.py:279: 
_ _ _ _ _ _ _ _ _ _ _ _ _ _ _ _ _ _ _ _ _ _ _ _ _ _ _ _ _ _ _ _ _ _ _ _ _ _ _ _
.venv\Lib\site-packages\django\utils\asyncio.py:26: in inner
    return func(*args, **kwargs)
           ^^^^^^^^^^^^^^^^^^^^^
.venv\Lib\site-packages\django\db\backends\base\base.py:256: in connect
    self.connection = self.get_new_connection(conn_params)
                      ^^^^^^^^^^^^^^^^^^^^^^^^^^^^^^^^^^^^
.venv\Lib\site-packages\django\utils\asyncio.py:26: in inner
    return func(*args, **kwargs)
           ^^^^^^^^^^^^^^^^^^^^^
.venv\Lib\site-packages\django\db\backends\postgresql\base.py:345: in get_new_connection
    connection = self.Database.connect(**conn_params)
                 ^^^^^^^^^^^^^^^^^^^^^^^^^^^^^^^^^^^^
_ _ _ _ _ _ _ _ _ _ _ _ _ _ _ _ _ _ _ _ _ _ _ _ _ _ _ _ _ _ _ _ _ _ _ _ _ _ _ _

dsn = 'dbname=postgres sslmode=require channel_binding=require client_encoding=UTF8 user=neondb_owner password=npg_GHWh56pulnor host=ep-holy-star-aznl4z4j-pooler.c-3.ap-southeast-1.aws.neon.tech'
connection_factory = None, cursor_factory = <class 'psycopg2.extensions.cursor'>
kwargs = {'dbname': 'postgres', 'sslmode': 'require', 'channel_binding': 'require', 'client_encoding': 'UTF8', ...}

    def connect(dsn=None, connection_factory=None, cursor_factory=None, **kwargs):
        """
        Create a new database connection.
    
        The connection parameters can be specified as a string:
    
            conn = psycopg2.connect("dbname=test user=postgres password=secret")
    
        or using a set of keyword arguments:
    
            conn = psycopg2.connect(database="test", user="postgres", password="secret")
    
        Or as a mix of both. The basic connection parameters are:
    
        - *dbname*: the database name
        - *database*: the database name (only as keyword argument)
        - *user*: user name used to authenticate
        - *password*: password used to authenticate
        - *host*: database host address (defaults to UNIX socket if not provided)
        - *port*: connection port number (defaults to 5432 if not provided)
    
        Using the *connection_factory* parameter a different class or connections
        factory can be specified. It should be a callable object taking a dsn
        argument.
    
        Using the *cursor_factory* parameter, a new default cursor factory will be
        used by cursor().
    
        Using *async*=True an asynchronous connection will be created. *async_* is
        a valid alias (for Python versions where ``async`` is a keyword).
    
        Any other keyword parameter will be passed to the underlying client
        library: the list of supported parameters depends on the library version.
    
        """
        kwasync = {}
        if 'async' in kwargs:
            kwasync['async'] = kwargs.pop('async')
        if 'async_' in kwargs:
            kwasync['async_'] = kwargs.pop('async_')
    
        dsn = _ext.make_dsn(dsn, **kwargs)
>       conn = _connect(dsn, connection_factory=connection_factory, **kwasync)
               ^^^^^^^^^^^^^^^^^^^^^^^^^^^^^^^^^^^^^^^^^^^^^^^^^^^^^^^^^^^^^^^
E       psycopg2.OperationalError: could not translate host name "ep-holy-star-aznl4z4j-pooler.c-3.ap-southeast-1.aws.neon.tech" to address: Name or service not known

.venv\Lib\site-packages\psycopg2\__init__.py:135: OperationalError

The above exception was the direct cause of the following exception:

self = <DatabaseWrapper vendor='postgresql' alias='default'>

    @contextmanager
    def _nodb_cursor(self):
        cursor = None
        try:
>           with super()._nodb_cursor() as cursor:

.venv\Lib\site-packages\django\db\backends\postgresql\base.py:520: 
_ _ _ _ _ _ _ _ _ _ _ _ _ _ _ _ _ _ _ _ _ _ _ _ _ _ _ _ _ _ _ _ _ _ _ _ _ _ _ _
C:\Users\THAMEEM ANSARI\AppData\Local\Programs\Python\Python312\Lib\contextlib.py:137: in __enter__
    return next(self.gen)
           ^^^^^^^^^^^^^^
.venv\Lib\site-packages\django\db\backends\base\base.py:712: in _nodb_cursor
    with conn.cursor() as cursor:
         ^^^^^^^^^^^^^
.venv\Lib\site-packages\django\utils\asyncio.py:26: in inner
    return func(*args, **kwargs)
           ^^^^^^^^^^^^^^^^^^^^^
.venv\Lib\site-packages\django\db\backends\base\base.py:320: in cursor
    return self._cursor()
           ^^^^^^^^^^^^^^
.venv\Lib\site-packages\django\db\backends\base\base.py:296: in _cursor
    self.ensure_connection()
.venv\Lib\site-packages\django\utils\asyncio.py:26: in inner
    return func(*args, **kwargs)
           ^^^^^^^^^^^^^^^^^^^^^
.venv\Lib\site-packages\django\db\backends\base\base.py:278: in ensure_connection
    with self.wrap_database_errors:
.venv\Lib\site-packages\django\db\utils.py:94: in __exit__
    raise dj_exc_value.with_traceback(traceback) from exc_value
.venv\Lib\site-packages\django\db\backends\base\base.py:279: in ensure_connection
    self.connect()
.venv\Lib\site-packages\django\utils\asyncio.py:26: in inner
    return func(*args, **kwargs)
           ^^^^^^^^^^^^^^^^^^^^^
.venv\Lib\site-packages\django\db\backends\base\base.py:256: in connect
    self.connection = self.get_new_connection(conn_params)
                      ^^^^^^^^^^^^^^^^^^^^^^^^^^^^^^^^^^^^
.venv\Lib\site-packages\django\utils\asyncio.py:26: in inner
    return func(*args, **kwargs)
           ^^^^^^^^^^^^^^^^^^^^^
.venv\Lib\site-packages\django\db\backends\postgresql\base.py:345: in get_new_connection
    connection = self.Database.connect(**conn_params)
                 ^^^^^^^^^^^^^^^^^^^^^^^^^^^^^^^^^^^^
_ _ _ _ _ _ _ _ _ _ _ _ _ _ _ _ _ _ _ _ _ _ _ _ _ _ _ _ _ _ _ _ _ _ _ _ _ _ _ _

dsn = 'dbname=postgres sslmode=require channel_binding=require client_encoding=UTF8 user=neondb_owner password=npg_GHWh56pulnor host=ep-holy-star-aznl4z4j-pooler.c-3.ap-southeast-1.aws.neon.tech'
connection_factory = None, cursor_factory = <class 'psycopg2.extensions.cursor'>
kwargs = {'dbname': 'postgres', 'sslmode': 'require', 'channel_binding': 'require', 'client_encoding': 'UTF8', ...}

    def connect(dsn=None, connection_factory=None, cursor_factory=None, **kwargs):
        """
        Create a new database connection.
    
        The connection parameters can be specified as a string:
    
            conn = psycopg2.connect("dbname=test user=postgres password=secret")
    
        or using a set of keyword arguments:
    
            conn = psycopg2.connect(database="test", user="postgres", password="secret")
    
        Or as a mix of both. The basic connection parameters are:
    
        - *dbname*: the database name
        - *database*: the database name (only as keyword argument)
        - *user*: user name used to authenticate
        - *password*: password used to authenticate
        - *host*: database host address (defaults to UNIX socket if not provided)
        - *port*: connection port number (defaults to 5432 if not provided)
    
        Using the *connection_factory* parameter a different class or connections
        factory can be specified. It should be a callable object taking a dsn
        argument.
    
        Using the *cursor_factory* parameter, a new default cursor factory will be
        used by cursor().
    
        Using *async*=True an asynchronous connection will be created. *async_* is
        a valid alias (for Python versions where ``async`` is a keyword).
    
        Any other keyword parameter will be passed to the underlying client
        library: the list of supported parameters depends on the library version.
    
        """
        kwasync = {}
        if 'async' in kwargs:
            kwasync['async'] = kwargs.pop('async')
        if 'async_' in kwargs:
            kwasync['async_'] = kwargs.pop('async_')
    
        dsn = _ext.make_dsn(dsn, **kwargs)
>       conn = _connect(dsn, connection_factory=connection_factory, **kwasync)
               ^^^^^^^^^^^^^^^^^^^^^^^^^^^^^^^^^^^^^^^^^^^^^^^^^^^^^^^^^^^^^^^
E       django.db.utils.OperationalError: could not translate host name "ep-holy-star-aznl4z4j-pooler.c-3.ap-southeast-1.aws.neon.tech" to address: Name or service not known

.venv\Lib\site-packages\psycopg2\__init__.py:135: OperationalError

During handling of the above exception, another exception occurred:

self = <DatabaseWrapper vendor='postgresql' alias='default'>

    @async_unsafe
    def ensure_connection(self):
        """Guarantee that a connection to the database is established."""
        if self.connection is None:
            if self.in_atomic_block and self.closed_in_transaction:
                raise ProgrammingError(
                    "Cannot open a new connection in an atomic block."
                )
            with self.wrap_database_errors:
>               self.connect()

.venv\Lib\site-packages\django\db\backends\base\base.py:279: 
_ _ _ _ _ _ _ _ _ _ _ _ _ _ _ _ _ _ _ _ _ _ _ _ _ _ _ _ _ _ _ _ _ _ _ _ _ _ _ _
.venv\Lib\site-packages\django\utils\asyncio.py:26: in inner
    return func(*args, **kwargs)
           ^^^^^^^^^^^^^^^^^^^^^
.venv\Lib\site-packages\django\db\backends\base\base.py:256: in connect
    self.connection = self.get_new_connection(conn_params)
                      ^^^^^^^^^^^^^^^^^^^^^^^^^^^^^^^^^^^^
.venv\Lib\site-packages\django\utils\asyncio.py:26: in inner
    return func(*args, **kwargs)
           ^^^^^^^^^^^^^^^^^^^^^
.venv\Lib\site-packages\django\db\backends\postgresql\base.py:345: in get_new_connection
    connection = self.Database.connect(**conn_params)
                 ^^^^^^^^^^^^^^^^^^^^^^^^^^^^^^^^^^^^
_ _ _ _ _ _ _ _ _ _ _ _ _ _ _ _ _ _ _ _ _ _ _ _ _ _ _ _ _ _ _ _ _ _ _ _ _ _ _ _

dsn = 'dbname=neondb sslmode=require channel_binding=require client_encoding=UTF8 user=neondb_owner password=npg_GHWh56pulnor host=ep-holy-star-aznl4z4j-pooler.c-3.ap-southeast-1.aws.neon.tech'
connection_factory = None, cursor_factory = <class 'psycopg2.extensions.cursor'>
kwargs = {'dbname': 'neondb', 'sslmode': 'require', 'channel_binding': 'require', 'client_encoding': 'UTF8', ...}

    def connect(dsn=None, connection_factory=None, cursor_factory=None, **kwargs):
        """
        Create a new database connection.
    
        The connection parameters can be specified as a string:
    
            conn = psycopg2.connect("dbname=test user=postgres password=secret")
    
        or using a set of keyword arguments:
    
            conn = psycopg2.connect(database="test", user="postgres", password="secret")
    
        Or as a mix of both. The basic connection parameters are:
    
        - *dbname*: the database name
        - *database*: the database name (only as keyword argument)
        - *user*: user name used to authenticate
        - *password*: password used to authenticate
        - *host*: database host address (defaults to UNIX socket if not provided)
        - *port*: connection port number (defaults to 5432 if not provided)
    
        Using the *connection_factory* parameter a different class or connections
        factory can be specified. It should be a callable object taking a dsn
        argument.
    
        Using the *cursor_factory* parameter, a new default cursor factory will be
        used by cursor().
    
        Using *async*=True an asynchronous connection will be created. *async_* is
        a valid alias (for Python versions where ``async`` is a keyword).
    
        Any other keyword parameter will be passed to the underlying client
        library: the list of supported parameters depends on the library version.
    
        """
        kwasync = {}
        if 'async' in kwargs:
            kwasync['async'] = kwargs.pop('async')
        if 'async_' in kwargs:
            kwasync['async_'] = kwargs.pop('async_')
    
        dsn = _ext.make_dsn(dsn, **kwargs)
>       conn = _connect(dsn, connection_factory=connection_factory, **kwasync)
               ^^^^^^^^^^^^^^^^^^^^^^^^^^^^^^^^^^^^^^^^^^^^^^^^^^^^^^^^^^^^^^^
E       psycopg2.OperationalError: could not translate host name "ep-holy-star-aznl4z4j-pooler.c-3.ap-southeast-1.aws.neon.tech" to address: Name or service not known

.venv\Lib\site-packages\psycopg2\__init__.py:135: OperationalError

The above exception was the direct cause of the following exception:

request = <SubRequest '_django_db_marker' for <Function test_register_creates_user_and_returns_token>>

    @pytest.fixture(autouse=True)
    def _django_db_marker(request: pytest.FixtureRequest) -> None:
        """Implement the django_db marker, internal to pytest-django."""
        marker = request.node.get_closest_marker("django_db")
        if marker:
>           request.getfixturevalue("_django_db_helper")

.venv\Lib\site-packages\pytest_django\plugin.py:593: 
_ _ _ _ _ _ _ _ _ _ _ _ _ _ _ _ _ _ _ _ _ _ _ _ _ _ _ _ _ _ _ _ _ _ _ _ _ _ _ _
.venv\Lib\site-packages\pytest_django\fixtures.py:186: in django_db_setup
    db_cfg = setup_databases(
.venv\Lib\site-packages\django\test\utils.py:220: in setup_databases
    connection.creation.create_test_db(
.venv\Lib\site-packages\django\db\backends\base\creation.py:75: in create_test_db
    self._create_test_db(verbosity, autoclobber, keepdb)
.venv\Lib\site-packages\django\db\backends\base\creation.py:227: in _create_test_db
    with self._nodb_cursor() as cursor:
C:\Users\THAMEEM ANSARI\AppData\Local\Programs\Python\Python312\Lib\contextlib.py:137: in __enter__
    return next(self.gen)
           ^^^^^^^^^^^^^^
.venv\Lib\site-packages\django\db\backends\postgresql\base.py:546: in _nodb_cursor
    with conn.cursor() as cursor:
         ^^^^^^^^^^^^^
.venv\Lib\site-packages\django\utils\asyncio.py:26: in inner
    return func(*args, **kwargs)
           ^^^^^^^^^^^^^^^^^^^^^
.venv\Lib\site-packages\django\db\backends\base\base.py:320: in cursor
    return self._cursor()
           ^^^^^^^^^^^^^^
.venv\Lib\site-packages\django\db\backends\base\base.py:296: in _cursor
    self.ensure_connection()
.venv\Lib\site-packages\django\utils\asyncio.py:26: in inner
    return func(*args, **kwargs)
           ^^^^^^^^^^^^^^^^^^^^^
.venv\Lib\site-packages\django\db\backends\base\base.py:278: in ensure_connection
    with self.wrap_database_errors:
.venv\Lib\site-packages\django\db\utils.py:94: in __exit__
    raise dj_exc_value.with_traceback(traceback) from exc_value
.venv\Lib\site-packages\django\db\backends\base\base.py:279: in ensure_connection
    self.connect()
.venv\Lib\site-packages\django\utils\asyncio.py:26: in inner
    return func(*args, **kwargs)
           ^^^^^^^^^^^^^^^^^^^^^
.venv\Lib\site-packages\django\db\backends\base\base.py:256: in connect
    self.connection = self.get_new_connection(conn_params)
                      ^^^^^^^^^^^^^^^^^^^^^^^^^^^^^^^^^^^^
.venv\Lib\site-packages\django\utils\asyncio.py:26: in inner
    return func(*args, **kwargs)
           ^^^^^^^^^^^^^^^^^^^^^
.venv\Lib\site-packages\django\db\backends\postgresql\base.py:345: in get_new_connection
    connection = self.Database.connect(**conn_params)
                 ^^^^^^^^^^^^^^^^^^^^^^^^^^^^^^^^^^^^
_ _ _ _ _ _ _ _ _ _ _ _ _ _ _ _ _ _ _ _ _ _ _ _ _ _ _ _ _ _ _ _ _ _ _ _ _ _ _ _

dsn = 'dbname=neondb sslmode=require channel_binding=require client_encoding=UTF8 user=neondb_owner password=npg_GHWh56pulnor host=ep-holy-star-aznl4z4j-pooler.c-3.ap-southeast-1.aws.neon.tech'
connection_factory = None, cursor_factory = <class 'psycopg2.extensions.cursor'>
kwargs = {'dbname': 'neondb', 'sslmode': 'require', 'channel_binding': 'require', 'client_encoding': 'UTF8', ...}

    def connect(dsn=None, connection_factory=None, cursor_factory=None, **kwargs):
        """
        Create a new database connection.
    
        The connection parameters can be specified as a string:
    
            conn = psycopg2.connect("dbname=test user=postgres password=secret")
    
        or using a set of keyword arguments:
    
            conn = psycopg2.connect(database="test", user="postgres", password="secret")
    
        Or as a mix of both. The basic connection parameters are:
    
        - *dbname*: the database name
        - *database*: the database name (only as keyword argument)
        - *user*: user name used to authenticate
        - *password*: password used to authenticate
        - *host*: database host address (defaults to UNIX socket if not provided)
        - *port*: connection port number (defaults to 5432 if not provided)
    
        Using the *connection_factory* parameter a different class or connections
        factory can be specified. It should be a callable object taking a dsn
        argument.
    
        Using the *cursor_factory* parameter, a new default cursor factory will be
        used by cursor().
    
        Using *async*=True an asynchronous connection will be created. *async_* is
        a valid alias (for Python versions where ``async`` is a keyword).
    
        Any other keyword parameter will be passed to the underlying client
        library: the list of supported parameters depends on the library version.
    
        """
        kwasync = {}
        if 'async' in kwargs:
            kwasync['async'] = kwargs.pop('async')
        if 'async_' in kwargs:
            kwasync['async_'] = kwargs.pop('async_')
    
        dsn = _ext.make_dsn(dsn, **kwargs)
>       conn = _connect(dsn, connection_factory=connection_factory, **kwasync)
               ^^^^^^^^^^^^^^^^^^^^^^^^^^^^^^^^^^^^^^^^^^^^^^^^^^^^^^^^^^^^^^^
E       django.db.utils.OperationalError: could not translate host name "ep-holy-star-aznl4z4j-pooler.c-3.ap-southeast-1.aws.neon.tech" to address: Name or service not known

.venv\Lib\site-packages\psycopg2\__init__.py:135: OperationalError
__________ ERROR at setup of test_register_duplicate_username_fails ___________

self = <DatabaseWrapper vendor='postgresql' alias='__no_db__'>

    @async_unsafe
    def ensure_connection(self):
        """Guarantee that a connection to the database is established."""
        if self.connection is None:
            if self.in_atomic_block and self.closed_in_transaction:
                raise ProgrammingError(
                    "Cannot open a new connection in an atomic block."
                )
            with self.wrap_database_errors:
>               self.connect()

.venv\Lib\site-packages\django\db\backends\base\base.py:279: 
_ _ _ _ _ _ _ _ _ _ _ _ _ _ _ _ _ _ _ _ _ _ _ _ _ _ _ _ _ _ _ _ _ _ _ _ _ _ _ _
.venv\Lib\site-packages\django\utils\asyncio.py:26: in inner
    return func(*args, **kwargs)
           ^^^^^^^^^^^^^^^^^^^^^
.venv\Lib\site-packages\django\db\backends\base\base.py:256: in connect
    self.connection = self.get_new_connection(conn_params)
                      ^^^^^^^^^^^^^^^^^^^^^^^^^^^^^^^^^^^^
.venv\Lib\site-packages\django\utils\asyncio.py:26: in inner
    return func(*args, **kwargs)
           ^^^^^^^^^^^^^^^^^^^^^
.venv\Lib\site-packages\django\db\backends\postgresql\base.py:345: in get_new_connection
    connection = self.Database.connect(**conn_params)
                 ^^^^^^^^^^^^^^^^^^^^^^^^^^^^^^^^^^^^
_ _ _ _ _ _ _ _ _ _ _ _ _ _ _ _ _ _ _ _ _ _ _ _ _ _ _ _ _ _ _ _ _ _ _ _ _ _ _ _

dsn = 'dbname=postgres sslmode=require channel_binding=require client_encoding=UTF8 user=neondb_owner password=npg_GHWh56pulnor host=ep-holy-star-aznl4z4j-pooler.c-3.ap-southeast-1.aws.neon.tech'
connection_factory = None, cursor_factory = <class 'psycopg2.extensions.cursor'>
kwargs = {'dbname': 'postgres', 'sslmode': 'require', 'channel_binding': 'require', 'client_encoding': 'UTF8', ...}

    def connect(dsn=None, connection_factory=None, cursor_factory=None, **kwargs):
        """
        Create a new database connection.
    
        The connection parameters can be specified as a string:
    
            conn = psycopg2.connect("dbname=test user=postgres password=secret")
    
        or using a set of keyword arguments:
    
            conn = psycopg2.connect(database="test", user="postgres", password="secret")
    
        Or as a mix of both. The basic connection parameters are:
    
        - *dbname*: the database name
        - *database*: the database name (only as keyword argument)
        - *user*: user name used to authenticate
        - *password*: password used to authenticate
        - *host*: database host address (defaults to UNIX socket if not provided)
        - *port*: connection port number (defaults to 5432 if not provided)
    
        Using the *connection_factory* parameter a different class or connections
        factory can be specified. It should be a callable object taking a dsn
        argument.
    
        Using the *cursor_factory* parameter, a new default cursor factory will be
        used by cursor().
    
        Using *async*=True an asynchronous connection will be created. *async_* is
        a valid alias (for Python versions where ``async`` is a keyword).
    
        Any other keyword parameter will be passed to the underlying client
        library: the list of supported parameters depends on the library version.
    
        """
        kwasync = {}
        if 'async' in kwargs:
            kwasync['async'] = kwargs.pop('async')
        if 'async_' in kwargs:
            kwasync['async_'] = kwargs.pop('async_')
    
        dsn = _ext.make_dsn(dsn, **kwargs)
>       conn = _connect(dsn, connection_factory=connection_factory, **kwasync)
               ^^^^^^^^^^^^^^^^^^^^^^^^^^^^^^^^^^^^^^^^^^^^^^^^^^^^^^^^^^^^^^^
E       psycopg2.OperationalError: could not translate host name "ep-holy-star-aznl4z4j-pooler.c-3.ap-southeast-1.aws.neon.tech" to address: Name or service not known

.venv\Lib\site-packages\psycopg2\__init__.py:135: OperationalError

The above exception was the direct cause of the following exception:

self = <DatabaseWrapper vendor='postgresql' alias='default'>

    @contextmanager
    def _nodb_cursor(self):
        cursor = None
        try:
>           with super()._nodb_cursor() as cursor:

.venv\Lib\site-packages\django\db\backends\postgresql\base.py:520: 
_ _ _ _ _ _ _ _ _ _ _ _ _ _ _ _ _ _ _ _ _ _ _ _ _ _ _ _ _ _ _ _ _ _ _ _ _ _ _ _
C:\Users\THAMEEM ANSARI\AppData\Local\Programs\Python\Python312\Lib\contextlib.py:137: in __enter__
    return next(self.gen)
           ^^^^^^^^^^^^^^
.venv\Lib\site-packages\django\db\backends\base\base.py:712: in _nodb_cursor
    with conn.cursor() as cursor:
         ^^^^^^^^^^^^^
.venv\Lib\site-packages\django\utils\asyncio.py:26: in inner
    return func(*args, **kwargs)
           ^^^^^^^^^^^^^^^^^^^^^
.venv\Lib\site-packages\django\db\backends\base\base.py:320: in cursor
    return self._cursor()
           ^^^^^^^^^^^^^^
.venv\Lib\site-packages\django\db\backends\base\base.py:296: in _cursor
    self.ensure_connection()
.venv\Lib\site-packages\django\utils\asyncio.py:26: in inner
    return func(*args, **kwargs)
           ^^^^^^^^^^^^^^^^^^^^^
.venv\Lib\site-packages\django\db\backends\base\base.py:278: in ensure_connection
    with self.wrap_database_errors:
.venv\Lib\site-packages\django\db\utils.py:94: in __exit__
    raise dj_exc_value.with_traceback(traceback) from exc_value
.venv\Lib\site-packages\django\db\backends\base\base.py:279: in ensure_connection
    self.connect()
.venv\Lib\site-packages\django\utils\asyncio.py:26: in inner
    return func(*args, **kwargs)
           ^^^^^^^^^^^^^^^^^^^^^
.venv\Lib\site-packages\django\db\backends\base\base.py:256: in connect
    self.connection = self.get_new_connection(conn_params)
                      ^^^^^^^^^^^^^^^^^^^^^^^^^^^^^^^^^^^^
.venv\Lib\site-packages\django\utils\asyncio.py:26: in inner
    return func(*args, **kwargs)
           ^^^^^^^^^^^^^^^^^^^^^
.venv\Lib\site-packages\django\db\backends\postgresql\base.py:345: in get_new_connection
    connection = self.Database.connect(**conn_params)
                 ^^^^^^^^^^^^^^^^^^^^^^^^^^^^^^^^^^^^
_ _ _ _ _ _ _ _ _ _ _ _ _ _ _ _ _ _ _ _ _ _ _ _ _ _ _ _ _ _ _ _ _ _ _ _ _ _ _ _

dsn = 'dbname=postgres sslmode=require channel_binding=require client_encoding=UTF8 user=neondb_owner password=npg_GHWh56pulnor host=ep-holy-star-aznl4z4j-pooler.c-3.ap-southeast-1.aws.neon.tech'
connection_factory = None, cursor_factory = <class 'psycopg2.extensions.cursor'>
kwargs = {'dbname': 'postgres', 'sslmode': 'require', 'channel_binding': 'require', 'client_encoding': 'UTF8', ...}

    def connect(dsn=None, connection_factory=None, cursor_factory=None, **kwargs):
        """
        Create a new database connection.
    
        The connection parameters can be specified as a string:
    
            conn = psycopg2.connect("dbname=test user=postgres password=secret")
    
        or using a set of keyword arguments:
    
            conn = psycopg2.connect(database="test", user="postgres", password="secret")
    
        Or as a mix of both. The basic connection parameters are:
    
        - *dbname*: the database name
        - *database*: the database name (only as keyword argument)
        - *user*: user name used to authenticate
        - *password*: password used to authenticate
        - *host*: database host address (defaults to UNIX socket if not provided)
        - *port*: connection port number (defaults to 5432 if not provided)
    
        Using the *connection_factory* parameter a different class or connections
        factory can be specified. It should be a callable object taking a dsn
        argument.
    
        Using the *cursor_factory* parameter, a new default cursor factory will be
        used by cursor().
    
        Using *async*=True an asynchronous connection will be created. *async_* is
        a valid alias (for Python versions where ``async`` is a keyword).
    
        Any other keyword parameter will be passed to the underlying client
        library: the list of supported parameters depends on the library version.
    
        """
        kwasync = {}
        if 'async' in kwargs:
            kwasync['async'] = kwargs.pop('async')
        if 'async_' in kwargs:
            kwasync['async_'] = kwargs.pop('async_')
    
        dsn = _ext.make_dsn(dsn, **kwargs)
>       conn = _connect(dsn, connection_factory=connection_factory, **kwasync)
               ^^^^^^^^^^^^^^^^^^^^^^^^^^^^^^^^^^^^^^^^^^^^^^^^^^^^^^^^^^^^^^^
E       django.db.utils.OperationalError: could not translate host name "ep-holy-star-aznl4z4j-pooler.c-3.ap-southeast-1.aws.neon.tech" to address: Name or service not known

.venv\Lib\site-packages\psycopg2\__init__.py:135: OperationalError

During handling of the above exception, another exception occurred:

self = <DatabaseWrapper vendor='postgresql' alias='default'>

    @async_unsafe
    def ensure_connection(self):
        """Guarantee that a connection to the database is established."""
        if self.connection is None:
            if self.in_atomic_block and self.closed_in_transaction:
                raise ProgrammingError(
                    "Cannot open a new connection in an atomic block."
                )
            with self.wrap_database_errors:
>               self.connect()

.venv\Lib\site-packages\django\db\backends\base\base.py:279: 
_ _ _ _ _ _ _ _ _ _ _ _ _ _ _ _ _ _ _ _ _ _ _ _ _ _ _ _ _ _ _ _ _ _ _ _ _ _ _ _
.venv\Lib\site-packages\django\utils\asyncio.py:26: in inner
    return func(*args, **kwargs)
           ^^^^^^^^^^^^^^^^^^^^^
.venv\Lib\site-packages\django\db\backends\base\base.py:256: in connect
    self.connection = self.get_new_connection(conn_params)
                      ^^^^^^^^^^^^^^^^^^^^^^^^^^^^^^^^^^^^
.venv\Lib\site-packages\django\utils\asyncio.py:26: in inner
    return func(*args, **kwargs)
           ^^^^^^^^^^^^^^^^^^^^^
.venv\Lib\site-packages\django\db\backends\postgresql\base.py:345: in get_new_connection
    connection = self.Database.connect(**conn_params)
                 ^^^^^^^^^^^^^^^^^^^^^^^^^^^^^^^^^^^^
_ _ _ _ _ _ _ _ _ _ _ _ _ _ _ _ _ _ _ _ _ _ _ _ _ _ _ _ _ _ _ _ _ _ _ _ _ _ _ _

dsn = 'dbname=neondb sslmode=require channel_binding=require client_encoding=UTF8 user=neondb_owner password=npg_GHWh56pulnor host=ep-holy-star-aznl4z4j-pooler.c-3.ap-southeast-1.aws.neon.tech'
connection_factory = None, cursor_factory = <class 'psycopg2.extensions.cursor'>
kwargs = {'dbname': 'neondb', 'sslmode': 'require', 'channel_binding': 'require', 'client_encoding': 'UTF8', ...}

    def connect(dsn=None, connection_factory=None, cursor_factory=None, **kwargs):
        """
        Create a new database connection.
    
        The connection parameters can be specified as a string:
    
            conn = psycopg2.connect("dbname=test user=postgres password=secret")
    
        or using a set of keyword arguments:
    
            conn = psycopg2.connect(database="test", user="postgres", password="secret")
    
        Or as a mix of both. The basic connection parameters are:
    
        - *dbname*: the database name
        - *database*: the database name (only as keyword argument)
        - *user*: user name used to authenticate
        - *password*: password used to authenticate
        - *host*: database host address (defaults to UNIX socket if not provided)
        - *port*: connection port number (defaults to 5432 if not provided)
    
        Using the *connection_factory* parameter a different class or connections
        factory can be specified. It should be a callable object taking a dsn
        argument.
    
        Using the *cursor_factory* parameter, a new default cursor factory will be
        used by cursor().
    
        Using *async*=True an asynchronous connection will be created. *async_* is
        a valid alias (for Python versions where ``async`` is a keyword).
    
        Any other keyword parameter will be passed to the underlying client
        library: the list of supported parameters depends on the library version.
    
        """
        kwasync = {}
        if 'async' in kwargs:
            kwasync['async'] = kwargs.pop('async')
        if 'async_' in kwargs:
            kwasync['async_'] = kwargs.pop('async_')
    
        dsn = _ext.make_dsn(dsn, **kwargs)
>       conn = _connect(dsn, connection_factory=connection_factory, **kwasync)
               ^^^^^^^^^^^^^^^^^^^^^^^^^^^^^^^^^^^^^^^^^^^^^^^^^^^^^^^^^^^^^^^
E       psycopg2.OperationalError: could not translate host name "ep-holy-star-aznl4z4j-pooler.c-3.ap-southeast-1.aws.neon.tech" to address: Name or service not known

.venv\Lib\site-packages\psycopg2\__init__.py:135: OperationalError

The above exception was the direct cause of the following exception:

request = <SubRequest 'django_db_setup' for <Function test_job_description_str_uses_title>>
django_test_environment = None
django_db_blocker = <pytest_django.plugin.DjangoDbBlocker object at 0x000001816F2DAB40>
django_db_use_migrations = True, django_db_keepdb = True
django_db_createdb = False, django_db_modify_db_settings = None

    @pytest.fixture(scope="session")
    def django_db_setup(  # noqa: PLR0917
        request: pytest.FixtureRequest,
        django_test_environment: None,  # noqa: ARG001
        django_db_blocker: DjangoDbBlocker,
        django_db_use_migrations: bool,
        django_db_keepdb: bool,
        django_db_createdb: bool,
        django_db_modify_db_settings: None,  # noqa: ARG001
    ) -> Generator[None]:
        """Top level fixture to ensure test databases are available"""
        from django.test.utils import setup_databases, teardown_databases
    
        setup_databases_args = {}
    
        if not django_db_use_migrations:
            _disable_migrations()
    
        if django_db_keepdb and not django_db_createdb:
            setup_databases_args["keepdb"] = True
    
        aliases, serialized_aliases = _get_databases_for_setup(request.session.items)
    
        with django_db_blocker.unblock():
>           db_cfg = setup_databases(
                verbosity=request.config.option.verbose,
                interactive=False,
                aliases=aliases,
                serialized_aliases=serialized_aliases,
                **setup_databases_args,
            )

.venv\Lib\site-packages\pytest_django\fixtures.py:186: 
_ _ _ _ _ _ _ _ _ _ _ _ _ _ _ _ _ _ _ _ _ _ _ _ _ _ _ _ _ _ _ _ _ _ _ _ _ _ _ _
.venv\Lib\site-packages\django\test\utils.py:220: in setup_databases
    connection.creation.create_test_db(
.venv\Lib\site-packages\django\db\backends\base\creation.py:75: in create_test_db
    self._create_test_db(verbosity, autoclobber, keepdb)
.venv\Lib\site-packages\django\db\backends\base\creation.py:227: in _create_test_db
    with self._nodb_cursor() as cursor:
C:\Users\THAMEEM ANSARI\AppData\Local\Programs\Python\Python312\Lib\contextlib.py:137: in __enter__
    return next(self.gen)
           ^^^^^^^^^^^^^^
.venv\Lib\site-packages\django\db\backends\postgresql\base.py:546: in _nodb_cursor
    with conn.cursor() as cursor:
         ^^^^^^^^^^^^^
.venv\Lib\site-packages\django\utils\asyncio.py:26: in inner
    return func(*args, **kwargs)
           ^^^^^^^^^^^^^^^^^^^^^
.venv\Lib\site-packages\django\db\backends\base\base.py:320: in cursor
    return self._cursor()
           ^^^^^^^^^^^^^^
.venv\Lib\site-packages\django\db\backends\base\base.py:296: in _cursor
    self.ensure_connection()
.venv\Lib\site-packages\django\utils\asyncio.py:26: in inner
    return func(*args, **kwargs)
           ^^^^^^^^^^^^^^^^^^^^^
.venv\Lib\site-packages\django\db\backends\base\base.py:278: in ensure_connection
    with self.wrap_database_errors:
.venv\Lib\site-packages\django\db\utils.py:94: in __exit__
    raise dj_exc_value.with_traceback(traceback) from exc_value
.venv\Lib\site-packages\django\db\backends\base\base.py:279: in ensure_connection
    self.connect()
.venv\Lib\site-packages\django\utils\asyncio.py:26: in inner
    return func(*args, **kwargs)
           ^^^^^^^^^^^^^^^^^^^^^
.venv\Lib\site-packages\django\db\backends\base\base.py:256: in connect
    self.connection = self.get_new_connection(conn_params)
                      ^^^^^^^^^^^^^^^^^^^^^^^^^^^^^^^^^^^^
.venv\Lib\site-packages\django\utils\asyncio.py:26: in inner
    return func(*args, **kwargs)
           ^^^^^^^^^^^^^^^^^^^^^
.venv\Lib\site-packages\django\db\backends\postgresql\base.py:345: in get_new_connection
    connection = self.Database.connect(**conn_params)
                 ^^^^^^^^^^^^^^^^^^^^^^^^^^^^^^^^^^^^
_ _ _ _ _ _ _ _ _ _ _ _ _ _ _ _ _ _ _ _ _ _ _ _ _ _ _ _ _ _ _ _ _ _ _ _ _ _ _ _

dsn = 'dbname=neondb sslmode=require channel_binding=require client_encoding=UTF8 user=neondb_owner password=npg_GHWh56pulnor host=ep-holy-star-aznl4z4j-pooler.c-3.ap-southeast-1.aws.neon.tech'
connection_factory = None, cursor_factory = <class 'psycopg2.extensions.cursor'>
kwargs = {'dbname': 'neondb', 'sslmode': 'require', 'channel_binding': 'require', 'client_encoding': 'UTF8', ...}

    def connect(dsn=None, connection_factory=None, cursor_factory=None, **kwargs):
        """
        Create a new database connection.
    
        The connection parameters can be specified as a string:
    
            conn = psycopg2.connect("dbname=test user=postgres password=secret")
    
        or using a set of keyword arguments:
    
            conn = psycopg2.connect(database="test", user="postgres", password="secret")
    
        Or as a mix of both. The basic connection parameters are:
    
        - *dbname*: the database name
        - *database*: the database name (only as keyword argument)
        - *user*: user name used to authenticate
        - *password*: password used to authenticate
        - *host*: database host address (defaults to UNIX socket if not provided)
        - *port*: connection port number (defaults to 5432 if not provided)
    
        Using the *connection_factory* parameter a different class or connections
        factory can be specified. It should be a callable object taking a dsn
        argument.
    
        Using the *cursor_factory* parameter, a new default cursor factory will be
        used by cursor().
    
        Using *async*=True an asynchronous connection will be created. *async_* is
        a valid alias (for Python versions where ``async`` is a keyword).
    
        Any other keyword parameter will be passed to the underlying client
        library: the list of supported parameters depends on the library version.
    
        """
        kwasync = {}
        if 'async' in kwargs:
            kwasync['async'] = kwargs.pop('async')
        if 'async_' in kwargs:
            kwasync['async_'] = kwargs.pop('async_')
    
        dsn = _ext.make_dsn(dsn, **kwargs)
>       conn = _connect(dsn, connection_factory=connection_factory, **kwasync)
               ^^^^^^^^^^^^^^^^^^^^^^^^^^^^^^^^^^^^^^^^^^^^^^^^^^^^^^^^^^^^^^^
E       django.db.utils.OperationalError: could not translate host name "ep-holy-star-aznl4z4j-pooler.c-3.ap-southeast-1.aws.neon.tech" to address: Name or service not known

.venv\Lib\site-packages\psycopg2\__init__.py:135: OperationalError
_____ ERROR at setup of test_login_with_correct_credentials_returns_token _____

self = <DatabaseWrapper vendor='postgresql' alias='__no_db__'>

    @async_unsafe
    def ensure_connection(self):
        """Guarantee that a connection to the database is established."""
        if self.connection is None:
            if self.in_atomic_block and self.closed_in_transaction:
                raise ProgrammingError(
                    "Cannot open a new connection in an atomic block."
                )
            with self.wrap_database_errors:
>               self.connect()

.venv\Lib\site-packages\django\db\backends\base\base.py:279: 
_ _ _ _ _ _ _ _ _ _ _ _ _ _ _ _ _ _ _ _ _ _ _ _ _ _ _ _ _ _ _ _ _ _ _ _ _ _ _ _
.venv\Lib\site-packages\django\utils\asyncio.py:26: in inner
    return func(*args, **kwargs)
           ^^^^^^^^^^^^^^^^^^^^^
.venv\Lib\site-packages\django\db\backends\base\base.py:256: in connect
    self.connection = self.get_new_connection(conn_params)
                      ^^^^^^^^^^^^^^^^^^^^^^^^^^^^^^^^^^^^
.venv\Lib\site-packages\django\utils\asyncio.py:26: in inner
    return func(*args, **kwargs)
           ^^^^^^^^^^^^^^^^^^^^^
.venv\Lib\site-packages\django\db\backends\postgresql\base.py:345: in get_new_connection
    connection = self.Database.connect(**conn_params)
                 ^^^^^^^^^^^^^^^^^^^^^^^^^^^^^^^^^^^^
_ _ _ _ _ _ _ _ _ _ _ _ _ _ _ _ _ _ _ _ _ _ _ _ _ _ _ _ _ _ _ _ _ _ _ _ _ _ _ _

dsn = 'dbname=postgres sslmode=require channel_binding=require client_encoding=UTF8 user=neondb_owner password=npg_GHWh56pulnor host=ep-holy-star-aznl4z4j-pooler.c-3.ap-southeast-1.aws.neon.tech'
connection_factory = None, cursor_factory = <class 'psycopg2.extensions.cursor'>
kwargs = {'dbname': 'postgres', 'sslmode': 'require', 'channel_binding': 'require', 'client_encoding': 'UTF8', ...}

    def connect(dsn=None, connection_factory=None, cursor_factory=None, **kwargs):
        """
        Create a new database connection.
    
        The connection parameters can be specified as a string:
    
            conn = psycopg2.connect("dbname=test user=postgres password=secret")
    
        or using a set of keyword arguments:
    
            conn = psycopg2.connect(database="test", user="postgres", password="secret")
    
        Or as a mix of both. The basic connection parameters are:
    
        - *dbname*: the database name
        - *database*: the database name (only as keyword argument)
        - *user*: user name used to authenticate
        - *password*: password used to authenticate
        - *host*: database host address (defaults to UNIX socket if not provided)
        - *port*: connection port number (defaults to 5432 if not provided)
    
        Using the *connection_factory* parameter a different class or connections
        factory can be specified. It should be a callable object taking a dsn
        argument.
    
        Using the *cursor_factory* parameter, a new default cursor factory will be
        used by cursor().
    
        Using *async*=True an asynchronous connection will be created. *async_* is
        a valid alias (for Python versions where ``async`` is a keyword).
    
        Any other keyword parameter will be passed to the underlying client
        library: the list of supported parameters depends on the library version.
    
        """
        kwasync = {}
        if 'async' in kwargs:
            kwasync['async'] = kwargs.pop('async')
        if 'async_' in kwargs:
            kwasync['async_'] = kwargs.pop('async_')
    
        dsn = _ext.make_dsn(dsn, **kwargs)
>       conn = _connect(dsn, connection_factory=connection_factory, **kwasync)
               ^^^^^^^^^^^^^^^^^^^^^^^^^^^^^^^^^^^^^^^^^^^^^^^^^^^^^^^^^^^^^^^
E       psycopg2.OperationalError: could not translate host name "ep-holy-star-aznl4z4j-pooler.c-3.ap-southeast-1.aws.neon.tech" to address: Name or service not known

.venv\Lib\site-packages\psycopg2\__init__.py:135: OperationalError

The above exception was the direct cause of the following exception:

self = <DatabaseWrapper vendor='postgresql' alias='default'>

    @contextmanager
    def _nodb_cursor(self):
        cursor = None
        try:
>           with super()._nodb_cursor() as cursor:

.venv\Lib\site-packages\django\db\backends\postgresql\base.py:520: 
_ _ _ _ _ _ _ _ _ _ _ _ _ _ _ _ _ _ _ _ _ _ _ _ _ _ _ _ _ _ _ _ _ _ _ _ _ _ _ _
C:\Users\THAMEEM ANSARI\AppData\Local\Programs\Python\Python312\Lib\contextlib.py:137: in __enter__
    return next(self.gen)
           ^^^^^^^^^^^^^^
.venv\Lib\site-packages\django\db\backends\base\base.py:712: in _nodb_cursor
    with conn.cursor() as cursor:
         ^^^^^^^^^^^^^
.venv\Lib\site-packages\django\utils\asyncio.py:26: in inner
    return func(*args, **kwargs)
           ^^^^^^^^^^^^^^^^^^^^^
.venv\Lib\site-packages\django\db\backends\base\base.py:320: in cursor
    return self._cursor()
           ^^^^^^^^^^^^^^
.venv\Lib\site-packages\django\db\backends\base\base.py:296: in _cursor
    self.ensure_connection()
.venv\Lib\site-packages\django\utils\asyncio.py:26: in inner
    return func(*args, **kwargs)
           ^^^^^^^^^^^^^^^^^^^^^
.venv\Lib\site-packages\django\db\backends\base\base.py:278: in ensure_connection
    with self.wrap_database_errors:
.venv\Lib\site-packages\django\db\utils.py:94: in __exit__
    raise dj_exc_value.with_traceback(traceback) from exc_value
.venv\Lib\site-packages\django\db\backends\base\base.py:279: in ensure_connection
    self.connect()
.venv\Lib\site-packages\django\utils\asyncio.py:26: in inner
    return func(*args, **kwargs)
           ^^^^^^^^^^^^^^^^^^^^^
.venv\Lib\site-packages\django\db\backends\base\base.py:256: in connect
    self.connection = self.get_new_connection(conn_params)
                      ^^^^^^^^^^^^^^^^^^^^^^^^^^^^^^^^^^^^
.venv\Lib\site-packages\django\utils\asyncio.py:26: in inner
    return func(*args, **kwargs)
           ^^^^^^^^^^^^^^^^^^^^^
.venv\Lib\site-packages\django\db\backends\postgresql\base.py:345: in get_new_connection
    connection = self.Database.connect(**conn_params)
                 ^^^^^^^^^^^^^^^^^^^^^^^^^^^^^^^^^^^^
_ _ _ _ _ _ _ _ _ _ _ _ _ _ _ _ _ _ _ _ _ _ _ _ _ _ _ _ _ _ _ _ _ _ _ _ _ _ _ _

dsn = 'dbname=postgres sslmode=require channel_binding=require client_encoding=UTF8 user=neondb_owner password=npg_GHWh56pulnor host=ep-holy-star-aznl4z4j-pooler.c-3.ap-southeast-1.aws.neon.tech'
connection_factory = None, cursor_factory = <class 'psycopg2.extensions.cursor'>
kwargs = {'dbname': 'postgres', 'sslmode': 'require', 'channel_binding': 'require', 'client_encoding': 'UTF8', ...}

    def connect(dsn=None, connection_factory=None, cursor_factory=None, **kwargs):
        """
        Create a new database connection.
    
        The connection parameters can be specified as a string:
    
            conn = psycopg2.connect("dbname=test user=postgres password=secret")
    
        or using a set of keyword arguments:
    
            conn = psycopg2.connect(database="test", user="postgres", password="secret")
    
        Or as a mix of both. The basic connection parameters are:
    
        - *dbname*: the database name
        - *database*: the database name (only as keyword argument)
        - *user*: user name used to authenticate
        - *password*: password used to authenticate
        - *host*: database host address (defaults to UNIX socket if not provided)
        - *port*: connection port number (defaults to 5432 if not provided)
    
        Using the *connection_factory* parameter a different class or connections
        factory can be specified. It should be a callable object taking a dsn
        argument.
    
        Using the *cursor_factory* parameter, a new default cursor factory will be
        used by cursor().
    
        Using *async*=True an asynchronous connection will be created. *async_* is
        a valid alias (for Python versions where ``async`` is a keyword).
    
        Any other keyword parameter will be passed to the underlying client
        library: the list of supported parameters depends on the library version.
    
        """
        kwasync = {}
        if 'async' in kwargs:
            kwasync['async'] = kwargs.pop('async')
        if 'async_' in kwargs:
            kwasync['async_'] = kwargs.pop('async_')
    
        dsn = _ext.make_dsn(dsn, **kwargs)
>       conn = _connect(dsn, connection_factory=connection_factory, **kwasync)
               ^^^^^^^^^^^^^^^^^^^^^^^^^^^^^^^^^^^^^^^^^^^^^^^^^^^^^^^^^^^^^^^
E       django.db.utils.OperationalError: could not translate host name "ep-holy-star-aznl4z4j-pooler.c-3.ap-southeast-1.aws.neon.tech" to address: Name or service not known

.venv\Lib\site-packages\psycopg2\__init__.py:135: OperationalError

During handling of the above exception, another exception occurred:

self = <DatabaseWrapper vendor='postgresql' alias='default'>

    @async_unsafe
    def ensure_connection(self):
        """Guarantee that a connection to the database is established."""
        if self.connection is None:
            if self.in_atomic_block and self.closed_in_transaction:
                raise ProgrammingError(
                    "Cannot open a new connection in an atomic block."
                )
            with self.wrap_database_errors:
>               self.connect()

.venv\Lib\site-packages\django\db\backends\base\base.py:279: 
_ _ _ _ _ _ _ _ _ _ _ _ _ _ _ _ _ _ _ _ _ _ _ _ _ _ _ _ _ _ _ _ _ _ _ _ _ _ _ _
.venv\Lib\site-packages\django\utils\asyncio.py:26: in inner
    return func(*args, **kwargs)
           ^^^^^^^^^^^^^^^^^^^^^
.venv\Lib\site-packages\django\db\backends\base\base.py:256: in connect
    self.connection = self.get_new_connection(conn_params)
                      ^^^^^^^^^^^^^^^^^^^^^^^^^^^^^^^^^^^^
.venv\Lib\site-packages\django\utils\asyncio.py:26: in inner
    return func(*args, **kwargs)
           ^^^^^^^^^^^^^^^^^^^^^
.venv\Lib\site-packages\django\db\backends\postgresql\base.py:345: in get_new_connection
    connection = self.Database.connect(**conn_params)
                 ^^^^^^^^^^^^^^^^^^^^^^^^^^^^^^^^^^^^
_ _ _ _ _ _ _ _ _ _ _ _ _ _ _ _ _ _ _ _ _ _ _ _ _ _ _ _ _ _ _ _ _ _ _ _ _ _ _ _

dsn = 'dbname=neondb sslmode=require channel_binding=require client_encoding=UTF8 user=neondb_owner password=npg_GHWh56pulnor host=ep-holy-star-aznl4z4j-pooler.c-3.ap-southeast-1.aws.neon.tech'
connection_factory = None, cursor_factory = <class 'psycopg2.extensions.cursor'>
kwargs = {'dbname': 'neondb', 'sslmode': 'require', 'channel_binding': 'require', 'client_encoding': 'UTF8', ...}

    def connect(dsn=None, connection_factory=None, cursor_factory=None, **kwargs):
        """
        Create a new database connection.
    
        The connection parameters can be specified as a string:
    
            conn = psycopg2.connect("dbname=test user=postgres password=secret")
    
        or using a set of keyword arguments:
    
            conn = psycopg2.connect(database="test", user="postgres", password="secret")
    
        Or as a mix of both. The basic connection parameters are:
    
        - *dbname*: the database name
        - *database*: the database name (only as keyword argument)
        - *user*: user name used to authenticate
        - *password*: password used to authenticate
        - *host*: database host address (defaults to UNIX socket if not provided)
        - *port*: connection port number (defaults to 5432 if not provided)
    
        Using the *connection_factory* parameter a different class or connections
        factory can be specified. It should be a callable object taking a dsn
        argument.
    
        Using the *cursor_factory* parameter, a new default cursor factory will be
        used by cursor().
    
        Using *async*=True an asynchronous connection will be created. *async_* is
        a valid alias (for Python versions where ``async`` is a keyword).
    
        Any other keyword parameter will be passed to the underlying client
        library: the list of supported parameters depends on the library version.
    
        """
        kwasync = {}
        if 'async' in kwargs:
            kwasync['async'] = kwargs.pop('async')
        if 'async_' in kwargs:
            kwasync['async_'] = kwargs.pop('async_')
    
        dsn = _ext.make_dsn(dsn, **kwargs)
>       conn = _connect(dsn, connection_factory=connection_factory, **kwasync)
               ^^^^^^^^^^^^^^^^^^^^^^^^^^^^^^^^^^^^^^^^^^^^^^^^^^^^^^^^^^^^^^^
E       psycopg2.OperationalError: could not translate host name "ep-holy-star-aznl4z4j-pooler.c-3.ap-southeast-1.aws.neon.tech" to address: Name or service not known

.venv\Lib\site-packages\psycopg2\__init__.py:135: OperationalError

The above exception was the direct cause of the following exception:

request = <SubRequest 'django_db_setup' for <Function test_job_description_str_uses_title>>
django_test_environment = None
django_db_blocker = <pytest_django.plugin.DjangoDbBlocker object at 0x000001816F2DAB40>
django_db_use_migrations = True, django_db_keepdb = True
django_db_createdb = False, django_db_modify_db_settings = None

    @pytest.fixture(scope="session")
    def django_db_setup(  # noqa: PLR0917
        request: pytest.FixtureRequest,
        django_test_environment: None,  # noqa: ARG001
        django_db_blocker: DjangoDbBlocker,
        django_db_use_migrations: bool,
        django_db_keepdb: bool,
        django_db_createdb: bool,
        django_db_modify_db_settings: None,  # noqa: ARG001
    ) -> Generator[None]:
        """Top level fixture to ensure test databases are available"""
        from django.test.utils import setup_databases, teardown_databases
    
        setup_databases_args = {}
    
        if not django_db_use_migrations:
            _disable_migrations()
    
        if django_db_keepdb and not django_db_createdb:
            setup_databases_args["keepdb"] = True
    
        aliases, serialized_aliases = _get_databases_for_setup(request.session.items)
    
        with django_db_blocker.unblock():
>           db_cfg = setup_databases(
                verbosity=request.config.option.verbose,
                interactive=False,
                aliases=aliases,
                serialized_aliases=serialized_aliases,
                **setup_databases_args,
            )

.venv\Lib\site-packages\pytest_django\fixtures.py:186: 
_ _ _ _ _ _ _ _ _ _ _ _ _ _ _ _ _ _ _ _ _ _ _ _ _ _ _ _ _ _ _ _ _ _ _ _ _ _ _ _
.venv\Lib\site-packages\django\test\utils.py:220: in setup_databases
    connection.creation.create_test_db(
.venv\Lib\site-packages\django\db\backends\base\creation.py:75: in create_test_db
    self._create_test_db(verbosity, autoclobber, keepdb)
.venv\Lib\site-packages\django\db\backends\base\creation.py:227: in _create_test_db
    with self._nodb_cursor() as cursor:
C:\Users\THAMEEM ANSARI\AppData\Local\Programs\Python\Python312\Lib\contextlib.py:137: in __enter__
    return next(self.gen)
           ^^^^^^^^^^^^^^
.venv\Lib\site-packages\django\db\backends\postgresql\base.py:546: in _nodb_cursor
    with conn.cursor() as cursor:
         ^^^^^^^^^^^^^
.venv\Lib\site-packages\django\utils\asyncio.py:26: in inner
    return func(*args, **kwargs)
           ^^^^^^^^^^^^^^^^^^^^^
.venv\Lib\site-packages\django\db\backends\base\base.py:320: in cursor
    return self._cursor()
           ^^^^^^^^^^^^^^
.venv\Lib\site-packages\django\db\backends\base\base.py:296: in _cursor
    self.ensure_connection()
.venv\Lib\site-packages\django\utils\asyncio.py:26: in inner
    return func(*args, **kwargs)
           ^^^^^^^^^^^^^^^^^^^^^
.venv\Lib\site-packages\django\db\backends\base\base.py:278: in ensure_connection
    with self.wrap_database_errors:
.venv\Lib\site-packages\django\db\utils.py:94: in __exit__
    raise dj_exc_value.with_traceback(traceback) from exc_value
.venv\Lib\site-packages\django\db\backends\base\base.py:279: in ensure_connection
    self.connect()
.venv\Lib\site-packages\django\utils\asyncio.py:26: in inner
    return func(*args, **kwargs)
           ^^^^^^^^^^^^^^^^^^^^^
.venv\Lib\site-packages\django\db\backends\base\base.py:256: in connect
    self.connection = self.get_new_connection(conn_params)
                      ^^^^^^^^^^^^^^^^^^^^^^^^^^^^^^^^^^^^
.venv\Lib\site-packages\django\utils\asyncio.py:26: in inner
    return func(*args, **kwargs)
           ^^^^^^^^^^^^^^^^^^^^^
.venv\Lib\site-packages\django\db\backends\postgresql\base.py:345: in get_new_connection
    connection = self.Database.connect(**conn_params)
                 ^^^^^^^^^^^^^^^^^^^^^^^^^^^^^^^^^^^^
_ _ _ _ _ _ _ _ _ _ _ _ _ _ _ _ _ _ _ _ _ _ _ _ _ _ _ _ _ _ _ _ _ _ _ _ _ _ _ _

dsn = 'dbname=neondb sslmode=require channel_binding=require client_encoding=UTF8 user=neondb_owner password=npg_GHWh56pulnor host=ep-holy-star-aznl4z4j-pooler.c-3.ap-southeast-1.aws.neon.tech'
connection_factory = None, cursor_factory = <class 'psycopg2.extensions.cursor'>
kwargs = {'dbname': 'neondb', 'sslmode': 'require', 'channel_binding': 'require', 'client_encoding': 'UTF8', ...}

    def connect(dsn=None, connection_factory=None, cursor_factory=None, **kwargs):
        """
        Create a new database connection.
    
        The connection parameters can be specified as a string:
    
            conn = psycopg2.connect("dbname=test user=postgres password=secret")
    
        or using a set of keyword arguments:
    
            conn = psycopg2.connect(database="test", user="postgres", password="secret")
    
        Or as a mix of both. The basic connection parameters are:
    
        - *dbname*: the database name
        - *database*: the database name (only as keyword argument)
        - *user*: user name used to authenticate
        - *password*: password used to authenticate
        - *host*: database host address (defaults to UNIX socket if not provided)
        - *port*: connection port number (defaults to 5432 if not provided)
    
        Using the *connection_factory* parameter a different class or connections
        factory can be specified. It should be a callable object taking a dsn
        argument.
    
        Using the *cursor_factory* parameter, a new default cursor factory will be
        used by cursor().
    
        Using *async*=True an asynchronous connection will be created. *async_* is
        a valid alias (for Python versions where ``async`` is a keyword).
    
        Any other keyword parameter will be passed to the underlying client
        library: the list of supported parameters depends on the library version.
    
        """
        kwasync = {}
        if 'async' in kwargs:
            kwasync['async'] = kwargs.pop('async')
        if 'async_' in kwargs:
            kwasync['async_'] = kwargs.pop('async_')
    
        dsn = _ext.make_dsn(dsn, **kwargs)
>       conn = _connect(dsn, connection_factory=connection_factory, **kwasync)
               ^^^^^^^^^^^^^^^^^^^^^^^^^^^^^^^^^^^^^^^^^^^^^^^^^^^^^^^^^^^^^^^
E       django.db.utils.OperationalError: could not translate host name "ep-holy-star-aznl4z4j-pooler.c-3.ap-southeast-1.aws.neon.tech" to address: Name or service not known

.venv\Lib\site-packages\psycopg2\__init__.py:135: OperationalError
___________ ERROR at setup of test_login_with_wrong_password_fails ____________

self = <DatabaseWrapper vendor='postgresql' alias='__no_db__'>

    @async_unsafe
    def ensure_connection(self):
        """Guarantee that a connection to the database is established."""
        if self.connection is None:
            if self.in_atomic_block and self.closed_in_transaction:
                raise ProgrammingError(
                    "Cannot open a new connection in an atomic block."
                )
            with self.wrap_database_errors:
>               self.connect()

.venv\Lib\site-packages\django\db\backends\base\base.py:279: 
_ _ _ _ _ _ _ _ _ _ _ _ _ _ _ _ _ _ _ _ _ _ _ _ _ _ _ _ _ _ _ _ _ _ _ _ _ _ _ _
.venv\Lib\site-packages\django\utils\asyncio.py:26: in inner
    return func(*args, **kwargs)
           ^^^^^^^^^^^^^^^^^^^^^
.venv\Lib\site-packages\django\db\backends\base\base.py:256: in connect
    self.connection = self.get_new_connection(conn_params)
                      ^^^^^^^^^^^^^^^^^^^^^^^^^^^^^^^^^^^^
.venv\Lib\site-packages\django\utils\asyncio.py:26: in inner
    return func(*args, **kwargs)
           ^^^^^^^^^^^^^^^^^^^^^
.venv\Lib\site-packages\django\db\backends\postgresql\base.py:345: in get_new_connection
    connection = self.Database.connect(**conn_params)
                 ^^^^^^^^^^^^^^^^^^^^^^^^^^^^^^^^^^^^
_ _ _ _ _ _ _ _ _ _ _ _ _ _ _ _ _ _ _ _ _ _ _ _ _ _ _ _ _ _ _ _ _ _ _ _ _ _ _ _

dsn = 'dbname=postgres sslmode=require channel_binding=require client_encoding=UTF8 user=neondb_owner password=npg_GHWh56pulnor host=ep-holy-star-aznl4z4j-pooler.c-3.ap-southeast-1.aws.neon.tech'
connection_factory = None, cursor_factory = <class 'psycopg2.extensions.cursor'>
kwargs = {'dbname': 'postgres', 'sslmode': 'require', 'channel_binding': 'require', 'client_encoding': 'UTF8', ...}

    def connect(dsn=None, connection_factory=None, cursor_factory=None, **kwargs):
        """
        Create a new database connection.
    
        The connection parameters can be specified as a string:
    
            conn = psycopg2.connect("dbname=test user=postgres password=secret")
    
        or using a set of keyword arguments:
    
            conn = psycopg2.connect(database="test", user="postgres", password="secret")
    
        Or as a mix of both. The basic connection parameters are:
    
        - *dbname*: the database name
        - *database*: the database name (only as keyword argument)
        - *user*: user name used to authenticate
        - *password*: password used to authenticate
        - *host*: database host address (defaults to UNIX socket if not provided)
        - *port*: connection port number (defaults to 5432 if not provided)
    
        Using the *connection_factory* parameter a different class or connections
        factory can be specified. It should be a callable object taking a dsn
        argument.
    
        Using the *cursor_factory* parameter, a new default cursor factory will be
        used by cursor().
    
        Using *async*=True an asynchronous connection will be created. *async_* is
        a valid alias (for Python versions where ``async`` is a keyword).
    
        Any other keyword parameter will be passed to the underlying client
        library: the list of supported parameters depends on the library version.
    
        """
        kwasync = {}
        if 'async' in kwargs:
            kwasync['async'] = kwargs.pop('async')
        if 'async_' in kwargs:
            kwasync['async_'] = kwargs.pop('async_')
    
        dsn = _ext.make_dsn(dsn, **kwargs)
>       conn = _connect(dsn, connection_factory=connection_factory, **kwasync)
               ^^^^^^^^^^^^^^^^^^^^^^^^^^^^^^^^^^^^^^^^^^^^^^^^^^^^^^^^^^^^^^^
E       psycopg2.OperationalError: could not translate host name "ep-holy-star-aznl4z4j-pooler.c-3.ap-southeast-1.aws.neon.tech" to address: Name or service not known

.venv\Lib\site-packages\psycopg2\__init__.py:135: OperationalError

The above exception was the direct cause of the following exception:

self = <DatabaseWrapper vendor='postgresql' alias='default'>

    @contextmanager
    def _nodb_cursor(self):
        cursor = None
        try:
>           with super()._nodb_cursor() as cursor:

.venv\Lib\site-packages\django\db\backends\postgresql\base.py:520: 
_ _ _ _ _ _ _ _ _ _ _ _ _ _ _ _ _ _ _ _ _ _ _ _ _ _ _ _ _ _ _ _ _ _ _ _ _ _ _ _
C:\Users\THAMEEM ANSARI\AppData\Local\Programs\Python\Python312\Lib\contextlib.py:137: in __enter__
    return next(self.gen)
           ^^^^^^^^^^^^^^
.venv\Lib\site-packages\django\db\backends\base\base.py:712: in _nodb_cursor
    with conn.cursor() as cursor:
         ^^^^^^^^^^^^^
.venv\Lib\site-packages\django\utils\asyncio.py:26: in inner
    return func(*args, **kwargs)
           ^^^^^^^^^^^^^^^^^^^^^
.venv\Lib\site-packages\django\db\backends\base\base.py:320: in cursor
    return self._cursor()
           ^^^^^^^^^^^^^^
.venv\Lib\site-packages\django\db\backends\base\base.py:296: in _cursor
    self.ensure_connection()
.venv\Lib\site-packages\django\utils\asyncio.py:26: in inner
    return func(*args, **kwargs)
           ^^^^^^^^^^^^^^^^^^^^^
.venv\Lib\site-packages\django\db\backends\base\base.py:278: in ensure_connection
    with self.wrap_database_errors:
.venv\Lib\site-packages\django\db\utils.py:94: in __exit__
    raise dj_exc_value.with_traceback(traceback) from exc_value
.venv\Lib\site-packages\django\db\backends\base\base.py:279: in ensure_connection
    self.connect()
.venv\Lib\site-packages\django\utils\asyncio.py:26: in inner
    return func(*args, **kwargs)
           ^^^^^^^^^^^^^^^^^^^^^
.venv\Lib\site-packages\django\db\backends\base\base.py:256: in connect
    self.connection = self.get_new_connection(conn_params)
                      ^^^^^^^^^^^^^^^^^^^^^^^^^^^^^^^^^^^^
.venv\Lib\site-packages\django\utils\asyncio.py:26: in inner
    return func(*args, **kwargs)
           ^^^^^^^^^^^^^^^^^^^^^
.venv\Lib\site-packages\django\db\backends\postgresql\base.py:345: in get_new_connection
    connection = self.Database.connect(**conn_params)
                 ^^^^^^^^^^^^^^^^^^^^^^^^^^^^^^^^^^^^
_ _ _ _ _ _ _ _ _ _ _ _ _ _ _ _ _ _ _ _ _ _ _ _ _ _ _ _ _ _ _ _ _ _ _ _ _ _ _ _

dsn = 'dbname=postgres sslmode=require channel_binding=require client_encoding=UTF8 user=neondb_owner password=npg_GHWh56pulnor host=ep-holy-star-aznl4z4j-pooler.c-3.ap-southeast-1.aws.neon.tech'
connection_factory = None, cursor_factory = <class 'psycopg2.extensions.cursor'>
kwargs = {'dbname': 'postgres', 'sslmode': 'require', 'channel_binding': 'require', 'client_encoding': 'UTF8', ...}

    def connect(dsn=None, connection_factory=None, cursor_factory=None, **kwargs):
        """
        Create a new database connection.
    
        The connection parameters can be specified as a string:
    
            conn = psycopg2.connect("dbname=test user=postgres password=secret")
    
        or using a set of keyword arguments:
    
            conn = psycopg2.connect(database="test", user="postgres", password="secret")
    
        Or as a mix of both. The basic connection parameters are:
    
        - *dbname*: the database name
        - *database*: the database name (only as keyword argument)
        - *user*: user name used to authenticate
        - *password*: password used to authenticate
        - *host*: database host address (defaults to UNIX socket if not provided)
        - *port*: connection port number (defaults to 5432 if not provided)
    
        Using the *connection_factory* parameter a different class or connections
        factory can be specified. It should be a callable object taking a dsn
        argument.
    
        Using the *cursor_factory* parameter, a new default cursor factory will be
        used by cursor().
    
        Using *async*=True an asynchronous connection will be created. *async_* is
        a valid alias (for Python versions where ``async`` is a keyword).
    
        Any other keyword parameter will be passed to the underlying client
        library: the list of supported parameters depends on the library version.
    
        """
        kwasync = {}
        if 'async' in kwargs:
            kwasync['async'] = kwargs.pop('async')
        if 'async_' in kwargs:
            kwasync['async_'] = kwargs.pop('async_')
    
        dsn = _ext.make_dsn(dsn, **kwargs)
>       conn = _connect(dsn, connection_factory=connection_factory, **kwasync)
               ^^^^^^^^^^^^^^^^^^^^^^^^^^^^^^^^^^^^^^^^^^^^^^^^^^^^^^^^^^^^^^^
E       django.db.utils.OperationalError: could not translate host name "ep-holy-star-aznl4z4j-pooler.c-3.ap-southeast-1.aws.neon.tech" to address: Name or service not known

.venv\Lib\site-packages\psycopg2\__init__.py:135: OperationalError

During handling of the above exception, another exception occurred:

self = <DatabaseWrapper vendor='postgresql' alias='default'>

    @async_unsafe
    def ensure_connection(self):
        """Guarantee that a connection to the database is established."""
        if self.connection is None:
            if self.in_atomic_block and self.closed_in_transaction:
                raise ProgrammingError(
                    "Cannot open a new connection in an atomic block."
                )
            with self.wrap_database_errors:
>               self.connect()

.venv\Lib\site-packages\django\db\backends\base\base.py:279: 
_ _ _ _ _ _ _ _ _ _ _ _ _ _ _ _ _ _ _ _ _ _ _ _ _ _ _ _ _ _ _ _ _ _ _ _ _ _ _ _
.venv\Lib\site-packages\django\utils\asyncio.py:26: in inner
    return func(*args, **kwargs)
           ^^^^^^^^^^^^^^^^^^^^^
.venv\Lib\site-packages\django\db\backends\base\base.py:256: in connect
    self.connection = self.get_new_connection(conn_params)
                      ^^^^^^^^^^^^^^^^^^^^^^^^^^^^^^^^^^^^
.venv\Lib\site-packages\django\utils\asyncio.py:26: in inner
    return func(*args, **kwargs)
           ^^^^^^^^^^^^^^^^^^^^^
.venv\Lib\site-packages\django\db\backends\postgresql\base.py:345: in get_new_connection
    connection = self.Database.connect(**conn_params)
                 ^^^^^^^^^^^^^^^^^^^^^^^^^^^^^^^^^^^^
_ _ _ _ _ _ _ _ _ _ _ _ _ _ _ _ _ _ _ _ _ _ _ _ _ _ _ _ _ _ _ _ _ _ _ _ _ _ _ _

dsn = 'dbname=neondb sslmode=require channel_binding=require client_encoding=UTF8 user=neondb_owner password=npg_GHWh56pulnor host=ep-holy-star-aznl4z4j-pooler.c-3.ap-southeast-1.aws.neon.tech'
connection_factory = None, cursor_factory = <class 'psycopg2.extensions.cursor'>
kwargs = {'dbname': 'neondb', 'sslmode': 'require', 'channel_binding': 'require', 'client_encoding': 'UTF8', ...}

    def connect(dsn=None, connection_factory=None, cursor_factory=None, **kwargs):
        """
        Create a new database connection.
    
        The connection parameters can be specified as a string:
    
            conn = psycopg2.connect("dbname=test user=postgres password=secret")
    
        or using a set of keyword arguments:
    
            conn = psycopg2.connect(database="test", user="postgres", password="secret")
    
        Or as a mix of both. The basic connection parameters are:
    
        - *dbname*: the database name
        - *database*: the database name (only as keyword argument)
        - *user*: user name used to authenticate
        - *password*: password used to authenticate
        - *host*: database host address (defaults to UNIX socket if not provided)
        - *port*: connection port number (defaults to 5432 if not provided)
    
        Using the *connection_factory* parameter a different class or connections
        factory can be specified. It should be a callable object taking a dsn
        argument.
    
        Using the *cursor_factory* parameter, a new default cursor factory will be
        used by cursor().
    
        Using *async*=True an asynchronous connection will be created. *async_* is
        a valid alias (for Python versions where ``async`` is a keyword).
    
        Any other keyword parameter will be passed to the underlying client
        library: the list of supported parameters depends on the library version.
    
        """
        kwasync = {}
        if 'async' in kwargs:
            kwasync['async'] = kwargs.pop('async')
        if 'async_' in kwargs:
            kwasync['async_'] = kwargs.pop('async_')
    
        dsn = _ext.make_dsn(dsn, **kwargs)
>       conn = _connect(dsn, connection_factory=connection_factory, **kwasync)
               ^^^^^^^^^^^^^^^^^^^^^^^^^^^^^^^^^^^^^^^^^^^^^^^^^^^^^^^^^^^^^^^
E       psycopg2.OperationalError: could not translate host name "ep-holy-star-aznl4z4j-pooler.c-3.ap-southeast-1.aws.neon.tech" to address: Name or service not known

.venv\Lib\site-packages\psycopg2\__init__.py:135: OperationalError

The above exception was the direct cause of the following exception:

request = <SubRequest 'django_db_setup' for <Function test_job_description_str_uses_title>>
django_test_environment = None
django_db_blocker = <pytest_django.plugin.DjangoDbBlocker object at 0x000001816F2DAB40>
django_db_use_migrations = True, django_db_keepdb = True
django_db_createdb = False, django_db_modify_db_settings = None

    @pytest.fixture(scope="session")
    def django_db_setup(  # noqa: PLR0917
        request: pytest.FixtureRequest,
        django_test_environment: None,  # noqa: ARG001
        django_db_blocker: DjangoDbBlocker,
        django_db_use_migrations: bool,
        django_db_keepdb: bool,
        django_db_createdb: bool,
        django_db_modify_db_settings: None,  # noqa: ARG001
    ) -> Generator[None]:
        """Top level fixture to ensure test databases are available"""
        from django.test.utils import setup_databases, teardown_databases
    
        setup_databases_args = {}
    
        if not django_db_use_migrations:
            _disable_migrations()
    
        if django_db_keepdb and not django_db_createdb:
            setup_databases_args["keepdb"] = True
    
        aliases, serialized_aliases = _get_databases_for_setup(request.session.items)
    
        with django_db_blocker.unblock():
>           db_cfg = setup_databases(
                verbosity=request.config.option.verbose,
                interactive=False,
                aliases=aliases,
                serialized_aliases=serialized_aliases,
                **setup_databases_args,
            )

.venv\Lib\site-packages\pytest_django\fixtures.py:186: 
_ _ _ _ _ _ _ _ _ _ _ _ _ _ _ _ _ _ _ _ _ _ _ _ _ _ _ _ _ _ _ _ _ _ _ _ _ _ _ _
.venv\Lib\site-packages\django\test\utils.py:220: in setup_databases
    connection.creation.create_test_db(
.venv\Lib\site-packages\django\db\backends\base\creation.py:75: in create_test_db
    self._create_test_db(verbosity, autoclobber, keepdb)
.venv\Lib\site-packages\django\db\backends\base\creation.py:227: in _create_test_db
    with self._nodb_cursor() as cursor:
C:\Users\THAMEEM ANSARI\AppData\Local\Programs\Python\Python312\Lib\contextlib.py:137: in __enter__
    return next(self.gen)
           ^^^^^^^^^^^^^^
.venv\Lib\site-packages\django\db\backends\postgresql\base.py:546: in _nodb_cursor
    with conn.cursor() as cursor:
         ^^^^^^^^^^^^^
.venv\Lib\site-packages\django\utils\asyncio.py:26: in inner
    return func(*args, **kwargs)
           ^^^^^^^^^^^^^^^^^^^^^
.venv\Lib\site-packages\django\db\backends\base\base.py:320: in cursor
    return self._cursor()
           ^^^^^^^^^^^^^^
.venv\Lib\site-packages\django\db\backends\base\base.py:296: in _cursor
    self.ensure_connection()
.venv\Lib\site-packages\django\utils\asyncio.py:26: in inner
    return func(*args, **kwargs)
           ^^^^^^^^^^^^^^^^^^^^^
.venv\Lib\site-packages\django\db\backends\base\base.py:278: in ensure_connection
    with self.wrap_database_errors:
.venv\Lib\site-packages\django\db\utils.py:94: in __exit__
    raise dj_exc_value.with_traceback(traceback) from exc_value
.venv\Lib\site-packages\django\db\backends\base\base.py:279: in ensure_connection
    self.connect()
.venv\Lib\site-packages\django\utils\asyncio.py:26: in inner
    return func(*args, **kwargs)
           ^^^^^^^^^^^^^^^^^^^^^
.venv\Lib\site-packages\django\db\backends\base\base.py:256: in connect
    self.connection = self.get_new_connection(conn_params)
                      ^^^^^^^^^^^^^^^^^^^^^^^^^^^^^^^^^^^^
.venv\Lib\site-packages\django\utils\asyncio.py:26: in inner
    return func(*args, **kwargs)
           ^^^^^^^^^^^^^^^^^^^^^
.venv\Lib\site-packages\django\db\backends\postgresql\base.py:345: in get_new_connection
    connection = self.Database.connect(**conn_params)
                 ^^^^^^^^^^^^^^^^^^^^^^^^^^^^^^^^^^^^
_ _ _ _ _ _ _ _ _ _ _ _ _ _ _ _ _ _ _ _ _ _ _ _ _ _ _ _ _ _ _ _ _ _ _ _ _ _ _ _

dsn = 'dbname=neondb sslmode=require channel_binding=require client_encoding=UTF8 user=neondb_owner password=npg_GHWh56pulnor host=ep-holy-star-aznl4z4j-pooler.c-3.ap-southeast-1.aws.neon.tech'
connection_factory = None, cursor_factory = <class 'psycopg2.extensions.cursor'>
kwargs = {'dbname': 'neondb', 'sslmode': 'require', 'channel_binding': 'require', 'client_encoding': 'UTF8', ...}

    def connect(dsn=None, connection_factory=None, cursor_factory=None, **kwargs):
        """
        Create a new database connection.
    
        The connection parameters can be specified as a string:
    
            conn = psycopg2.connect("dbname=test user=postgres password=secret")
    
        or using a set of keyword arguments:
    
            conn = psycopg2.connect(database="test", user="postgres", password="secret")
    
        Or as a mix of both. The basic connection parameters are:
    
        - *dbname*: the database name
        - *database*: the database name (only as keyword argument)
        - *user*: user name used to authenticate
        - *password*: password used to authenticate
        - *host*: database host address (defaults to UNIX socket if not provided)
        - *port*: connection port number (defaults to 5432 if not provided)
    
        Using the *connection_factory* parameter a different class or connections
        factory can be specified. It should be a callable object taking a dsn
        argument.
    
        Using the *cursor_factory* parameter, a new default cursor factory will be
        used by cursor().
    
        Using *async*=True an asynchronous connection will be created. *async_* is
        a valid alias (for Python versions where ``async`` is a keyword).
    
        Any other keyword parameter will be passed to the underlying client
        library: the list of supported parameters depends on the library version.
    
        """
        kwasync = {}
        if 'async' in kwargs:
            kwasync['async'] = kwargs.pop('async')
        if 'async_' in kwargs:
            kwasync['async_'] = kwargs.pop('async_')
    
        dsn = _ext.make_dsn(dsn, **kwargs)
>       conn = _connect(dsn, connection_factory=connection_factory, **kwasync)
               ^^^^^^^^^^^^^^^^^^^^^^^^^^^^^^^^^^^^^^^^^^^^^^^^^^^^^^^^^^^^^^^
E       django.db.utils.OperationalError: could not translate host name "ep-holy-star-aznl4z4j-pooler.c-3.ap-southeast-1.aws.neon.tech" to address: Name or service not known

.venv\Lib\site-packages\psycopg2\__init__.py:135: OperationalError
________ ERROR at setup of test_resume_upload_requires_authentication _________

self = <DatabaseWrapper vendor='postgresql' alias='__no_db__'>

    @async_unsafe
    def ensure_connection(self):
        """Guarantee that a connection to the database is established."""
        if self.connection is None:
            if self.in_atomic_block and self.closed_in_transaction:
                raise ProgrammingError(
                    "Cannot open a new connection in an atomic block."
                )
            with self.wrap_database_errors:
>               self.connect()

.venv\Lib\site-packages\django\db\backends\base\base.py:279: 
_ _ _ _ _ _ _ _ _ _ _ _ _ _ _ _ _ _ _ _ _ _ _ _ _ _ _ _ _ _ _ _ _ _ _ _ _ _ _ _
.venv\Lib\site-packages\django\utils\asyncio.py:26: in inner
    return func(*args, **kwargs)
           ^^^^^^^^^^^^^^^^^^^^^
.venv\Lib\site-packages\django\db\backends\base\base.py:256: in connect
    self.connection = self.get_new_connection(conn_params)
                      ^^^^^^^^^^^^^^^^^^^^^^^^^^^^^^^^^^^^
.venv\Lib\site-packages\django\utils\asyncio.py:26: in inner
    return func(*args, **kwargs)
           ^^^^^^^^^^^^^^^^^^^^^
.venv\Lib\site-packages\django\db\backends\postgresql\base.py:345: in get_new_connection
    connection = self.Database.connect(**conn_params)
                 ^^^^^^^^^^^^^^^^^^^^^^^^^^^^^^^^^^^^
_ _ _ _ _ _ _ _ _ _ _ _ _ _ _ _ _ _ _ _ _ _ _ _ _ _ _ _ _ _ _ _ _ _ _ _ _ _ _ _

dsn = 'dbname=postgres sslmode=require channel_binding=require client_encoding=UTF8 user=neondb_owner password=npg_GHWh56pulnor host=ep-holy-star-aznl4z4j-pooler.c-3.ap-southeast-1.aws.neon.tech'
connection_factory = None, cursor_factory = <class 'psycopg2.extensions.cursor'>
kwargs = {'dbname': 'postgres', 'sslmode': 'require', 'channel_binding': 'require', 'client_encoding': 'UTF8', ...}

    def connect(dsn=None, connection_factory=None, cursor_factory=None, **kwargs):
        """
        Create a new database connection.
    
        The connection parameters can be specified as a string:
    
            conn = psycopg2.connect("dbname=test user=postgres password=secret")
    
        or using a set of keyword arguments:
    
            conn = psycopg2.connect(database="test", user="postgres", password="secret")
    
        Or as a mix of both. The basic connection parameters are:
    
        - *dbname*: the database name
        - *database*: the database name (only as keyword argument)
        - *user*: user name used to authenticate
        - *password*: password used to authenticate
        - *host*: database host address (defaults to UNIX socket if not provided)
        - *port*: connection port number (defaults to 5432 if not provided)
    
        Using the *connection_factory* parameter a different class or connections
        factory can be specified. It should be a callable object taking a dsn
        argument.
    
        Using the *cursor_factory* parameter, a new default cursor factory will be
        used by cursor().
    
        Using *async*=True an asynchronous connection will be created. *async_* is
        a valid alias (for Python versions where ``async`` is a keyword).
    
        Any other keyword parameter will be passed to the underlying client
        library: the list of supported parameters depends on the library version.
    
        """
        kwasync = {}
        if 'async' in kwargs:
            kwasync['async'] = kwargs.pop('async')
        if 'async_' in kwargs:
            kwasync['async_'] = kwargs.pop('async_')
    
        dsn = _ext.make_dsn(dsn, **kwargs)
>       conn = _connect(dsn, connection_factory=connection_factory, **kwasync)
               ^^^^^^^^^^^^^^^^^^^^^^^^^^^^^^^^^^^^^^^^^^^^^^^^^^^^^^^^^^^^^^^
E       psycopg2.OperationalError: could not translate host name "ep-holy-star-aznl4z4j-pooler.c-3.ap-southeast-1.aws.neon.tech" to address: Name or service not known

.venv\Lib\site-packages\psycopg2\__init__.py:135: OperationalError

The above exception was the direct cause of the following exception:

self = <DatabaseWrapper vendor='postgresql' alias='default'>

    @contextmanager
    def _nodb_cursor(self):
        cursor = None
        try:
>           with super()._nodb_cursor() as cursor:

.venv\Lib\site-packages\django\db\backends\postgresql\base.py:520: 
_ _ _ _ _ _ _ _ _ _ _ _ _ _ _ _ _ _ _ _ _ _ _ _ _ _ _ _ _ _ _ _ _ _ _ _ _ _ _ _
C:\Users\THAMEEM ANSARI\AppData\Local\Programs\Python\Python312\Lib\contextlib.py:137: in __enter__
    return next(self.gen)
           ^^^^^^^^^^^^^^
.venv\Lib\site-packages\django\db\backends\base\base.py:712: in _nodb_cursor
    with conn.cursor() as cursor:
         ^^^^^^^^^^^^^
.venv\Lib\site-packages\django\utils\asyncio.py:26: in inner
    return func(*args, **kwargs)
           ^^^^^^^^^^^^^^^^^^^^^
.venv\Lib\site-packages\django\db\backends\base\base.py:320: in cursor
    return self._cursor()
           ^^^^^^^^^^^^^^
.venv\Lib\site-packages\django\db\backends\base\base.py:296: in _cursor
    self.ensure_connection()
.venv\Lib\site-packages\django\utils\asyncio.py:26: in inner
    return func(*args, **kwargs)
           ^^^^^^^^^^^^^^^^^^^^^
.venv\Lib\site-packages\django\db\backends\base\base.py:278: in ensure_connection
    with self.wrap_database_errors:
.venv\Lib\site-packages\django\db\utils.py:94: in __exit__
    raise dj_exc_value.with_traceback(traceback) from exc_value
.venv\Lib\site-packages\django\db\backends\base\base.py:279: in ensure_connection
    self.connect()
.venv\Lib\site-packages\django\utils\asyncio.py:26: in inner
    return func(*args, **kwargs)
           ^^^^^^^^^^^^^^^^^^^^^
.venv\Lib\site-packages\django\db\backends\base\base.py:256: in connect
    self.connection = self.get_new_connection(conn_params)
                      ^^^^^^^^^^^^^^^^^^^^^^^^^^^^^^^^^^^^
.venv\Lib\site-packages\django\utils\asyncio.py:26: in inner
    return func(*args, **kwargs)
           ^^^^^^^^^^^^^^^^^^^^^
.venv\Lib\site-packages\django\db\backends\postgresql\base.py:345: in get_new_connection
    connection = self.Database.connect(**conn_params)
                 ^^^^^^^^^^^^^^^^^^^^^^^^^^^^^^^^^^^^
_ _ _ _ _ _ _ _ _ _ _ _ _ _ _ _ _ _ _ _ _ _ _ _ _ _ _ _ _ _ _ _ _ _ _ _ _ _ _ _

dsn = 'dbname=postgres sslmode=require channel_binding=require client_encoding=UTF8 user=neondb_owner password=npg_GHWh56pulnor host=ep-holy-star-aznl4z4j-pooler.c-3.ap-southeast-1.aws.neon.tech'
connection_factory = None, cursor_factory = <class 'psycopg2.extensions.cursor'>
kwargs = {'dbname': 'postgres', 'sslmode': 'require', 'channel_binding': 'require', 'client_encoding': 'UTF8', ...}

    def connect(dsn=None, connection_factory=None, cursor_factory=None, **kwargs):
        """
        Create a new database connection.
    
        The connection parameters can be specified as a string:
    
            conn = psycopg2.connect("dbname=test user=postgres password=secret")
    
        or using a set of keyword arguments:
    
            conn = psycopg2.connect(database="test", user="postgres", password="secret")
    
        Or as a mix of both. The basic connection parameters are:
    
        - *dbname*: the database name
        - *database*: the database name (only as keyword argument)
        - *user*: user name used to authenticate
        - *password*: password used to authenticate
        - *host*: database host address (defaults to UNIX socket if not provided)
        - *port*: connection port number (defaults to 5432 if not provided)
    
        Using the *connection_factory* parameter a different class or connections
        factory can be specified. It should be a callable object taking a dsn
        argument.
    
        Using the *cursor_factory* parameter, a new default cursor factory will be
        used by cursor().
    
        Using *async*=True an asynchronous connection will be created. *async_* is
        a valid alias (for Python versions where ``async`` is a keyword).
    
        Any other keyword parameter will be passed to the underlying client
        library: the list of supported parameters depends on the library version.
    
        """
        kwasync = {}
        if 'async' in kwargs:
            kwasync['async'] = kwargs.pop('async')
        if 'async_' in kwargs:
            kwasync['async_'] = kwargs.pop('async_')
    
        dsn = _ext.make_dsn(dsn, **kwargs)
>       conn = _connect(dsn, connection_factory=connection_factory, **kwasync)
               ^^^^^^^^^^^^^^^^^^^^^^^^^^^^^^^^^^^^^^^^^^^^^^^^^^^^^^^^^^^^^^^
E       django.db.utils.OperationalError: could not translate host name "ep-holy-star-aznl4z4j-pooler.c-3.ap-southeast-1.aws.neon.tech" to address: Name or service not known

.venv\Lib\site-packages\psycopg2\__init__.py:135: OperationalError

During handling of the above exception, another exception occurred:

self = <DatabaseWrapper vendor='postgresql' alias='default'>

    @async_unsafe
    def ensure_connection(self):
        """Guarantee that a connection to the database is established."""
        if self.connection is None:
            if self.in_atomic_block and self.closed_in_transaction:
                raise ProgrammingError(
                    "Cannot open a new connection in an atomic block."
                )
            with self.wrap_database_errors:
>               self.connect()

.venv\Lib\site-packages\django\db\backends\base\base.py:279: 
_ _ _ _ _ _ _ _ _ _ _ _ _ _ _ _ _ _ _ _ _ _ _ _ _ _ _ _ _ _ _ _ _ _ _ _ _ _ _ _
.venv\Lib\site-packages\django\utils\asyncio.py:26: in inner
    return func(*args, **kwargs)
           ^^^^^^^^^^^^^^^^^^^^^
.venv\Lib\site-packages\django\db\backends\base\base.py:256: in connect
    self.connection = self.get_new_connection(conn_params)
                      ^^^^^^^^^^^^^^^^^^^^^^^^^^^^^^^^^^^^
.venv\Lib\site-packages\django\utils\asyncio.py:26: in inner
    return func(*args, **kwargs)
           ^^^^^^^^^^^^^^^^^^^^^
.venv\Lib\site-packages\django\db\backends\postgresql\base.py:345: in get_new_connection
    connection = self.Database.connect(**conn_params)
                 ^^^^^^^^^^^^^^^^^^^^^^^^^^^^^^^^^^^^
_ _ _ _ _ _ _ _ _ _ _ _ _ _ _ _ _ _ _ _ _ _ _ _ _ _ _ _ _ _ _ _ _ _ _ _ _ _ _ _

dsn = 'dbname=neondb sslmode=require channel_binding=require client_encoding=UTF8 user=neondb_owner password=npg_GHWh56pulnor host=ep-holy-star-aznl4z4j-pooler.c-3.ap-southeast-1.aws.neon.tech'
connection_factory = None, cursor_factory = <class 'psycopg2.extensions.cursor'>
kwargs = {'dbname': 'neondb', 'sslmode': 'require', 'channel_binding': 'require', 'client_encoding': 'UTF8', ...}

    def connect(dsn=None, connection_factory=None, cursor_factory=None, **kwargs):
        """
        Create a new database connection.
    
        The connection parameters can be specified as a string:
    
            conn = psycopg2.connect("dbname=test user=postgres password=secret")
    
        or using a set of keyword arguments:
    
            conn = psycopg2.connect(database="test", user="postgres", password="secret")
    
        Or as a mix of both. The basic connection parameters are:
    
        - *dbname*: the database name
        - *database*: the database name (only as keyword argument)
        - *user*: user name used to authenticate
        - *password*: password used to authenticate
        - *host*: database host address (defaults to UNIX socket if not provided)
        - *port*: connection port number (defaults to 5432 if not provided)
    
        Using the *connection_factory* parameter a different class or connections
        factory can be specified. It should be a callable object taking a dsn
        argument.
    
        Using the *cursor_factory* parameter, a new default cursor factory will be
        used by cursor().
    
        Using *async*=True an asynchronous connection will be created. *async_* is
        a valid alias (for Python versions where ``async`` is a keyword).
    
        Any other keyword parameter will be passed to the underlying client
        library: the list of supported parameters depends on the library version.
    
        """
        kwasync = {}
        if 'async' in kwargs:
            kwasync['async'] = kwargs.pop('async')
        if 'async_' in kwargs:
            kwasync['async_'] = kwargs.pop('async_')
    
        dsn = _ext.make_dsn(dsn, **kwargs)
>       conn = _connect(dsn, connection_factory=connection_factory, **kwasync)
               ^^^^^^^^^^^^^^^^^^^^^^^^^^^^^^^^^^^^^^^^^^^^^^^^^^^^^^^^^^^^^^^
E       psycopg2.OperationalError: could not translate host name "ep-holy-star-aznl4z4j-pooler.c-3.ap-southeast-1.aws.neon.tech" to address: Name or service not known

.venv\Lib\site-packages\psycopg2\__init__.py:135: OperationalError

The above exception was the direct cause of the following exception:

request = <SubRequest '_django_db_marker' for <Function test_resume_upload_requires_authentication>>

    @pytest.fixture(autouse=True)
    def _django_db_marker(request: pytest.FixtureRequest) -> None:
        """Implement the django_db marker, internal to pytest-django."""
        marker = request.node.get_closest_marker("django_db")
        if marker:
>           request.getfixturevalue("_django_db_helper")

.venv\Lib\site-packages\pytest_django\plugin.py:593: 
_ _ _ _ _ _ _ _ _ _ _ _ _ _ _ _ _ _ _ _ _ _ _ _ _ _ _ _ _ _ _ _ _ _ _ _ _ _ _ _
.venv\Lib\site-packages\pytest_django\fixtures.py:186: in django_db_setup
    db_cfg = setup_databases(
.venv\Lib\site-packages\django\test\utils.py:220: in setup_databases
    connection.creation.create_test_db(
.venv\Lib\site-packages\django\db\backends\base\creation.py:75: in create_test_db
    self._create_test_db(verbosity, autoclobber, keepdb)
.venv\Lib\site-packages\django\db\backends\base\creation.py:227: in _create_test_db
    with self._nodb_cursor() as cursor:
C:\Users\THAMEEM ANSARI\AppData\Local\Programs\Python\Python312\Lib\contextlib.py:137: in __enter__
    return next(self.gen)
           ^^^^^^^^^^^^^^
.venv\Lib\site-packages\django\db\backends\postgresql\base.py:546: in _nodb_cursor
    with conn.cursor() as cursor:
         ^^^^^^^^^^^^^
.venv\Lib\site-packages\django\utils\asyncio.py:26: in inner
    return func(*args, **kwargs)
           ^^^^^^^^^^^^^^^^^^^^^
.venv\Lib\site-packages\django\db\backends\base\base.py:320: in cursor
    return self._cursor()
           ^^^^^^^^^^^^^^
.venv\Lib\site-packages\django\db\backends\base\base.py:296: in _cursor
    self.ensure_connection()
.venv\Lib\site-packages\django\utils\asyncio.py:26: in inner
    return func(*args, **kwargs)
           ^^^^^^^^^^^^^^^^^^^^^
.venv\Lib\site-packages\django\db\backends\base\base.py:278: in ensure_connection
    with self.wrap_database_errors:
.venv\Lib\site-packages\django\db\utils.py:94: in __exit__
    raise dj_exc_value.with_traceback(traceback) from exc_value
.venv\Lib\site-packages\django\db\backends\base\base.py:279: in ensure_connection
    self.connect()
.venv\Lib\site-packages\django\utils\asyncio.py:26: in inner
    return func(*args, **kwargs)
           ^^^^^^^^^^^^^^^^^^^^^
.venv\Lib\site-packages\django\db\backends\base\base.py:256: in connect
    self.connection = self.get_new_connection(conn_params)
                      ^^^^^^^^^^^^^^^^^^^^^^^^^^^^^^^^^^^^
.venv\Lib\site-packages\django\utils\asyncio.py:26: in inner
    return func(*args, **kwargs)
           ^^^^^^^^^^^^^^^^^^^^^
.venv\Lib\site-packages\django\db\backends\postgresql\base.py:345: in get_new_connection
    connection = self.Database.connect(**conn_params)
                 ^^^^^^^^^^^^^^^^^^^^^^^^^^^^^^^^^^^^
_ _ _ _ _ _ _ _ _ _ _ _ _ _ _ _ _ _ _ _ _ _ _ _ _ _ _ _ _ _ _ _ _ _ _ _ _ _ _ _

dsn = 'dbname=neondb sslmode=require channel_binding=require client_encoding=UTF8 user=neondb_owner password=npg_GHWh56pulnor host=ep-holy-star-aznl4z4j-pooler.c-3.ap-southeast-1.aws.neon.tech'
connection_factory = None, cursor_factory = <class 'psycopg2.extensions.cursor'>
kwargs = {'dbname': 'neondb', 'sslmode': 'require', 'channel_binding': 'require', 'client_encoding': 'UTF8', ...}

    def connect(dsn=None, connection_factory=None, cursor_factory=None, **kwargs):
        """
        Create a new database connection.
    
        The connection parameters can be specified as a string:
    
            conn = psycopg2.connect("dbname=test user=postgres password=secret")
    
        or using a set of keyword arguments:
    
            conn = psycopg2.connect(database="test", user="postgres", password="secret")
    
        Or as a mix of both. The basic connection parameters are:
    
        - *dbname*: the database name
        - *database*: the database name (only as keyword argument)
        - *user*: user name used to authenticate
        - *password*: password used to authenticate
        - *host*: database host address (defaults to UNIX socket if not provided)
        - *port*: connection port number (defaults to 5432 if not provided)
    
        Using the *connection_factory* parameter a different class or connections
        factory can be specified. It should be a callable object taking a dsn
        argument.
    
        Using the *cursor_factory* parameter, a new default cursor factory will be
        used by cursor().
    
        Using *async*=True an asynchronous connection will be created. *async_* is
        a valid alias (for Python versions where ``async`` is a keyword).
    
        Any other keyword parameter will be passed to the underlying client
        library: the list of supported parameters depends on the library version.
    
        """
        kwasync = {}
        if 'async' in kwargs:
            kwasync['async'] = kwargs.pop('async')
        if 'async_' in kwargs:
            kwasync['async_'] = kwargs.pop('async_')
    
        dsn = _ext.make_dsn(dsn, **kwargs)
>       conn = _connect(dsn, connection_factory=connection_factory, **kwasync)
               ^^^^^^^^^^^^^^^^^^^^^^^^^^^^^^^^^^^^^^^^^^^^^^^^^^^^^^^^^^^^^^^
E       django.db.utils.OperationalError: could not translate host name "ep-holy-star-aznl4z4j-pooler.c-3.ap-southeast-1.aws.neon.tech" to address: Name or service not known

.venv\Lib\site-packages\psycopg2\__init__.py:135: OperationalError
_____________ ERROR at setup of test_resume_upload_extracts_text ______________

self = <DatabaseWrapper vendor='postgresql' alias='__no_db__'>

    @async_unsafe
    def ensure_connection(self):
        """Guarantee that a connection to the database is established."""
        if self.connection is None:
            if self.in_atomic_block and self.closed_in_transaction:
                raise ProgrammingError(
                    "Cannot open a new connection in an atomic block."
                )
            with self.wrap_database_errors:
>               self.connect()

.venv\Lib\site-packages\django\db\backends\base\base.py:279: 
_ _ _ _ _ _ _ _ _ _ _ _ _ _ _ _ _ _ _ _ _ _ _ _ _ _ _ _ _ _ _ _ _ _ _ _ _ _ _ _
.venv\Lib\site-packages\django\utils\asyncio.py:26: in inner
    return func(*args, **kwargs)
           ^^^^^^^^^^^^^^^^^^^^^
.venv\Lib\site-packages\django\db\backends\base\base.py:256: in connect
    self.connection = self.get_new_connection(conn_params)
                      ^^^^^^^^^^^^^^^^^^^^^^^^^^^^^^^^^^^^
.venv\Lib\site-packages\django\utils\asyncio.py:26: in inner
    return func(*args, **kwargs)
           ^^^^^^^^^^^^^^^^^^^^^
.venv\Lib\site-packages\django\db\backends\postgresql\base.py:345: in get_new_connection
    connection = self.Database.connect(**conn_params)
                 ^^^^^^^^^^^^^^^^^^^^^^^^^^^^^^^^^^^^
_ _ _ _ _ _ _ _ _ _ _ _ _ _ _ _ _ _ _ _ _ _ _ _ _ _ _ _ _ _ _ _ _ _ _ _ _ _ _ _

dsn = 'dbname=postgres sslmode=require channel_binding=require client_encoding=UTF8 user=neondb_owner password=npg_GHWh56pulnor host=ep-holy-star-aznl4z4j-pooler.c-3.ap-southeast-1.aws.neon.tech'
connection_factory = None, cursor_factory = <class 'psycopg2.extensions.cursor'>
kwargs = {'dbname': 'postgres', 'sslmode': 'require', 'channel_binding': 'require', 'client_encoding': 'UTF8', ...}

    def connect(dsn=None, connection_factory=None, cursor_factory=None, **kwargs):
        """
        Create a new database connection.
    
        The connection parameters can be specified as a string:
    
            conn = psycopg2.connect("dbname=test user=postgres password=secret")
    
        or using a set of keyword arguments:
    
            conn = psycopg2.connect(database="test", user="postgres", password="secret")
    
        Or as a mix of both. The basic connection parameters are:
    
        - *dbname*: the database name
        - *database*: the database name (only as keyword argument)
        - *user*: user name used to authenticate
        - *password*: password used to authenticate
        - *host*: database host address (defaults to UNIX socket if not provided)
        - *port*: connection port number (defaults to 5432 if not provided)
    
        Using the *connection_factory* parameter a different class or connections
        factory can be specified. It should be a callable object taking a dsn
        argument.
    
        Using the *cursor_factory* parameter, a new default cursor factory will be
        used by cursor().
    
        Using *async*=True an asynchronous connection will be created. *async_* is
        a valid alias (for Python versions where ``async`` is a keyword).
    
        Any other keyword parameter will be passed to the underlying client
        library: the list of supported parameters depends on the library version.
    
        """
        kwasync = {}
        if 'async' in kwargs:
            kwasync['async'] = kwargs.pop('async')
        if 'async_' in kwargs:
            kwasync['async_'] = kwargs.pop('async_')
    
        dsn = _ext.make_dsn(dsn, **kwargs)
>       conn = _connect(dsn, connection_factory=connection_factory, **kwasync)
               ^^^^^^^^^^^^^^^^^^^^^^^^^^^^^^^^^^^^^^^^^^^^^^^^^^^^^^^^^^^^^^^
E       psycopg2.OperationalError: could not translate host name "ep-holy-star-aznl4z4j-pooler.c-3.ap-southeast-1.aws.neon.tech" to address: Name or service not known

.venv\Lib\site-packages\psycopg2\__init__.py:135: OperationalError

The above exception was the direct cause of the following exception:

self = <DatabaseWrapper vendor='postgresql' alias='default'>

    @contextmanager
    def _nodb_cursor(self):
        cursor = None
        try:
>           with super()._nodb_cursor() as cursor:

.venv\Lib\site-packages\django\db\backends\postgresql\base.py:520: 
_ _ _ _ _ _ _ _ _ _ _ _ _ _ _ _ _ _ _ _ _ _ _ _ _ _ _ _ _ _ _ _ _ _ _ _ _ _ _ _
C:\Users\THAMEEM ANSARI\AppData\Local\Programs\Python\Python312\Lib\contextlib.py:137: in __enter__
    return next(self.gen)
           ^^^^^^^^^^^^^^
.venv\Lib\site-packages\django\db\backends\base\base.py:712: in _nodb_cursor
    with conn.cursor() as cursor:
         ^^^^^^^^^^^^^
.venv\Lib\site-packages\django\utils\asyncio.py:26: in inner
    return func(*args, **kwargs)
           ^^^^^^^^^^^^^^^^^^^^^
.venv\Lib\site-packages\django\db\backends\base\base.py:320: in cursor
    return self._cursor()
           ^^^^^^^^^^^^^^
.venv\Lib\site-packages\django\db\backends\base\base.py:296: in _cursor
    self.ensure_connection()
.venv\Lib\site-packages\django\utils\asyncio.py:26: in inner
    return func(*args, **kwargs)
           ^^^^^^^^^^^^^^^^^^^^^
.venv\Lib\site-packages\django\db\backends\base\base.py:278: in ensure_connection
    with self.wrap_database_errors:
.venv\Lib\site-packages\django\db\utils.py:94: in __exit__
    raise dj_exc_value.with_traceback(traceback) from exc_value
.venv\Lib\site-packages\django\db\backends\base\base.py:279: in ensure_connection
    self.connect()
.venv\Lib\site-packages\django\utils\asyncio.py:26: in inner
    return func(*args, **kwargs)
           ^^^^^^^^^^^^^^^^^^^^^
.venv\Lib\site-packages\django\db\backends\base\base.py:256: in connect
    self.connection = self.get_new_connection(conn_params)
                      ^^^^^^^^^^^^^^^^^^^^^^^^^^^^^^^^^^^^
.venv\Lib\site-packages\django\utils\asyncio.py:26: in inner
    return func(*args, **kwargs)
           ^^^^^^^^^^^^^^^^^^^^^
.venv\Lib\site-packages\django\db\backends\postgresql\base.py:345: in get_new_connection
    connection = self.Database.connect(**conn_params)
                 ^^^^^^^^^^^^^^^^^^^^^^^^^^^^^^^^^^^^
_ _ _ _ _ _ _ _ _ _ _ _ _ _ _ _ _ _ _ _ _ _ _ _ _ _ _ _ _ _ _ _ _ _ _ _ _ _ _ _

dsn = 'dbname=postgres sslmode=require channel_binding=require client_encoding=UTF8 user=neondb_owner password=npg_GHWh56pulnor host=ep-holy-star-aznl4z4j-pooler.c-3.ap-southeast-1.aws.neon.tech'
connection_factory = None, cursor_factory = <class 'psycopg2.extensions.cursor'>
kwargs = {'dbname': 'postgres', 'sslmode': 'require', 'channel_binding': 'require', 'client_encoding': 'UTF8', ...}

    def connect(dsn=None, connection_factory=None, cursor_factory=None, **kwargs):
        """
        Create a new database connection.
    
        The connection parameters can be specified as a string:
    
            conn = psycopg2.connect("dbname=test user=postgres password=secret")
    
        or using a set of keyword arguments:
    
            conn = psycopg2.connect(database="test", user="postgres", password="secret")
    
        Or as a mix of both. The basic connection parameters are:
    
        - *dbname*: the database name
        - *database*: the database name (only as keyword argument)
        - *user*: user name used to authenticate
        - *password*: password used to authenticate
        - *host*: database host address (defaults to UNIX socket if not provided)
        - *port*: connection port number (defaults to 5432 if not provided)
    
        Using the *connection_factory* parameter a different class or connections
        factory can be specified. It should be a callable object taking a dsn
        argument.
    
        Using the *cursor_factory* parameter, a new default cursor factory will be
        used by cursor().
    
        Using *async*=True an asynchronous connection will be created. *async_* is
        a valid alias (for Python versions where ``async`` is a keyword).
    
        Any other keyword parameter will be passed to the underlying client
        library: the list of supported parameters depends on the library version.
    
        """
        kwasync = {}
        if 'async' in kwargs:
            kwasync['async'] = kwargs.pop('async')
        if 'async_' in kwargs:
            kwasync['async_'] = kwargs.pop('async_')
    
        dsn = _ext.make_dsn(dsn, **kwargs)
>       conn = _connect(dsn, connection_factory=connection_factory, **kwasync)
               ^^^^^^^^^^^^^^^^^^^^^^^^^^^^^^^^^^^^^^^^^^^^^^^^^^^^^^^^^^^^^^^
E       django.db.utils.OperationalError: could not translate host name "ep-holy-star-aznl4z4j-pooler.c-3.ap-southeast-1.aws.neon.tech" to address: Name or service not known

.venv\Lib\site-packages\psycopg2\__init__.py:135: OperationalError

During handling of the above exception, another exception occurred:

self = <DatabaseWrapper vendor='postgresql' alias='default'>

    @async_unsafe
    def ensure_connection(self):
        """Guarantee that a connection to the database is established."""
        if self.connection is None:
            if self.in_atomic_block and self.closed_in_transaction:
                raise ProgrammingError(
                    "Cannot open a new connection in an atomic block."
                )
            with self.wrap_database_errors:
>               self.connect()

.venv\Lib\site-packages\django\db\backends\base\base.py:279: 
_ _ _ _ _ _ _ _ _ _ _ _ _ _ _ _ _ _ _ _ _ _ _ _ _ _ _ _ _ _ _ _ _ _ _ _ _ _ _ _
.venv\Lib\site-packages\django\utils\asyncio.py:26: in inner
    return func(*args, **kwargs)
           ^^^^^^^^^^^^^^^^^^^^^
.venv\Lib\site-packages\django\db\backends\base\base.py:256: in connect
    self.connection = self.get_new_connection(conn_params)
                      ^^^^^^^^^^^^^^^^^^^^^^^^^^^^^^^^^^^^
.venv\Lib\site-packages\django\utils\asyncio.py:26: in inner
    return func(*args, **kwargs)
           ^^^^^^^^^^^^^^^^^^^^^
.venv\Lib\site-packages\django\db\backends\postgresql\base.py:345: in get_new_connection
    connection = self.Database.connect(**conn_params)
                 ^^^^^^^^^^^^^^^^^^^^^^^^^^^^^^^^^^^^
_ _ _ _ _ _ _ _ _ _ _ _ _ _ _ _ _ _ _ _ _ _ _ _ _ _ _ _ _ _ _ _ _ _ _ _ _ _ _ _

dsn = 'dbname=neondb sslmode=require channel_binding=require client_encoding=UTF8 user=neondb_owner password=npg_GHWh56pulnor host=ep-holy-star-aznl4z4j-pooler.c-3.ap-southeast-1.aws.neon.tech'
connection_factory = None, cursor_factory = <class 'psycopg2.extensions.cursor'>
kwargs = {'dbname': 'neondb', 'sslmode': 'require', 'channel_binding': 'require', 'client_encoding': 'UTF8', ...}

    def connect(dsn=None, connection_factory=None, cursor_factory=None, **kwargs):
        """
        Create a new database connection.
    
        The connection parameters can be specified as a string:
    
            conn = psycopg2.connect("dbname=test user=postgres password=secret")
    
        or using a set of keyword arguments:
    
            conn = psycopg2.connect(database="test", user="postgres", password="secret")
    
        Or as a mix of both. The basic connection parameters are:
    
        - *dbname*: the database name
        - *database*: the database name (only as keyword argument)
        - *user*: user name used to authenticate
        - *password*: password used to authenticate
        - *host*: database host address (defaults to UNIX socket if not provided)
        - *port*: connection port number (defaults to 5432 if not provided)
    
        Using the *connection_factory* parameter a different class or connections
        factory can be specified. It should be a callable object taking a dsn
        argument.
    
        Using the *cursor_factory* parameter, a new default cursor factory will be
        used by cursor().
    
        Using *async*=True an asynchronous connection will be created. *async_* is
        a valid alias (for Python versions where ``async`` is a keyword).
    
        Any other keyword parameter will be passed to the underlying client
        library: the list of supported parameters depends on the library version.
    
        """
        kwasync = {}
        if 'async' in kwargs:
            kwasync['async'] = kwargs.pop('async')
        if 'async_' in kwargs:
            kwasync['async_'] = kwargs.pop('async_')
    
        dsn = _ext.make_dsn(dsn, **kwargs)
>       conn = _connect(dsn, connection_factory=connection_factory, **kwasync)
               ^^^^^^^^^^^^^^^^^^^^^^^^^^^^^^^^^^^^^^^^^^^^^^^^^^^^^^^^^^^^^^^
E       psycopg2.OperationalError: could not translate host name "ep-holy-star-aznl4z4j-pooler.c-3.ap-southeast-1.aws.neon.tech" to address: Name or service not known

.venv\Lib\site-packages\psycopg2\__init__.py:135: OperationalError

The above exception was the direct cause of the following exception:

request = <SubRequest 'django_db_setup' for <Function test_job_description_str_uses_title>>
django_test_environment = None
django_db_blocker = <pytest_django.plugin.DjangoDbBlocker object at 0x000001816F2DAB40>
django_db_use_migrations = True, django_db_keepdb = True
django_db_createdb = False, django_db_modify_db_settings = None

    @pytest.fixture(scope="session")
    def django_db_setup(  # noqa: PLR0917
        request: pytest.FixtureRequest,
        django_test_environment: None,  # noqa: ARG001
        django_db_blocker: DjangoDbBlocker,
        django_db_use_migrations: bool,
        django_db_keepdb: bool,
        django_db_createdb: bool,
        django_db_modify_db_settings: None,  # noqa: ARG001
    ) -> Generator[None]:
        """Top level fixture to ensure test databases are available"""
        from django.test.utils import setup_databases, teardown_databases
    
        setup_databases_args = {}
    
        if not django_db_use_migrations:
            _disable_migrations()
    
        if django_db_keepdb and not django_db_createdb:
            setup_databases_args["keepdb"] = True
    
        aliases, serialized_aliases = _get_databases_for_setup(request.session.items)
    
        with django_db_blocker.unblock():
>           db_cfg = setup_databases(
                verbosity=request.config.option.verbose,
                interactive=False,
                aliases=aliases,
                serialized_aliases=serialized_aliases,
                **setup_databases_args,
            )

.venv\Lib\site-packages\pytest_django\fixtures.py:186: 
_ _ _ _ _ _ _ _ _ _ _ _ _ _ _ _ _ _ _ _ _ _ _ _ _ _ _ _ _ _ _ _ _ _ _ _ _ _ _ _
.venv\Lib\site-packages\django\test\utils.py:220: in setup_databases
    connection.creation.create_test_db(
.venv\Lib\site-packages\django\db\backends\base\creation.py:75: in create_test_db
    self._create_test_db(verbosity, autoclobber, keepdb)
.venv\Lib\site-packages\django\db\backends\base\creation.py:227: in _create_test_db
    with self._nodb_cursor() as cursor:
C:\Users\THAMEEM ANSARI\AppData\Local\Programs\Python\Python312\Lib\contextlib.py:137: in __enter__
    return next(self.gen)
           ^^^^^^^^^^^^^^
.venv\Lib\site-packages\django\db\backends\postgresql\base.py:546: in _nodb_cursor
    with conn.cursor() as cursor:
         ^^^^^^^^^^^^^
.venv\Lib\site-packages\django\utils\asyncio.py:26: in inner
    return func(*args, **kwargs)
           ^^^^^^^^^^^^^^^^^^^^^
.venv\Lib\site-packages\django\db\backends\base\base.py:320: in cursor
    return self._cursor()
           ^^^^^^^^^^^^^^
.venv\Lib\site-packages\django\db\backends\base\base.py:296: in _cursor
    self.ensure_connection()
.venv\Lib\site-packages\django\utils\asyncio.py:26: in inner
    return func(*args, **kwargs)
           ^^^^^^^^^^^^^^^^^^^^^
.venv\Lib\site-packages\django\db\backends\base\base.py:278: in ensure_connection
    with self.wrap_database_errors:
.venv\Lib\site-packages\django\db\utils.py:94: in __exit__
    raise dj_exc_value.with_traceback(traceback) from exc_value
.venv\Lib\site-packages\django\db\backends\base\base.py:279: in ensure_connection
    self.connect()
.venv\Lib\site-packages\django\utils\asyncio.py:26: in inner
    return func(*args, **kwargs)
           ^^^^^^^^^^^^^^^^^^^^^
.venv\Lib\site-packages\django\db\backends\base\base.py:256: in connect
    self.connection = self.get_new_connection(conn_params)
                      ^^^^^^^^^^^^^^^^^^^^^^^^^^^^^^^^^^^^
.venv\Lib\site-packages\django\utils\asyncio.py:26: in inner
    return func(*args, **kwargs)
           ^^^^^^^^^^^^^^^^^^^^^
.venv\Lib\site-packages\django\db\backends\postgresql\base.py:345: in get_new_connection
    connection = self.Database.connect(**conn_params)
                 ^^^^^^^^^^^^^^^^^^^^^^^^^^^^^^^^^^^^
_ _ _ _ _ _ _ _ _ _ _ _ _ _ _ _ _ _ _ _ _ _ _ _ _ _ _ _ _ _ _ _ _ _ _ _ _ _ _ _

dsn = 'dbname=neondb sslmode=require channel_binding=require client_encoding=UTF8 user=neondb_owner password=npg_GHWh56pulnor host=ep-holy-star-aznl4z4j-pooler.c-3.ap-southeast-1.aws.neon.tech'
connection_factory = None, cursor_factory = <class 'psycopg2.extensions.cursor'>
kwargs = {'dbname': 'neondb', 'sslmode': 'require', 'channel_binding': 'require', 'client_encoding': 'UTF8', ...}

    def connect(dsn=None, connection_factory=None, cursor_factory=None, **kwargs):
        """
        Create a new database connection.
    
        The connection parameters can be specified as a string:
    
            conn = psycopg2.connect("dbname=test user=postgres password=secret")
    
        or using a set of keyword arguments:
    
            conn = psycopg2.connect(database="test", user="postgres", password="secret")
    
        Or as a mix of both. The basic connection parameters are:
    
        - *dbname*: the database name
        - *database*: the database name (only as keyword argument)
        - *user*: user name used to authenticate
        - *password*: password used to authenticate
        - *host*: database host address (defaults to UNIX socket if not provided)
        - *port*: connection port number (defaults to 5432 if not provided)
    
        Using the *connection_factory* parameter a different class or connections
        factory can be specified. It should be a callable object taking a dsn
        argument.
    
        Using the *cursor_factory* parameter, a new default cursor factory will be
        used by cursor().
    
        Using *async*=True an asynchronous connection will be created. *async_* is
        a valid alias (for Python versions where ``async`` is a keyword).
    
        Any other keyword parameter will be passed to the underlying client
        library: the list of supported parameters depends on the library version.
    
        """
        kwasync = {}
        if 'async' in kwargs:
            kwasync['async'] = kwargs.pop('async')
        if 'async_' in kwargs:
            kwasync['async_'] = kwargs.pop('async_')
    
        dsn = _ext.make_dsn(dsn, **kwargs)
>       conn = _connect(dsn, connection_factory=connection_factory, **kwasync)
               ^^^^^^^^^^^^^^^^^^^^^^^^^^^^^^^^^^^^^^^^^^^^^^^^^^^^^^^^^^^^^^^
E       django.db.utils.OperationalError: could not translate host name "ep-holy-star-aznl4z4j-pooler.c-3.ap-southeast-1.aws.neon.tech" to address: Name or service not known

.venv\Lib\site-packages\psycopg2\__init__.py:135: OperationalError
__________________ ERROR at setup of test_analysis_full_flow __________________

self = <DatabaseWrapper vendor='postgresql' alias='__no_db__'>

    @async_unsafe
    def ensure_connection(self):
        """Guarantee that a connection to the database is established."""
        if self.connection is None:
            if self.in_atomic_block and self.closed_in_transaction:
                raise ProgrammingError(
                    "Cannot open a new connection in an atomic block."
                )
            with self.wrap_database_errors:
>               self.connect()

.venv\Lib\site-packages\django\db\backends\base\base.py:279: 
_ _ _ _ _ _ _ _ _ _ _ _ _ _ _ _ _ _ _ _ _ _ _ _ _ _ _ _ _ _ _ _ _ _ _ _ _ _ _ _
.venv\Lib\site-packages\django\utils\asyncio.py:26: in inner
    return func(*args, **kwargs)
           ^^^^^^^^^^^^^^^^^^^^^
.venv\Lib\site-packages\django\db\backends\base\base.py:256: in connect
    self.connection = self.get_new_connection(conn_params)
                      ^^^^^^^^^^^^^^^^^^^^^^^^^^^^^^^^^^^^
.venv\Lib\site-packages\django\utils\asyncio.py:26: in inner
    return func(*args, **kwargs)
           ^^^^^^^^^^^^^^^^^^^^^
.venv\Lib\site-packages\django\db\backends\postgresql\base.py:345: in get_new_connection
    connection = self.Database.connect(**conn_params)
                 ^^^^^^^^^^^^^^^^^^^^^^^^^^^^^^^^^^^^
_ _ _ _ _ _ _ _ _ _ _ _ _ _ _ _ _ _ _ _ _ _ _ _ _ _ _ _ _ _ _ _ _ _ _ _ _ _ _ _

dsn = 'dbname=postgres sslmode=require channel_binding=require client_encoding=UTF8 user=neondb_owner password=npg_GHWh56pulnor host=ep-holy-star-aznl4z4j-pooler.c-3.ap-southeast-1.aws.neon.tech'
connection_factory = None, cursor_factory = <class 'psycopg2.extensions.cursor'>
kwargs = {'dbname': 'postgres', 'sslmode': 'require', 'channel_binding': 'require', 'client_encoding': 'UTF8', ...}

    def connect(dsn=None, connection_factory=None, cursor_factory=None, **kwargs):
        """
        Create a new database connection.
    
        The connection parameters can be specified as a string:
    
            conn = psycopg2.connect("dbname=test user=postgres password=secret")
    
        or using a set of keyword arguments:
    
            conn = psycopg2.connect(database="test", user="postgres", password="secret")
    
        Or as a mix of both. The basic connection parameters are:
    
        - *dbname*: the database name
        - *database*: the database name (only as keyword argument)
        - *user*: user name used to authenticate
        - *password*: password used to authenticate
        - *host*: database host address (defaults to UNIX socket if not provided)
        - *port*: connection port number (defaults to 5432 if not provided)
    
        Using the *connection_factory* parameter a different class or connections
        factory can be specified. It should be a callable object taking a dsn
        argument.
    
        Using the *cursor_factory* parameter, a new default cursor factory will be
        used by cursor().
    
        Using *async*=True an asynchronous connection will be created. *async_* is
        a valid alias (for Python versions where ``async`` is a keyword).
    
        Any other keyword parameter will be passed to the underlying client
        library: the list of supported parameters depends on the library version.
    
        """
        kwasync = {}
        if 'async' in kwargs:
            kwasync['async'] = kwargs.pop('async')
        if 'async_' in kwargs:
            kwasync['async_'] = kwargs.pop('async_')
    
        dsn = _ext.make_dsn(dsn, **kwargs)
>       conn = _connect(dsn, connection_factory=connection_factory, **kwasync)
               ^^^^^^^^^^^^^^^^^^^^^^^^^^^^^^^^^^^^^^^^^^^^^^^^^^^^^^^^^^^^^^^
E       psycopg2.OperationalError: could not translate host name "ep-holy-star-aznl4z4j-pooler.c-3.ap-southeast-1.aws.neon.tech" to address: Name or service not known

.venv\Lib\site-packages\psycopg2\__init__.py:135: OperationalError

The above exception was the direct cause of the following exception:

self = <DatabaseWrapper vendor='postgresql' alias='default'>

    @contextmanager
    def _nodb_cursor(self):
        cursor = None
        try:
>           with super()._nodb_cursor() as cursor:

.venv\Lib\site-packages\django\db\backends\postgresql\base.py:520: 
_ _ _ _ _ _ _ _ _ _ _ _ _ _ _ _ _ _ _ _ _ _ _ _ _ _ _ _ _ _ _ _ _ _ _ _ _ _ _ _
C:\Users\THAMEEM ANSARI\AppData\Local\Programs\Python\Python312\Lib\contextlib.py:137: in __enter__
    return next(self.gen)
           ^^^^^^^^^^^^^^
.venv\Lib\site-packages\django\db\backends\base\base.py:712: in _nodb_cursor
    with conn.cursor() as cursor:
         ^^^^^^^^^^^^^
.venv\Lib\site-packages\django\utils\asyncio.py:26: in inner
    return func(*args, **kwargs)
           ^^^^^^^^^^^^^^^^^^^^^
.venv\Lib\site-packages\django\db\backends\base\base.py:320: in cursor
    return self._cursor()
           ^^^^^^^^^^^^^^
.venv\Lib\site-packages\django\db\backends\base\base.py:296: in _cursor
    self.ensure_connection()
.venv\Lib\site-packages\django\utils\asyncio.py:26: in inner
    return func(*args, **kwargs)
           ^^^^^^^^^^^^^^^^^^^^^
.venv\Lib\site-packages\django\db\backends\base\base.py:278: in ensure_connection
    with self.wrap_database_errors:
.venv\Lib\site-packages\django\db\utils.py:94: in __exit__
    raise dj_exc_value.with_traceback(traceback) from exc_value
.venv\Lib\site-packages\django\db\backends\base\base.py:279: in ensure_connection
    self.connect()
.venv\Lib\site-packages\django\utils\asyncio.py:26: in inner
    return func(*args, **kwargs)
           ^^^^^^^^^^^^^^^^^^^^^
.venv\Lib\site-packages\django\db\backends\base\base.py:256: in connect
    self.connection = self.get_new_connection(conn_params)
                      ^^^^^^^^^^^^^^^^^^^^^^^^^^^^^^^^^^^^
.venv\Lib\site-packages\django\utils\asyncio.py:26: in inner
    return func(*args, **kwargs)
           ^^^^^^^^^^^^^^^^^^^^^
.venv\Lib\site-packages\django\db\backends\postgresql\base.py:345: in get_new_connection
    connection = self.Database.connect(**conn_params)
                 ^^^^^^^^^^^^^^^^^^^^^^^^^^^^^^^^^^^^
_ _ _ _ _ _ _ _ _ _ _ _ _ _ _ _ _ _ _ _ _ _ _ _ _ _ _ _ _ _ _ _ _ _ _ _ _ _ _ _

dsn = 'dbname=postgres sslmode=require channel_binding=require client_encoding=UTF8 user=neondb_owner password=npg_GHWh56pulnor host=ep-holy-star-aznl4z4j-pooler.c-3.ap-southeast-1.aws.neon.tech'
connection_factory = None, cursor_factory = <class 'psycopg2.extensions.cursor'>
kwargs = {'dbname': 'postgres', 'sslmode': 'require', 'channel_binding': 'require', 'client_encoding': 'UTF8', ...}

    def connect(dsn=None, connection_factory=None, cursor_factory=None, **kwargs):
        """
        Create a new database connection.
    
        The connection parameters can be specified as a string:
    
            conn = psycopg2.connect("dbname=test user=postgres password=secret")
    
        or using a set of keyword arguments:
    
            conn = psycopg2.connect(database="test", user="postgres", password="secret")
    
        Or as a mix of both. The basic connection parameters are:
    
        - *dbname*: the database name
        - *database*: the database name (only as keyword argument)
        - *user*: user name used to authenticate
        - *password*: password used to authenticate
        - *host*: database host address (defaults to UNIX socket if not provided)
        - *port*: connection port number (defaults to 5432 if not provided)
    
        Using the *connection_factory* parameter a different class or connections
        factory can be specified. It should be a callable object taking a dsn
        argument.
    
        Using the *cursor_factory* parameter, a new default cursor factory will be
        used by cursor().
    
        Using *async*=True an asynchronous connection will be created. *async_* is
        a valid alias (for Python versions where ``async`` is a keyword).
    
        Any other keyword parameter will be passed to the underlying client
        library: the list of supported parameters depends on the library version.
    
        """
        kwasync = {}
        if 'async' in kwargs:
            kwasync['async'] = kwargs.pop('async')
        if 'async_' in kwargs:
            kwasync['async_'] = kwargs.pop('async_')
    
        dsn = _ext.make_dsn(dsn, **kwargs)
>       conn = _connect(dsn, connection_factory=connection_factory, **kwasync)
               ^^^^^^^^^^^^^^^^^^^^^^^^^^^^^^^^^^^^^^^^^^^^^^^^^^^^^^^^^^^^^^^
E       django.db.utils.OperationalError: could not translate host name "ep-holy-star-aznl4z4j-pooler.c-3.ap-southeast-1.aws.neon.tech" to address: Name or service not known

.venv\Lib\site-packages\psycopg2\__init__.py:135: OperationalError

During handling of the above exception, another exception occurred:

self = <DatabaseWrapper vendor='postgresql' alias='default'>

    @async_unsafe
    def ensure_connection(self):
        """Guarantee that a connection to the database is established."""
        if self.connection is None:
            if self.in_atomic_block and self.closed_in_transaction:
                raise ProgrammingError(
                    "Cannot open a new connection in an atomic block."
                )
            with self.wrap_database_errors:
>               self.connect()

.venv\Lib\site-packages\django\db\backends\base\base.py:279: 
_ _ _ _ _ _ _ _ _ _ _ _ _ _ _ _ _ _ _ _ _ _ _ _ _ _ _ _ _ _ _ _ _ _ _ _ _ _ _ _
.venv\Lib\site-packages\django\utils\asyncio.py:26: in inner
    return func(*args, **kwargs)
           ^^^^^^^^^^^^^^^^^^^^^
.venv\Lib\site-packages\django\db\backends\base\base.py:256: in connect
    self.connection = self.get_new_connection(conn_params)
                      ^^^^^^^^^^^^^^^^^^^^^^^^^^^^^^^^^^^^
.venv\Lib\site-packages\django\utils\asyncio.py:26: in inner
    return func(*args, **kwargs)
           ^^^^^^^^^^^^^^^^^^^^^
.venv\Lib\site-packages\django\db\backends\postgresql\base.py:345: in get_new_connection
    connection = self.Database.connect(**conn_params)
                 ^^^^^^^^^^^^^^^^^^^^^^^^^^^^^^^^^^^^
_ _ _ _ _ _ _ _ _ _ _ _ _ _ _ _ _ _ _ _ _ _ _ _ _ _ _ _ _ _ _ _ _ _ _ _ _ _ _ _

dsn = 'dbname=neondb sslmode=require channel_binding=require client_encoding=UTF8 user=neondb_owner password=npg_GHWh56pulnor host=ep-holy-star-aznl4z4j-pooler.c-3.ap-southeast-1.aws.neon.tech'
connection_factory = None, cursor_factory = <class 'psycopg2.extensions.cursor'>
kwargs = {'dbname': 'neondb', 'sslmode': 'require', 'channel_binding': 'require', 'client_encoding': 'UTF8', ...}

    def connect(dsn=None, connection_factory=None, cursor_factory=None, **kwargs):
        """
        Create a new database connection.
    
        The connection parameters can be specified as a string:
    
            conn = psycopg2.connect("dbname=test user=postgres password=secret")
    
        or using a set of keyword arguments:
    
            conn = psycopg2.connect(database="test", user="postgres", password="secret")
    
        Or as a mix of both. The basic connection parameters are:
    
        - *dbname*: the database name
        - *database*: the database name (only as keyword argument)
        - *user*: user name used to authenticate
        - *password*: password used to authenticate
        - *host*: database host address (defaults to UNIX socket if not provided)
        - *port*: connection port number (defaults to 5432 if not provided)
    
        Using the *connection_factory* parameter a different class or connections
        factory can be specified. It should be a callable object taking a dsn
        argument.
    
        Using the *cursor_factory* parameter, a new default cursor factory will be
        used by cursor().
    
        Using *async*=True an asynchronous connection will be created. *async_* is
        a valid alias (for Python versions where ``async`` is a keyword).
    
        Any other keyword parameter will be passed to the underlying client
        library: the list of supported parameters depends on the library version.
    
        """
        kwasync = {}
        if 'async' in kwargs:
            kwasync['async'] = kwargs.pop('async')
        if 'async_' in kwargs:
            kwasync['async_'] = kwargs.pop('async_')
    
        dsn = _ext.make_dsn(dsn, **kwargs)
>       conn = _connect(dsn, connection_factory=connection_factory, **kwasync)
               ^^^^^^^^^^^^^^^^^^^^^^^^^^^^^^^^^^^^^^^^^^^^^^^^^^^^^^^^^^^^^^^
E       psycopg2.OperationalError: could not translate host name "ep-holy-star-aznl4z4j-pooler.c-3.ap-southeast-1.aws.neon.tech" to address: Name or service not known

.venv\Lib\site-packages\psycopg2\__init__.py:135: OperationalError

The above exception was the direct cause of the following exception:

request = <SubRequest 'django_db_setup' for <Function test_job_description_str_uses_title>>
django_test_environment = None
django_db_blocker = <pytest_django.plugin.DjangoDbBlocker object at 0x000001816F2DAB40>
django_db_use_migrations = True, django_db_keepdb = True
django_db_createdb = False, django_db_modify_db_settings = None

    @pytest.fixture(scope="session")
    def django_db_setup(  # noqa: PLR0917
        request: pytest.FixtureRequest,
        django_test_environment: None,  # noqa: ARG001
        django_db_blocker: DjangoDbBlocker,
        django_db_use_migrations: bool,
        django_db_keepdb: bool,
        django_db_createdb: bool,
        django_db_modify_db_settings: None,  # noqa: ARG001
    ) -> Generator[None]:
        """Top level fixture to ensure test databases are available"""
        from django.test.utils import setup_databases, teardown_databases
    
        setup_databases_args = {}
    
        if not django_db_use_migrations:
            _disable_migrations()
    
        if django_db_keepdb and not django_db_createdb:
            setup_databases_args["keepdb"] = True
    
        aliases, serialized_aliases = _get_databases_for_setup(request.session.items)
    
        with django_db_blocker.unblock():
>           db_cfg = setup_databases(
                verbosity=request.config.option.verbose,
                interactive=False,
                aliases=aliases,
                serialized_aliases=serialized_aliases,
                **setup_databases_args,
            )

.venv\Lib\site-packages\pytest_django\fixtures.py:186: 
_ _ _ _ _ _ _ _ _ _ _ _ _ _ _ _ _ _ _ _ _ _ _ _ _ _ _ _ _ _ _ _ _ _ _ _ _ _ _ _
.venv\Lib\site-packages\django\test\utils.py:220: in setup_databases
    connection.creation.create_test_db(
.venv\Lib\site-packages\django\db\backends\base\creation.py:75: in create_test_db
    self._create_test_db(verbosity, autoclobber, keepdb)
.venv\Lib\site-packages\django\db\backends\base\creation.py:227: in _create_test_db
    with self._nodb_cursor() as cursor:
C:\Users\THAMEEM ANSARI\AppData\Local\Programs\Python\Python312\Lib\contextlib.py:137: in __enter__
    return next(self.gen)
           ^^^^^^^^^^^^^^
.venv\Lib\site-packages\django\db\backends\postgresql\base.py:546: in _nodb_cursor
    with conn.cursor() as cursor:
         ^^^^^^^^^^^^^
.venv\Lib\site-packages\django\utils\asyncio.py:26: in inner
    return func(*args, **kwargs)
           ^^^^^^^^^^^^^^^^^^^^^
.venv\Lib\site-packages\django\db\backends\base\base.py:320: in cursor
    return self._cursor()
           ^^^^^^^^^^^^^^
.venv\Lib\site-packages\django\db\backends\base\base.py:296: in _cursor
    self.ensure_connection()
.venv\Lib\site-packages\django\utils\asyncio.py:26: in inner
    return func(*args, **kwargs)
           ^^^^^^^^^^^^^^^^^^^^^
.venv\Lib\site-packages\django\db\backends\base\base.py:278: in ensure_connection
    with self.wrap_database_errors:
.venv\Lib\site-packages\django\db\utils.py:94: in __exit__
    raise dj_exc_value.with_traceback(traceback) from exc_value
.venv\Lib\site-packages\django\db\backends\base\base.py:279: in ensure_connection
    self.connect()
.venv\Lib\site-packages\django\utils\asyncio.py:26: in inner
    return func(*args, **kwargs)
           ^^^^^^^^^^^^^^^^^^^^^
.venv\Lib\site-packages\django\db\backends\base\base.py:256: in connect
    self.connection = self.get_new_connection(conn_params)
                      ^^^^^^^^^^^^^^^^^^^^^^^^^^^^^^^^^^^^
.venv\Lib\site-packages\django\utils\asyncio.py:26: in inner
    return func(*args, **kwargs)
           ^^^^^^^^^^^^^^^^^^^^^
.venv\Lib\site-packages\django\db\backends\postgresql\base.py:345: in get_new_connection
    connection = self.Database.connect(**conn_params)
                 ^^^^^^^^^^^^^^^^^^^^^^^^^^^^^^^^^^^^
_ _ _ _ _ _ _ _ _ _ _ _ _ _ _ _ _ _ _ _ _ _ _ _ _ _ _ _ _ _ _ _ _ _ _ _ _ _ _ _

dsn = 'dbname=neondb sslmode=require channel_binding=require client_encoding=UTF8 user=neondb_owner password=npg_GHWh56pulnor host=ep-holy-star-aznl4z4j-pooler.c-3.ap-southeast-1.aws.neon.tech'
connection_factory = None, cursor_factory = <class 'psycopg2.extensions.cursor'>
kwargs = {'dbname': 'neondb', 'sslmode': 'require', 'channel_binding': 'require', 'client_encoding': 'UTF8', ...}

    def connect(dsn=None, connection_factory=None, cursor_factory=None, **kwargs):
        """
        Create a new database connection.
    
        The connection parameters can be specified as a string:
    
            conn = psycopg2.connect("dbname=test user=postgres password=secret")
    
        or using a set of keyword arguments:
    
            conn = psycopg2.connect(database="test", user="postgres", password="secret")
    
        Or as a mix of both. The basic connection parameters are:
    
        - *dbname*: the database name
        - *database*: the database name (only as keyword argument)
        - *user*: user name used to authenticate
        - *password*: password used to authenticate
        - *host*: database host address (defaults to UNIX socket if not provided)
        - *port*: connection port number (defaults to 5432 if not provided)
    
        Using the *connection_factory* parameter a different class or connections
        factory can be specified. It should be a callable object taking a dsn
        argument.
    
        Using the *cursor_factory* parameter, a new default cursor factory will be
        used by cursor().
    
        Using *async*=True an asynchronous connection will be created. *async_* is
        a valid alias (for Python versions where ``async`` is a keyword).
    
        Any other keyword parameter will be passed to the underlying client
        library: the list of supported parameters depends on the library version.
    
        """
        kwasync = {}
        if 'async' in kwargs:
            kwasync['async'] = kwargs.pop('async')
        if 'async_' in kwargs:
            kwasync['async_'] = kwargs.pop('async_')
    
        dsn = _ext.make_dsn(dsn, **kwargs)
>       conn = _connect(dsn, connection_factory=connection_factory, **kwasync)
               ^^^^^^^^^^^^^^^^^^^^^^^^^^^^^^^^^^^^^^^^^^^^^^^^^^^^^^^^^^^^^^^
E       django.db.utils.OperationalError: could not translate host name "ep-holy-star-aznl4z4j-pooler.c-3.ap-southeast-1.aws.neon.tech" to address: Name or service not known

.venv\Lib\site-packages\psycopg2\__init__.py:135: OperationalError
_________ ERROR at setup of test_user_cannot_see_another_users_resume _________

self = <DatabaseWrapper vendor='postgresql' alias='__no_db__'>

    @async_unsafe
    def ensure_connection(self):
        """Guarantee that a connection to the database is established."""
        if self.connection is None:
            if self.in_atomic_block and self.closed_in_transaction:
                raise ProgrammingError(
                    "Cannot open a new connection in an atomic block."
                )
            with self.wrap_database_errors:
>               self.connect()

.venv\Lib\site-packages\django\db\backends\base\base.py:279: 
_ _ _ _ _ _ _ _ _ _ _ _ _ _ _ _ _ _ _ _ _ _ _ _ _ _ _ _ _ _ _ _ _ _ _ _ _ _ _ _
.venv\Lib\site-packages\django\utils\asyncio.py:26: in inner
    return func(*args, **kwargs)
           ^^^^^^^^^^^^^^^^^^^^^
.venv\Lib\site-packages\django\db\backends\base\base.py:256: in connect
    self.connection = self.get_new_connection(conn_params)
                      ^^^^^^^^^^^^^^^^^^^^^^^^^^^^^^^^^^^^
.venv\Lib\site-packages\django\utils\asyncio.py:26: in inner
    return func(*args, **kwargs)
           ^^^^^^^^^^^^^^^^^^^^^
.venv\Lib\site-packages\django\db\backends\postgresql\base.py:345: in get_new_connection
    connection = self.Database.connect(**conn_params)
                 ^^^^^^^^^^^^^^^^^^^^^^^^^^^^^^^^^^^^
_ _ _ _ _ _ _ _ _ _ _ _ _ _ _ _ _ _ _ _ _ _ _ _ _ _ _ _ _ _ _ _ _ _ _ _ _ _ _ _

dsn = 'dbname=postgres sslmode=require channel_binding=require client_encoding=UTF8 user=neondb_owner password=npg_GHWh56pulnor host=ep-holy-star-aznl4z4j-pooler.c-3.ap-southeast-1.aws.neon.tech'
connection_factory = None, cursor_factory = <class 'psycopg2.extensions.cursor'>
kwargs = {'dbname': 'postgres', 'sslmode': 'require', 'channel_binding': 'require', 'client_encoding': 'UTF8', ...}

    def connect(dsn=None, connection_factory=None, cursor_factory=None, **kwargs):
        """
        Create a new database connection.
    
        The connection parameters can be specified as a string:
    
            conn = psycopg2.connect("dbname=test user=postgres password=secret")
    
        or using a set of keyword arguments:
    
            conn = psycopg2.connect(database="test", user="postgres", password="secret")
    
        Or as a mix of both. The basic connection parameters are:
    
        - *dbname*: the database name
        - *database*: the database name (only as keyword argument)
        - *user*: user name used to authenticate
        - *password*: password used to authenticate
        - *host*: database host address (defaults to UNIX socket if not provided)
        - *port*: connection port number (defaults to 5432 if not provided)
    
        Using the *connection_factory* parameter a different class or connections
        factory can be specified. It should be a callable object taking a dsn
        argument.
    
        Using the *cursor_factory* parameter, a new default cursor factory will be
        used by cursor().
    
        Using *async*=True an asynchronous connection will be created. *async_* is
        a valid alias (for Python versions where ``async`` is a keyword).
    
        Any other keyword parameter will be passed to the underlying client
        library: the list of supported parameters depends on the library version.
    
        """
        kwasync = {}
        if 'async' in kwargs:
            kwasync['async'] = kwargs.pop('async')
        if 'async_' in kwargs:
            kwasync['async_'] = kwargs.pop('async_')
    
        dsn = _ext.make_dsn(dsn, **kwargs)
>       conn = _connect(dsn, connection_factory=connection_factory, **kwasync)
               ^^^^^^^^^^^^^^^^^^^^^^^^^^^^^^^^^^^^^^^^^^^^^^^^^^^^^^^^^^^^^^^
E       psycopg2.OperationalError: could not translate host name "ep-holy-star-aznl4z4j-pooler.c-3.ap-southeast-1.aws.neon.tech" to address: Name or service not known

.venv\Lib\site-packages\psycopg2\__init__.py:135: OperationalError

The above exception was the direct cause of the following exception:

self = <DatabaseWrapper vendor='postgresql' alias='default'>

    @contextmanager
    def _nodb_cursor(self):
        cursor = None
        try:
>           with super()._nodb_cursor() as cursor:

.venv\Lib\site-packages\django\db\backends\postgresql\base.py:520: 
_ _ _ _ _ _ _ _ _ _ _ _ _ _ _ _ _ _ _ _ _ _ _ _ _ _ _ _ _ _ _ _ _ _ _ _ _ _ _ _
C:\Users\THAMEEM ANSARI\AppData\Local\Programs\Python\Python312\Lib\contextlib.py:137: in __enter__
    return next(self.gen)
           ^^^^^^^^^^^^^^
.venv\Lib\site-packages\django\db\backends\base\base.py:712: in _nodb_cursor
    with conn.cursor() as cursor:
         ^^^^^^^^^^^^^
.venv\Lib\site-packages\django\utils\asyncio.py:26: in inner
    return func(*args, **kwargs)
           ^^^^^^^^^^^^^^^^^^^^^
.venv\Lib\site-packages\django\db\backends\base\base.py:320: in cursor
    return self._cursor()
           ^^^^^^^^^^^^^^
.venv\Lib\site-packages\django\db\backends\base\base.py:296: in _cursor
    self.ensure_connection()
.venv\Lib\site-packages\django\utils\asyncio.py:26: in inner
    return func(*args, **kwargs)
           ^^^^^^^^^^^^^^^^^^^^^
.venv\Lib\site-packages\django\db\backends\base\base.py:278: in ensure_connection
    with self.wrap_database_errors:
.venv\Lib\site-packages\django\db\utils.py:94: in __exit__
    raise dj_exc_value.with_traceback(traceback) from exc_value
.venv\Lib\site-packages\django\db\backends\base\base.py:279: in ensure_connection
    self.connect()
.venv\Lib\site-packages\django\utils\asyncio.py:26: in inner
    return func(*args, **kwargs)
           ^^^^^^^^^^^^^^^^^^^^^
.venv\Lib\site-packages\django\db\backends\base\base.py:256: in connect
    self.connection = self.get_new_connection(conn_params)
                      ^^^^^^^^^^^^^^^^^^^^^^^^^^^^^^^^^^^^
.venv\Lib\site-packages\django\utils\asyncio.py:26: in inner
    return func(*args, **kwargs)
           ^^^^^^^^^^^^^^^^^^^^^
.venv\Lib\site-packages\django\db\backends\postgresql\base.py:345: in get_new_connection
    connection = self.Database.connect(**conn_params)
                 ^^^^^^^^^^^^^^^^^^^^^^^^^^^^^^^^^^^^
_ _ _ _ _ _ _ _ _ _ _ _ _ _ _ _ _ _ _ _ _ _ _ _ _ _ _ _ _ _ _ _ _ _ _ _ _ _ _ _

dsn = 'dbname=postgres sslmode=require channel_binding=require client_encoding=UTF8 user=neondb_owner password=npg_GHWh56pulnor host=ep-holy-star-aznl4z4j-pooler.c-3.ap-southeast-1.aws.neon.tech'
connection_factory = None, cursor_factory = <class 'psycopg2.extensions.cursor'>
kwargs = {'dbname': 'postgres', 'sslmode': 'require', 'channel_binding': 'require', 'client_encoding': 'UTF8', ...}

    def connect(dsn=None, connection_factory=None, cursor_factory=None, **kwargs):
        """
        Create a new database connection.
    
        The connection parameters can be specified as a string:
    
            conn = psycopg2.connect("dbname=test user=postgres password=secret")
    
        or using a set of keyword arguments:
    
            conn = psycopg2.connect(database="test", user="postgres", password="secret")
    
        Or as a mix of both. The basic connection parameters are:
    
        - *dbname*: the database name
        - *database*: the database name (only as keyword argument)
        - *user*: user name used to authenticate
        - *password*: password used to authenticate
        - *host*: database host address (defaults to UNIX socket if not provided)
        - *port*: connection port number (defaults to 5432 if not provided)
    
        Using the *connection_factory* parameter a different class or connections
        factory can be specified. It should be a callable object taking a dsn
        argument.
    
        Using the *cursor_factory* parameter, a new default cursor factory will be
        used by cursor().
    
        Using *async*=True an asynchronous connection will be created. *async_* is
        a valid alias (for Python versions where ``async`` is a keyword).
    
        Any other keyword parameter will be passed to the underlying client
        library: the list of supported parameters depends on the library version.
    
        """
        kwasync = {}
        if 'async' in kwargs:
            kwasync['async'] = kwargs.pop('async')
        if 'async_' in kwargs:
            kwasync['async_'] = kwargs.pop('async_')
    
        dsn = _ext.make_dsn(dsn, **kwargs)
>       conn = _connect(dsn, connection_factory=connection_factory, **kwasync)
               ^^^^^^^^^^^^^^^^^^^^^^^^^^^^^^^^^^^^^^^^^^^^^^^^^^^^^^^^^^^^^^^
E       django.db.utils.OperationalError: could not translate host name "ep-holy-star-aznl4z4j-pooler.c-3.ap-southeast-1.aws.neon.tech" to address: Name or service not known

.venv\Lib\site-packages\psycopg2\__init__.py:135: OperationalError

During handling of the above exception, another exception occurred:

self = <DatabaseWrapper vendor='postgresql' alias='default'>

    @async_unsafe
    def ensure_connection(self):
        """Guarantee that a connection to the database is established."""
        if self.connection is None:
            if self.in_atomic_block and self.closed_in_transaction:
                raise ProgrammingError(
                    "Cannot open a new connection in an atomic block."
                )
            with self.wrap_database_errors:
>               self.connect()

.venv\Lib\site-packages\django\db\backends\base\base.py:279: 
_ _ _ _ _ _ _ _ _ _ _ _ _ _ _ _ _ _ _ _ _ _ _ _ _ _ _ _ _ _ _ _ _ _ _ _ _ _ _ _
.venv\Lib\site-packages\django\utils\asyncio.py:26: in inner
    return func(*args, **kwargs)
           ^^^^^^^^^^^^^^^^^^^^^
.venv\Lib\site-packages\django\db\backends\base\base.py:256: in connect
    self.connection = self.get_new_connection(conn_params)
                      ^^^^^^^^^^^^^^^^^^^^^^^^^^^^^^^^^^^^
.venv\Lib\site-packages\django\utils\asyncio.py:26: in inner
    return func(*args, **kwargs)
           ^^^^^^^^^^^^^^^^^^^^^
.venv\Lib\site-packages\django\db\backends\postgresql\base.py:345: in get_new_connection
    connection = self.Database.connect(**conn_params)
                 ^^^^^^^^^^^^^^^^^^^^^^^^^^^^^^^^^^^^
_ _ _ _ _ _ _ _ _ _ _ _ _ _ _ _ _ _ _ _ _ _ _ _ _ _ _ _ _ _ _ _ _ _ _ _ _ _ _ _

dsn = 'dbname=neondb sslmode=require channel_binding=require client_encoding=UTF8 user=neondb_owner password=npg_GHWh56pulnor host=ep-holy-star-aznl4z4j-pooler.c-3.ap-southeast-1.aws.neon.tech'
connection_factory = None, cursor_factory = <class 'psycopg2.extensions.cursor'>
kwargs = {'dbname': 'neondb', 'sslmode': 'require', 'channel_binding': 'require', 'client_encoding': 'UTF8', ...}

    def connect(dsn=None, connection_factory=None, cursor_factory=None, **kwargs):
        """
        Create a new database connection.
    
        The connection parameters can be specified as a string:
    
            conn = psycopg2.connect("dbname=test user=postgres password=secret")
    
        or using a set of keyword arguments:
    
            conn = psycopg2.connect(database="test", user="postgres", password="secret")
    
        Or as a mix of both. The basic connection parameters are:
    
        - *dbname*: the database name
        - *database*: the database name (only as keyword argument)
        - *user*: user name used to authenticate
        - *password*: password used to authenticate
        - *host*: database host address (defaults to UNIX socket if not provided)
        - *port*: connection port number (defaults to 5432 if not provided)
    
        Using the *connection_factory* parameter a different class or connections
        factory can be specified. It should be a callable object taking a dsn
        argument.
    
        Using the *cursor_factory* parameter, a new default cursor factory will be
        used by cursor().
    
        Using *async*=True an asynchronous connection will be created. *async_* is
        a valid alias (for Python versions where ``async`` is a keyword).
    
        Any other keyword parameter will be passed to the underlying client
        library: the list of supported parameters depends on the library version.
    
        """
        kwasync = {}
        if 'async' in kwargs:
            kwasync['async'] = kwargs.pop('async')
        if 'async_' in kwargs:
            kwasync['async_'] = kwargs.pop('async_')
    
        dsn = _ext.make_dsn(dsn, **kwargs)
>       conn = _connect(dsn, connection_factory=connection_factory, **kwasync)
               ^^^^^^^^^^^^^^^^^^^^^^^^^^^^^^^^^^^^^^^^^^^^^^^^^^^^^^^^^^^^^^^
E       psycopg2.OperationalError: could not translate host name "ep-holy-star-aznl4z4j-pooler.c-3.ap-southeast-1.aws.neon.tech" to address: Name or service not known

.venv\Lib\site-packages\psycopg2\__init__.py:135: OperationalError

The above exception was the direct cause of the following exception:

request = <SubRequest 'django_db_setup' for <Function test_job_description_str_uses_title>>
django_test_environment = None
django_db_blocker = <pytest_django.plugin.DjangoDbBlocker object at 0x000001816F2DAB40>
django_db_use_migrations = True, django_db_keepdb = True
django_db_createdb = False, django_db_modify_db_settings = None

    @pytest.fixture(scope="session")
    def django_db_setup(  # noqa: PLR0917
        request: pytest.FixtureRequest,
        django_test_environment: None,  # noqa: ARG001
        django_db_blocker: DjangoDbBlocker,
        django_db_use_migrations: bool,
        django_db_keepdb: bool,
        django_db_createdb: bool,
        django_db_modify_db_settings: None,  # noqa: ARG001
    ) -> Generator[None]:
        """Top level fixture to ensure test databases are available"""
        from django.test.utils import setup_databases, teardown_databases
    
        setup_databases_args = {}
    
        if not django_db_use_migrations:
            _disable_migrations()
    
        if django_db_keepdb and not django_db_createdb:
            setup_databases_args["keepdb"] = True
    
        aliases, serialized_aliases = _get_databases_for_setup(request.session.items)
    
        with django_db_blocker.unblock():
>           db_cfg = setup_databases(
                verbosity=request.config.option.verbose,
                interactive=False,
                aliases=aliases,
                serialized_aliases=serialized_aliases,
                **setup_databases_args,
            )

.venv\Lib\site-packages\pytest_django\fixtures.py:186: 
_ _ _ _ _ _ _ _ _ _ _ _ _ _ _ _ _ _ _ _ _ _ _ _ _ _ _ _ _ _ _ _ _ _ _ _ _ _ _ _
.venv\Lib\site-packages\django\test\utils.py:220: in setup_databases
    connection.creation.create_test_db(
.venv\Lib\site-packages\django\db\backends\base\creation.py:75: in create_test_db
    self._create_test_db(verbosity, autoclobber, keepdb)
.venv\Lib\site-packages\django\db\backends\base\creation.py:227: in _create_test_db
    with self._nodb_cursor() as cursor:
C:\Users\THAMEEM ANSARI\AppData\Local\Programs\Python\Python312\Lib\contextlib.py:137: in __enter__
    return next(self.gen)
           ^^^^^^^^^^^^^^
.venv\Lib\site-packages\django\db\backends\postgresql\base.py:546: in _nodb_cursor
    with conn.cursor() as cursor:
         ^^^^^^^^^^^^^
.venv\Lib\site-packages\django\utils\asyncio.py:26: in inner
    return func(*args, **kwargs)
           ^^^^^^^^^^^^^^^^^^^^^
.venv\Lib\site-packages\django\db\backends\base\base.py:320: in cursor
    return self._cursor()
           ^^^^^^^^^^^^^^
.venv\Lib\site-packages\django\db\backends\base\base.py:296: in _cursor
    self.ensure_connection()
.venv\Lib\site-packages\django\utils\asyncio.py:26: in inner
    return func(*args, **kwargs)
           ^^^^^^^^^^^^^^^^^^^^^
.venv\Lib\site-packages\django\db\backends\base\base.py:278: in ensure_connection
    with self.wrap_database_errors:
.venv\Lib\site-packages\django\db\utils.py:94: in __exit__
    raise dj_exc_value.with_traceback(traceback) from exc_value
.venv\Lib\site-packages\django\db\backends\base\base.py:279: in ensure_connection
    self.connect()
.venv\Lib\site-packages\django\utils\asyncio.py:26: in inner
    return func(*args, **kwargs)
           ^^^^^^^^^^^^^^^^^^^^^
.venv\Lib\site-packages\django\db\backends\base\base.py:256: in connect
    self.connection = self.get_new_connection(conn_params)
                      ^^^^^^^^^^^^^^^^^^^^^^^^^^^^^^^^^^^^
.venv\Lib\site-packages\django\utils\asyncio.py:26: in inner
    return func(*args, **kwargs)
           ^^^^^^^^^^^^^^^^^^^^^
.venv\Lib\site-packages\django\db\backends\postgresql\base.py:345: in get_new_connection
    connection = self.Database.connect(**conn_params)
                 ^^^^^^^^^^^^^^^^^^^^^^^^^^^^^^^^^^^^
_ _ _ _ _ _ _ _ _ _ _ _ _ _ _ _ _ _ _ _ _ _ _ _ _ _ _ _ _ _ _ _ _ _ _ _ _ _ _ _

dsn = 'dbname=neondb sslmode=require channel_binding=require client_encoding=UTF8 user=neondb_owner password=npg_GHWh56pulnor host=ep-holy-star-aznl4z4j-pooler.c-3.ap-southeast-1.aws.neon.tech'
connection_factory = None, cursor_factory = <class 'psycopg2.extensions.cursor'>
kwargs = {'dbname': 'neondb', 'sslmode': 'require', 'channel_binding': 'require', 'client_encoding': 'UTF8', ...}

    def connect(dsn=None, connection_factory=None, cursor_factory=None, **kwargs):
        """
        Create a new database connection.
    
        The connection parameters can be specified as a string:
    
            conn = psycopg2.connect("dbname=test user=postgres password=secret")
    
        or using a set of keyword arguments:
    
            conn = psycopg2.connect(database="test", user="postgres", password="secret")
    
        Or as a mix of both. The basic connection parameters are:
    
        - *dbname*: the database name
        - *database*: the database name (only as keyword argument)
        - *user*: user name used to authenticate
        - *password*: password used to authenticate
        - *host*: database host address (defaults to UNIX socket if not provided)
        - *port*: connection port number (defaults to 5432 if not provided)
    
        Using the *connection_factory* parameter a different class or connections
        factory can be specified. It should be a callable object taking a dsn
        argument.
    
        Using the *cursor_factory* parameter, a new default cursor factory will be
        used by cursor().
    
        Using *async*=True an asynchronous connection will be created. *async_* is
        a valid alias (for Python versions where ``async`` is a keyword).
    
        Any other keyword parameter will be passed to the underlying client
        library: the list of supported parameters depends on the library version.
    
        """
        kwasync = {}
        if 'async' in kwargs:
            kwasync['async'] = kwargs.pop('async')
        if 'async_' in kwargs:
            kwasync['async_'] = kwargs.pop('async_')
    
        dsn = _ext.make_dsn(dsn, **kwargs)
>       conn = _connect(dsn, connection_factory=connection_factory, **kwasync)
               ^^^^^^^^^^^^^^^^^^^^^^^^^^^^^^^^^^^^^^^^^^^^^^^^^^^^^^^^^^^^^^^
E       django.db.utils.OperationalError: could not translate host name "ep-holy-star-aznl4z4j-pooler.c-3.ap-southeast-1.aws.neon.tech" to address: Name or service not known

.venv\Lib\site-packages\psycopg2\__init__.py:135: OperationalError
============================== warnings summary ===============================
resumes/tests/test_models.py::test_job_description_str_uses_title
  C:\resume-analyzer\.venv\Lib\site-packages\django\db\backends\postgresql\base.py:525: RuntimeWarning: Normally Django will use a connection to the 'postgres' database to avoid running initialization queries against the production database when it's not needed (for example, when running tests). Django was unable to create a connection to the 'postgres' database and will use the first PostgreSQL database instead.
    warnings.warn(

-- Docs: https://docs.pytest.org/en/stable/how-to/capture-warnings.html
=========================== short test summary info ===========================
ERROR resumes/tests/test_models.py::test_job_description_str_uses_title - dja...
ERROR resumes/tests/test_models.py::test_analysis_default_status_is_pending
ERROR resumes/tests/test_models.py::test_analysis_missing_keywords_defaults_to_empty_list
ERROR resumes/tests/test_views.py::test_register_creates_user_and_returns_token
ERROR resumes/tests/test_views.py::test_register_duplicate_username_fails - d...
ERROR resumes/tests/test_views.py::test_login_with_correct_credentials_returns_token
ERROR resumes/tests/test_views.py::test_login_with_wrong_password_fails - dja...
ERROR resumes/tests/test_views.py::test_resume_upload_requires_authentication
ERROR resumes/tests/test_views.py::test_resume_upload_extracts_text - django....
ERROR resumes/tests/test_views.py::test_analysis_full_flow - django.db.utils....
ERROR resumes/tests/test_views.py::test_user_cannot_see_another_users_resume
=================== 6 passed, 1 warning, 11 errors in 2.84s ===================
